'Taeyoung.Methods.RootedSOS.CompactS4.sum_five_squares' depends on axioms: [propext, Classical.choice, Quot.sound]
Taeyoung\Methods\RootedSOS\CompactS4\FlatBlocks.lean:32:8: error(lean.unknownIdentifier): Unknown identifier `liftIO`
Taeyoung\Methods\RootedSOS\CompactS4\FlatBlocks.lean:45:75: error: omega could not prove the goal:
a possible counterexample may satisfy the constraints
  0 ≤ e ≤ 5819
  0 ≤ c - 32*d ≤ 31
  -31 ≤ 32*c - e ≤ 0
  0 ≤ b ≤ 31
  b - c + 32*d ≥ 1
  0 ≤ a ≤ 1023
where
 a := ↑↑(blockIndex0 i j)
 b := ↑↑i
 c := ↑(↑(Fin.castLE ⋯
          ({ toFun := fun x => ⟨↑x.2 + 32 * ↑x.1, ⋯⟩, invFun := fun x => (x.divNat, x.modNat), left_inv := ⋯,
              right_inv := ⋯ }
            (i, j))) -
      0) /
  32
 d := ↑((↑(Fin.castLE ⋯
            ({ toFun := fun x => ⟨↑x.2 + 32 * ↑x.1, ⋯⟩, invFun := fun x => (x.divNat, x.modNat), left_inv := ⋯,
                right_inv := ⋯ }
              (i, j))) -
        0) /
      32) /
  32
 e := ↑↑(Fin.castLE ⋯
      ({ toFun := fun x => ⟨↑x.2 + 32 * ↑x.1, ⋯⟩, invFun := fun x => (x.divNat, x.modNat), left_inv := ⋯,
          right_inv := ⋯ }
        (i, j)))
Taeyoung\Methods\RootedSOS\CompactS4\FlatBlocks.lean:45:75: error: omega could not prove the goal:
a possible counterexample may satisfy the constraints
  0 ≤ d ≤ 5819
  -31 ≤ 32*c - d ≤ 0
  0 ≤ b ≤ 31
  b + 32*c - d ≥ 1
  0 ≤ a ≤ 1023
where
 a := ↑↑(blockIndex0 i j)
 b := ↑↑j
 c := ↑(↑(Fin.castLE ⋯
          ({ toFun := fun x => ⟨↑x.2 + 32 * ↑x.1, ⋯⟩, invFun := fun x => (x.divNat, x.modNat), left_inv := ⋯,
              right_inv := ⋯ }
            (i, j))) -
      0) /
  32
 d := ↑↑(Fin.castLE ⋯
      ({ toFun := fun x => ⟨↑x.2 + 32 * ↑x.1, ⋯⟩, invFun := fun x => (x.divNat, x.modNat), left_inv := ⋯,
          right_inv := ⋯ }
        (i, j)))
'Taeyoung.Methods.RootedSOS.CompactS4.blockCode0' depends on axioms: [propext, sorryAx, Classical.choice, Quot.sound]
Taeyoung\Methods\RootedSOS\CompactS4\FlatBlocks.lean:48:8: error(lean.unknownIdentifier): Unknown identifier `liftIO`
Taeyoung\Methods\RootedSOS\CompactS4\FlatBlocks.lean:65:75: error: omega could not prove the goal:
a possible counterexample may satisfy the constraints
  0 ≤ e ≤ 4795
  0 ≤ c - 52*d ≤ 51
  -51 ≤ 52*c - e ≤ 0
  0 ≤ b ≤ 51
  b - c + 52*d ≥ 1
  1024 ≤ a ≤ 3727
where
 a := ↑↑(blockIndex1 i j)
 b := ↑↑i
 c := ↑(1024 +
        ↑(Fin.castLE ⋯
            ({ toFun := fun x => ⟨↑x.2 + 52 * ↑x.1, ⋯⟩, invFun := fun x => (x.divNat, x.modNat), left_inv := ⋯,
                right_inv := ⋯ }
              (i, j))) -
      1024) /
  52
 d := ↑((1024 +
          ↑(Fin.castLE ⋯
              ({ toFun := fun x => ⟨↑x.2 + 52 * ↑x.1, ⋯⟩, invFun := fun x => (x.divNat, x.modNat), left_inv := ⋯,
                  right_inv := ⋯ }
                (i, j))) -
        1024) /
      52) /
  52
 e := ↑↑(Fin.castLE ⋯
      ({ toFun := fun x => ⟨↑x.2 + 52 * ↑x.1, ⋯⟩, invFun := fun x => (x.divNat, x.modNat), left_inv := ⋯,
          right_inv := ⋯ }
        (i, j)))
Taeyoung\Methods\RootedSOS\CompactS4\FlatBlocks.lean:65:75: error: omega could not prove the goal:
a possible counterexample may satisfy the constraints
  0 ≤ d ≤ 4795
  -51 ≤ 52*c - d ≤ 0
  0 ≤ b ≤ 51
  b + 52*c - d ≥ 1
  1024 ≤ a ≤ 3727
where
 a := ↑↑(blockIndex1 i j)
 b := ↑↑j
 c := ↑(1024 +
        ↑(Fin.castLE ⋯
            ({ toFun := fun x => ⟨↑x.2 + 52 * ↑x.1, ⋯⟩, invFun := fun x => (x.divNat, x.modNat), left_inv := ⋯,
                right_inv := ⋯ }
              (i, j))) -
      1024) /
  52
 d := ↑↑(Fin.castLE ⋯
      ({ toFun := fun x => ⟨↑x.2 + 52 * ↑x.1, ⋯⟩, invFun := fun x => (x.divNat, x.modNat), left_inv := ⋯,
          right_inv := ⋯ }
        (i, j)))
'Taeyoung.Methods.RootedSOS.CompactS4.blockCode1' depends on axioms: [propext, sorryAx, Classical.choice, Quot.sound]
Taeyoung\Methods\RootedSOS\CompactS4\FlatBlocks.lean:68:8: error(lean.unknownIdentifier): Unknown identifier `liftIO`
Taeyoung\Methods\RootedSOS\CompactS4\FlatBlocks.lean:85:75: error: omega could not prove the goal:
a possible counterexample may satisfy the constraints
  0 ≤ e ≤ 2091
  0 ≤ c - 34*d ≤ 33
  -33 ≤ 34*c - e ≤ 0
  0 ≤ b ≤ 33
  b - c + 34*d ≥ 1
  3728 ≤ a ≤ 4883
where
 a := ↑↑(blockIndex2 i j)
 b := ↑↑i
 c := ↑(1024 +
        (2704 +
          ↑(Fin.castLE ⋯
              ({ toFun := fun x => ⟨↑x.2 + 34 * ↑x.1, ⋯⟩, invFun := fun x => (x.divNat, x.modNat), left_inv := ⋯,
                  right_inv := ⋯ }
                (i, j)))) -
      3728) /
  34
 d := ↑((1024 +
          (2704 +
            ↑(Fin.castLE ⋯
                ({ toFun := fun x => ⟨↑x.2 + 34 * ↑x.1, ⋯⟩, invFun := fun x => (x.divNat, x.modNat), left_inv := ⋯,
                    right_inv := ⋯ }
                  (i, j)))) -
        3728) /
      34) /
  34
 e := ↑↑(Fin.castLE ⋯
      ({ toFun := fun x => ⟨↑x.2 + 34 * ↑x.1, ⋯⟩, invFun := fun x => (x.divNat, x.modNat), left_inv := ⋯,
          right_inv := ⋯ }
        (i, j)))
Taeyoung\Methods\RootedSOS\CompactS4\FlatBlocks.lean:85:75: error: omega could not prove the goal:
a possible counterexample may satisfy the constraints
  0 ≤ d ≤ 2091
  -33 ≤ 34*c - d ≤ 0
  0 ≤ b ≤ 33
  b + 34*c - d ≥ 1
  3728 ≤ a ≤ 4883
where
 a := ↑↑(blockIndex2 i j)
 b := ↑↑j
 c := ↑(1024 +
        (2704 +
          ↑(Fin.castLE ⋯
              ({ toFun := fun x => ⟨↑x.2 + 34 * ↑x.1, ⋯⟩, invFun := fun x => (x.divNat, x.modNat), left_inv := ⋯,
                  right_inv := ⋯ }
                (i, j)))) -
      3728) /
  34
 d := ↑↑(Fin.castLE ⋯
      ({ toFun := fun x => ⟨↑x.2 + 34 * ↑x.1, ⋯⟩, invFun := fun x => (x.divNat, x.modNat), left_inv := ⋯,
          right_inv := ⋯ }
        (i, j)))
'Taeyoung.Methods.RootedSOS.CompactS4.blockCode2' depends on axioms: [propext, sorryAx, Classical.choice, Quot.sound]
Taeyoung\Methods\RootedSOS\CompactS4\FlatBlocks.lean:88:8: error(lean.unknownIdentifier): Unknown identifier `liftIO`
Taeyoung\Methods\RootedSOS\CompactS4\FlatBlocks.lean:105:75: error: omega could not prove the goal:
a possible counterexample may satisfy the constraints
  0 ≤ e ≤ 935
  0 ≤ c - 30*d ≤ 29
  -29 ≤ 30*c - e ≤ 0
  0 ≤ b ≤ 29
  b - c + 30*d ≥ 1
  4884 ≤ a ≤ 5783
where
 a := ↑↑(blockIndex3 i j)
 b := ↑↑i
 c := ↑(1024 +
        (2704 +
          (1156 +
            ↑(Fin.castLE ⋯
                ({ toFun := fun x => ⟨↑x.2 + 30 * ↑x.1, ⋯⟩, invFun := fun x => (x.divNat, x.modNat), left_inv := ⋯,
                    right_inv := ⋯ }
                  (i, j))))) -
      4884) /
  30
 d := ↑((1024 +
          (2704 +
            (1156 +
              ↑(Fin.castLE ⋯
                  ({ toFun := fun x => ⟨↑x.2 + 30 * ↑x.1, ⋯⟩, invFun := fun x => (x.divNat, x.modNat), left_inv := ⋯,
                      right_inv := ⋯ }
                    (i, j))))) -
        4884) /
      30) /
  30
 e := ↑↑(Fin.castLE ⋯
      ({ toFun := fun x => ⟨↑x.2 + 30 * ↑x.1, ⋯⟩, invFun := fun x => (x.divNat, x.modNat), left_inv := ⋯,
          right_inv := ⋯ }
        (i, j)))
Taeyoung\Methods\RootedSOS\CompactS4\FlatBlocks.lean:105:75: error: omega could not prove the goal:
a possible counterexample may satisfy the constraints
  0 ≤ d ≤ 935
  -29 ≤ 30*c - d ≤ 0
  0 ≤ b ≤ 29
  b + 30*c - d ≥ 1
  4884 ≤ a ≤ 5783
where
 a := ↑↑(blockIndex3 i j)
 b := ↑↑j
 c := ↑(1024 +
        (2704 +
          (1156 +
            ↑(Fin.castLE ⋯
                ({ toFun := fun x => ⟨↑x.2 + 30 * ↑x.1, ⋯⟩, invFun := fun x => (x.divNat, x.modNat), left_inv := ⋯,
                    right_inv := ⋯ }
                  (i, j))))) -
      4884) /
  30
 d := ↑↑(Fin.castLE ⋯
      ({ toFun := fun x => ⟨↑x.2 + 30 * ↑x.1, ⋯⟩, invFun := fun x => (x.divNat, x.modNat), left_inv := ⋯,
          right_inv := ⋯ }
        (i, j)))
'Taeyoung.Methods.RootedSOS.CompactS4.blockCode3' depends on axioms: [propext, sorryAx, Classical.choice, Quot.sound]
Taeyoung\Methods\RootedSOS\CompactS4\FlatBlocks.lean:108:8: error(lean.unknownIdentifier): Unknown identifier `liftIO`
Taeyoung\Methods\RootedSOS\CompactS4\FlatBlocks.lean:125:75: error: omega could not prove the goal:
a possible counterexample may satisfy the constraints
  0 ≤ e ≤ 35
  0 ≤ c - 6*d ≤ 5
  -5 ≤ 6*c - e ≤ 0
  0 ≤ b ≤ 5
  b - c + 6*d ≥ 1
  5784 ≤ a ≤ 5819
where
 a := ↑↑(blockIndex4 i j)
 b := ↑↑i
 c := ↑(1024 +
        (2704 +
          (1156 +
            (900 +
              ↑({ toFun := fun x => ⟨↑x.2 + 6 * ↑x.1, ⋯⟩, invFun := fun x => (x.divNat, x.modNat), left_inv := ⋯,
                    right_inv := ⋯ }
                  (i, j))))) -
      5784) /
  6
 d := ↑((1024 +
          (2704 +
            (1156 +
              (900 +
                ↑({ toFun := fun x => ⟨↑x.2 + 6 * ↑x.1, ⋯⟩, invFun := fun x => (x.divNat, x.modNat), left_inv := ⋯,
                      right_inv := ⋯ }
                    (i, j))))) -
        5784) /
      6) /
  6
 e := ↑↑({ toFun := fun x => ⟨↑x.2 + 6 * ↑x.1, ⋯⟩, invFun := fun x => (x.divNat, x.modNat), left_inv := ⋯,
        right_inv := ⋯ }
      (i, j))
Taeyoung\Methods\RootedSOS\CompactS4\FlatBlocks.lean:125:75: error: omega could not prove the goal:
a possible counterexample may satisfy the constraints
  0 ≤ d ≤ 35
  -5 ≤ 6*c - d ≤ 0
  0 ≤ b ≤ 5
  b + 6*c - d ≥ 1
  5784 ≤ a ≤ 5819
where
 a := ↑↑(blockIndex4 i j)
 b := ↑↑j
 c := ↑(1024 +
        (2704 +
          (1156 +
            (900 +
              ↑({ toFun := fun x => ⟨↑x.2 + 6 * ↑x.1, ⋯⟩, invFun := fun x => (x.divNat, x.modNat), left_inv := ⋯,
                    right_inv := ⋯ }
                  (i, j))))) -
      5784) /
  6
 d := ↑↑({ toFun := fun x => ⟨↑x.2 + 6 * ↑x.1, ⋯⟩, invFun := fun x => (x.divNat, x.modNat), left_inv := ⋯,
        right_inv := ⋯ }
      (i, j))
'Taeyoung.Methods.RootedSOS.CompactS4.blockCode4' depends on axioms: [propext, sorryAx, Classical.choice, Quot.sound]
Taeyoung\Methods\RootedSOS\CompactS4\FlatBlocks.lean:128:8: error(lean.unknownIdentifier): Unknown identifier `liftIO`
'Taeyoung.Methods.RootedSOS.CompactS4.sum_five_blocks' depends on axioms: [propext, Classical.choice, Quot.sound]
