integer face bases [(64, 46, 12), (104, 93, 12), (68, 58, 6), (60, 59, 2), (12, 12, 1), (32, 20, 4), (52, 44, 8), (34, 27, 7), (30, 29, 2), (6, 6, 1)]
S4 slice 4: source=90 multiplicity=90
S4 slice 31: source=240 multiplicity=150
S4 slice 22: source=336 multiplicity=96
S4 slice 211: source=352 multiplicity=90
S4 slice 1111: source=112 multiplicity=22
Young slice 4: rows=24 columns=1 multiplicity=32 maxabs=24
Young slice 31: rows=6 columns=2 multiplicity=52 maxabs=6
Young slice 22: rows=4 columns=4 multiplicity=34 maxabs=8
Young slice 211: rows=2 columns=6 multiplicity=30 maxabs=2
Young slice 1111: rows=1 columns=24 multiplicity=6 maxabs=2
equations reconstructed 407 4.53
small coefficient matrix 407 11045 max 4349952 seconds 7.25
approximate minimum eigenvalues [1.4858613435013985e-09, 1.0794705260569877e-08, 4.4965219007330845e-08, 2.4683613403896554e-06, 7.410825836419927e-06, 5.276399957317483e-08, 9.320359206982988e-08, 1.4806302808017907e-07, 8.124223943806686e-06, 5.3476140940356046e-05]
ALL coefficient equations exact 407 rank 396 common denominator digits 17 seconds 9.28
exact PSD 0 relative DD margin 0.9999998563926566 seconds 9.3
exact PSD 1 relative DD margin 0.9999990682507262 seconds 9.31
exact PSD 2 relative DD margin 0.9999998272100595 seconds 9.33
exact PSD 3 relative DD margin 0.9999994946491622 seconds 9.34
exact PSD 4 relative DD margin 0.999999935087822 seconds 9.34
exact PSD 5 relative DD margin 0.9999999496882489 seconds 9.34
exact PSD 6 relative DD margin 0.9999997036381205 seconds 9.34
exact PSD 7 relative DD margin 0.99999988641902 seconds 9.34
exact PSD 8 relative DD margin 0.9999997065450658 seconds 9.34
exact PSD 9 relative DD margin 0.9999999574365667 seconds 9.34
wrote experiments\atlas122_compact_face_candidate.json bytes 1408516 seconds 9.36
