Taeyoung\Methods\Atlas126\Cert\Junction4Chunks\Part002.lean:1363:58: warning: This simp argument is unused:
  junctionFace4Target

Hint: Omit it from the simp argument list.
  simp only [sparseEval, IntTerm.toRat, leaf95CoeffTerms, junctionFace4T̵C̲o̲n̲s̲t̲r̲ar̵g̵e̵i̲n̲t0̲,
  ̲ j̵u̵n̵c̵t̵i̵o̵n̵F̵a̵c̵e̵4̵C̵o̵n̵s̵t̵r̵a̵i̵n̵t̵0̵,̵  ̲ ̲junctionFace4Constraint1, junctionFace4Constraint2, junctionFace4Constraint3, scalarResidual,
  ̲  ̲ ̲ ̲betaJ, gammaJ, lambdaJ, betaHigh, gammaHigh, lowDensity, lowTriangle, target, List.map_cons,
  ̲  ̲ ̲ ̲List.map_nil, List.sum_cons, List.sum_nil]

Note: This linter can be disabled with `set_option linter.unusedSimpArgs false`
Taeyoung\Methods\Atlas126\Cert\Junction4Chunks\Part002.lean:1363:79: warning: This simp argument is unused:
  junctionFace4Constraint0

Hint: Omit it from the simp argument list.
  simp only [sparseEval, IntTerm.toRat, leaf95CoeffTerms, junctionFace4Target,
  ̲ j̵u̵n̵c̵t̵i̵o̵n̵F̵a̵c̵e̵4̵C̵o̵n̵s̵t̵r̵a̵i̵n̵t̵0̵,̵  ̲ ̲junctionFace4Constraint1, junctionFace4Constraint2, junctionFace4Constraint3, scalarResidual,
  ̲  ̲ ̲ ̲betaJ, gammaJ, lambdaJ, betaHigh, gammaHigh, lowDensity, lowTriangle, target, List.map_cons,
  ̲  ̲ ̲ ̲List.map_nil, List.sum_cons, List.sum_nil]

Note: This linter can be disabled with `set_option linter.unusedSimpArgs false`
Taeyoung\Methods\Atlas126\Cert\Junction4Chunks\Part002.lean:1363:105: warning: This simp argument is unused:
  junctionFace4Constraint1

Hint: Omit it from the simp argument list.
  simp only [sparseEval, IntTerm.toRat, leaf95CoeffTerms, junctionFace4Target,
  ̲  ̲ ̲ ̲junctionFace4Constraint0, junctionFace4Constraint1̵,̵ ̵j̵u̵n̵c̵t̵i̵o̵n̵F̵a̵c̵e̵4̵C̵o̵n̵s̵t̵r̵a̵i̵n̵t̵2, junctionFace4Constraint3, scalarResidual,
  ̲  ̲ ̲ ̲betaJ, gammaJ, lambdaJ, betaHigh, gammaHigh, lowDensity, lowTriangle, target, List.map_cons,
  ̲  ̲ ̲ ̲List.map_nil, List.sum_cons, List.sum_nil]

Note: This linter can be disabled with `set_option linter.unusedSimpArgs false`
Taeyoung\Methods\Atlas126\Cert\Junction4Chunks\Part002.lean:1363:131: warning: This simp argument is unused:
  junctionFace4Constraint2

Hint: Omit it from the simp argument list.
  simp only [sparseEval, IntTerm.toRat, leaf95CoeffTerms, junctionFace4Target,
  ̲  ̲ ̲ ̲junctionFace4Constraint0, junctionFace4Constraint1, junctionFace4Constraint2̵,̵ ̵j̵u̵n̵c̵t̵i̵o̵n̵F̵a̵c̵e̵4̵C̵o̵n̵s̵t̵r̵a̵i̵n̵t̵3, scalarResidual,
  ̲  ̲ ̲ ̲betaJ, gammaJ, lambdaJ, betaHigh, gammaHigh, lowDensity, lowTriangle, target, List.map_cons,
  ̲  ̲ ̲ ̲List.map_nil, List.sum_cons, List.sum_nil]

Note: This linter can be disabled with `set_option linter.unusedSimpArgs false`
Taeyoung\Methods\Atlas126\Cert\Junction4Chunks\Part002.lean:1363:183: warning: This simp argument is unused:
  scalarResidual

Hint: Omit it from the simp argument list.
  simp only [sparseEval, IntTerm.toRat, leaf95CoeffTerms, junctionFace4Target,
  ̲  ̲ ̲ ̲junctionFace4Constraint0, junctionFace4Constraint1, junctionFace4Constraint2,
  ̲  ̲ ̲ ̲junctionFace4Constraint3, s̵c̵a̵l̵a̵r̵R̵e̵s̵i̵d̵u̵a̵l̵,̵ ̵betaJ, gammaJ, lambdaJ, betaHigh, gammaHigh, lowDensity, lowTriangle,
  ̲  ̲ ̲ ̲target, List.map_cons, List.map_nil, List.sum_cons, List.sum_nil]

Note: This linter can be disabled with `set_option linter.unusedSimpArgs false`
Taeyoung\Methods\Atlas126\Cert\Junction4Chunks\Part002.lean:1363:199: warning: This simp argument is unused:
  betaJ

Hint: Omit it from the simp argument list.
  simp only [sparseEval, IntTerm.toRat, leaf95CoeffTerms, junctionFace4Target,
  ̲  ̲ ̲ ̲junctionFace4Constraint0, junctionFace4Constraint1, junctionFace4Constraint2,
  ̲  ̲ ̲ ̲junctionFace4Constraint3, scalarResidual, b̵e̵t̵a̵J̵,̵ ̵gammaJ, lambdaJ, betaHigh, gammaHigh, lowDensity,
  ̲  ̲ ̲ ̲lowTriangle, target, List.map_cons, List.map_nil, List.sum_cons, List.sum_nil]

Note: This linter can be disabled with `set_option linter.unusedSimpArgs false`
Taeyoung\Methods\Atlas126\Cert\Junction4Chunks\Part002.lean:1363:214: warning: This simp argument is unused:
  lambdaJ

Hint: Omit it from the simp argument list.
  simp only [sparseEval, IntTerm.toRat, leaf95CoeffTerms, junctionFace4Target,
  ̲  ̲ ̲ ̲junctionFace4Constraint0, junctionFace4Constraint1, junctionFace4Constraint2,
  ̲  ̲ ̲ ̲junctionFace4Constraint3, scalarResidual, betaJ, gammaJ, l̵a̵m̵bd̵a̵J̵,̵ ̵b̵etaHigh, gammaHigh, lowDensity,
  ̲  ̲ ̲ ̲lowTriangle, target, List.map_cons, List.map_nil, List.sum_cons, List.sum_nil]

Note: This linter can be disabled with `set_option linter.unusedSimpArgs false`
Taeyoung\Methods\Atlas126\Cert\Junction4Chunks\Part002.lean:1363:223: warning: This simp argument is unused:
  betaHigh

Hint: Omit it from the simp argument list.
  simp only [sparseEval, IntTerm.toRat, leaf95CoeffTerms, junctionFace4Target,
  ̲  ̲ ̲ ̲junctionFace4Constraint0, junctionFace4Constraint1, junctionFace4Constraint2,
  ̲  ̲ ̲ ̲junctionFace4Constraint3, scalarResidual, betaJ, gammaJ, lambdaJ, b̵e̵t̵a̵H̵i̵gh̵,̵ ̵g̵ammaHigh, lowDensity,
  ̲  ̲ ̲ ̲lowTriangle, target, List.map_cons, List.map_nil, List.sum_cons, List.sum_nil]

Note: This linter can be disabled with `set_option linter.unusedSimpArgs false`
Taeyoung\Methods\Atlas126\Cert\Junction4Chunks\Part002.lean:1363:256: warning: This simp argument is unused:
  lowTriangle

Hint: Omit it from the simp argument list.
  simp only [sparseEval, IntTerm.toRat, leaf95CoeffTerms, junctionFace4Target,
  ̲  ̲ ̲ ̲junctionFace4Constraint0, junctionFace4Constraint1, junctionFace4Constraint2,
  ̲  ̲ ̲ ̲junctionFace4Constraint3, scalarResidual, betaJ, gammaJ, lambdaJ, betaHigh, gammaHigh,
  ̲  ̲ ̲ ̲lowDensity, l̵o̵w̵T̵r̵i̵a̵n̵g̵l̵e̵,̵ ̵target, List.map_cons, List.map_nil, List.sum_cons, List.sum_nil]

Note: This linter can be disabled with `set_option linter.unusedSimpArgs false`
Taeyoung\Methods\Atlas126\Cert\Junction4Chunks\Part002.lean:1363:269: warning: This simp argument is unused:
  target

Hint: Omit it from the simp argument list.
  simp only [sparseEval, IntTerm.toRat, leaf95CoeffTerms, junctionFace4Target,
  ̲  ̲ ̲ ̲junctionFace4Constraint0, junctionFace4Constraint1, junctionFace4Constraint2,
  ̲  ̲ ̲ ̲junctionFace4Constraint3, scalarResidual, betaJ, gammaJ, lambdaJ, betaHigh, gammaHigh,
  ̲  ̲ ̲ ̲lowDensity, lowTriangle, t̵a̵r̵g̵e̵t̵,̵ ̵List.map_cons, List.map_nil, List.sum_cons, List.sum_nil]

Note: This linter can be disabled with `set_option linter.unusedSimpArgs false`
Taeyoung\Methods\Atlas126\Cert\Junction4Chunks\Part002.lean:1883:58: warning: This simp argument is unused:
  junctionFace4Target

Hint: Omit it from the simp argument list.
  simp only [sparseEval, IntTerm.toRat, leaf99CoeffTerms, junctionFace4T̵C̲o̲n̲s̲t̲r̲ar̵g̵e̵i̲n̲t0̲,
  ̲ j̵u̵n̵c̵t̵i̵o̵n̵F̵a̵c̵e̵4̵C̵o̵n̵s̵t̵r̵a̵i̵n̵t̵0̵,̵  ̲ ̲junctionFace4Constraint1, junctionFace4Constraint2, junctionFace4Constraint3, scalarResidual,
  ̲  ̲ ̲ ̲betaJ, gammaJ, lambdaJ, betaHigh, gammaHigh, lowDensity, lowTriangle, target, List.map_cons,
  ̲  ̲ ̲ ̲List.map_nil, List.sum_cons, List.sum_nil]

Note: This linter can be disabled with `set_option linter.unusedSimpArgs false`
Taeyoung\Methods\Atlas126\Cert\Junction4Chunks\Part002.lean:1883:79: warning: This simp argument is unused:
  junctionFace4Constraint0

Hint: Omit it from the simp argument list.
  simp only [sparseEval, IntTerm.toRat, leaf99CoeffTerms, junctionFace4Target,
  ̲ j̵u̵n̵c̵t̵i̵o̵n̵F̵a̵c̵e̵4̵C̵o̵n̵s̵t̵r̵a̵i̵n̵t̵0̵,̵  ̲ ̲junctionFace4Constraint1, junctionFace4Constraint2, junctionFace4Constraint3, scalarResidual,
  ̲  ̲ ̲ ̲betaJ, gammaJ, lambdaJ, betaHigh, gammaHigh, lowDensity, lowTriangle, target, List.map_cons,
  ̲  ̲ ̲ ̲List.map_nil, List.sum_cons, List.sum_nil]

Note: This linter can be disabled with `set_option linter.unusedSimpArgs false`
Taeyoung\Methods\Atlas126\Cert\Junction4Chunks\Part002.lean:1883:105: warning: This simp argument is unused:
  junctionFace4Constraint1

Hint: Omit it from the simp argument list.
  simp only [sparseEval, IntTerm.toRat, leaf99CoeffTerms, junctionFace4Target,
  ̲  ̲ ̲ ̲junctionFace4Constraint0, junctionFace4Constraint1̵,̵ ̵j̵u̵n̵c̵t̵i̵o̵n̵F̵a̵c̵e̵4̵C̵o̵n̵s̵t̵r̵a̵i̵n̵t̵2, junctionFace4Constraint3, scalarResidual,
  ̲  ̲ ̲ ̲betaJ, gammaJ, lambdaJ, betaHigh, gammaHigh, lowDensity, lowTriangle, target, List.map_cons,
  ̲  ̲ ̲ ̲List.map_nil, List.sum_cons, List.sum_nil]

Note: This linter can be disabled with `set_option linter.unusedSimpArgs false`
Taeyoung\Methods\Atlas126\Cert\Junction4Chunks\Part002.lean:1883:131: warning: This simp argument is unused:
  junctionFace4Constraint2

Hint: Omit it from the simp argument list.
  simp only [sparseEval, IntTerm.toRat, leaf99CoeffTerms, junctionFace4Target,
  ̲  ̲ ̲ ̲junctionFace4Constraint0, junctionFace4Constraint1, junctionFace4Constraint2̵,̵ ̵j̵u̵n̵c̵t̵i̵o̵n̵F̵a̵c̵e̵4̵C̵o̵n̵s̵t̵r̵a̵i̵n̵t̵3, scalarResidual,
  ̲  ̲ ̲ ̲betaJ, gammaJ, lambdaJ, betaHigh, gammaHigh, lowDensity, lowTriangle, target, List.map_cons,
  ̲  ̲ ̲ ̲List.map_nil, List.sum_cons, List.sum_nil]

Note: This linter can be disabled with `set_option linter.unusedSimpArgs false`
Taeyoung\Methods\Atlas126\Cert\Junction4Chunks\Part002.lean:1883:183: warning: This simp argument is unused:
  scalarResidual

Hint: Omit it from the simp argument list.
  simp only [sparseEval, IntTerm.toRat, leaf99CoeffTerms, junctionFace4Target,
  ̲  ̲ ̲ ̲junctionFace4Constraint0, junctionFace4Constraint1, junctionFace4Constraint2,
  ̲  ̲ ̲ ̲junctionFace4Constraint3, s̵c̵a̵l̵a̵r̵R̵e̵s̵i̵d̵u̵a̵l̵,̵ ̵betaJ, gammaJ, lambdaJ, betaHigh, gammaHigh, lowDensity, lowTriangle,
  ̲  ̲ ̲ ̲target, List.map_cons, List.map_nil, List.sum_cons, List.sum_nil]

Note: This linter can be disabled with `set_option linter.unusedSimpArgs false`
Taeyoung\Methods\Atlas126\Cert\Junction4Chunks\Part002.lean:1883:199: warning: This simp argument is unused:
  betaJ

Hint: Omit it from the simp argument list.
  simp only [sparseEval, IntTerm.toRat, leaf99CoeffTerms, junctionFace4Target,
  ̲  ̲ ̲ ̲junctionFace4Constraint0, junctionFace4Constraint1, junctionFace4Constraint2,
  ̲  ̲ ̲ ̲junctionFace4Constraint3, scalarResidual, b̵e̵t̵a̵J̵,̵ ̵gammaJ, lambdaJ, betaHigh, gammaHigh, lowDensity,
  ̲  ̲ ̲ ̲lowTriangle, target, List.map_cons, List.map_nil, List.sum_cons, List.sum_nil]

Note: This linter can be disabled with `set_option linter.unusedSimpArgs false`
Taeyoung\Methods\Atlas126\Cert\Junction4Chunks\Part002.lean:1883:214: warning: This simp argument is unused:
  lambdaJ

Hint: Omit it from the simp argument list.
  simp only [sparseEval, IntTerm.toRat, leaf99CoeffTerms, junctionFace4Target,
  ̲  ̲ ̲ ̲junctionFace4Constraint0, junctionFace4Constraint1, junctionFace4Constraint2,
  ̲  ̲ ̲ ̲junctionFace4Constraint3, scalarResidual, betaJ, gammaJ, l̵a̵m̵bd̵a̵J̵,̵ ̵b̵etaHigh, gammaHigh, lowDensity,
  ̲  ̲ ̲ ̲lowTriangle, target, List.map_cons, List.map_nil, List.sum_cons, List.sum_nil]

Note: This linter can be disabled with `set_option linter.unusedSimpArgs false`
Taeyoung\Methods\Atlas126\Cert\Junction4Chunks\Part002.lean:1883:223: warning: This simp argument is unused:
  betaHigh

Hint: Omit it from the simp argument list.
  simp only [sparseEval, IntTerm.toRat, leaf99CoeffTerms, junctionFace4Target,
  ̲  ̲ ̲ ̲junctionFace4Constraint0, junctionFace4Constraint1, junctionFace4Constraint2,
  ̲  ̲ ̲ ̲junctionFace4Constraint3, scalarResidual, betaJ, gammaJ, lambdaJ, b̵e̵t̵a̵H̵i̵gh̵,̵ ̵g̵ammaHigh, lowDensity,
  ̲  ̲ ̲ ̲lowTriangle, target, List.map_cons, List.map_nil, List.sum_cons, List.sum_nil]

Note: This linter can be disabled with `set_option linter.unusedSimpArgs false`
Taeyoung\Methods\Atlas126\Cert\Junction4Chunks\Part002.lean:1883:256: warning: This simp argument is unused:
  lowTriangle

Hint: Omit it from the simp argument list.
  simp only [sparseEval, IntTerm.toRat, leaf99CoeffTerms, junctionFace4Target,
  ̲  ̲ ̲ ̲junctionFace4Constraint0, junctionFace4Constraint1, junctionFace4Constraint2,
  ̲  ̲ ̲ ̲junctionFace4Constraint3, scalarResidual, betaJ, gammaJ, lambdaJ, betaHigh, gammaHigh,
  ̲  ̲ ̲ ̲lowDensity, l̵o̵w̵T̵r̵i̵a̵n̵g̵l̵e̵,̵ ̵target, List.map_cons, List.map_nil, List.sum_cons, List.sum_nil]

Note: This linter can be disabled with `set_option linter.unusedSimpArgs false`
Taeyoung\Methods\Atlas126\Cert\Junction4Chunks\Part002.lean:1883:269: warning: This simp argument is unused:
  target

Hint: Omit it from the simp argument list.
  simp only [sparseEval, IntTerm.toRat, leaf99CoeffTerms, junctionFace4Target,
  ̲  ̲ ̲ ̲junctionFace4Constraint0, junctionFace4Constraint1, junctionFace4Constraint2,
  ̲  ̲ ̲ ̲junctionFace4Constraint3, scalarResidual, betaJ, gammaJ, lambdaJ, betaHigh, gammaHigh,
  ̲  ̲ ̲ ̲lowDensity, lowTriangle, t̵a̵r̵g̵e̵t̵,̵ ̵List.map_cons, List.map_nil, List.sum_cons, List.sum_nil]

Note: This linter can be disabled with `set_option linter.unusedSimpArgs false`
Taeyoung\Methods\Atlas126\Cert\Junction4Chunks\Part002.lean:3717:59: warning: This simp argument is unused:
  junctionFace4Target

Hint: Omit it from the simp argument list.
  simp only [sparseEval, IntTerm.toRat, leaf102CoeffTerms, junctionFace4T̵C̲o̲n̲s̲t̲r̲ar̵g̵e̵i̲n̲t0̲,
  ̲ j̵u̵n̵c̵t̵i̵o̵n̵F̵a̵c̵e̵4̵C̵o̵n̵s̵t̵r̵a̵i̵n̵t̵0̵,̵  ̲ ̲junctionFace4Constraint1, junctionFace4Constraint2, junctionFace4Constraint3, scalarResidual,
  ̲  ̲ ̲ ̲betaJ, gammaJ, lambdaJ, betaHigh, gammaHigh, lowDensity, lowTriangle, target, List.map_cons,
  ̲  ̲ ̲ ̲List.map_nil, List.sum_cons, List.sum_nil]

Note: This linter can be disabled with `set_option linter.unusedSimpArgs false`
Taeyoung\Methods\Atlas126\Cert\Junction4Chunks\Part002.lean:3717:80: warning: This simp argument is unused:
  junctionFace4Constraint0

Hint: Omit it from the simp argument list.
  simp only [sparseEval, IntTerm.toRat, leaf102CoeffTerms, junctionFace4Target,
  ̲ j̵u̵n̵c̵t̵i̵o̵n̵F̵a̵c̵e̵4̵C̵o̵n̵s̵t̵r̵a̵i̵n̵t̵0̵,̵  ̲ ̲junctionFace4Constraint1, junctionFace4Constraint2, junctionFace4Constraint3, scalarResidual,
  ̲  ̲ ̲ ̲betaJ, gammaJ, lambdaJ, betaHigh, gammaHigh, lowDensity, lowTriangle, target, List.map_cons,
  ̲  ̲ ̲ ̲List.map_nil, List.sum_cons, List.sum_nil]

Note: This linter can be disabled with `set_option linter.unusedSimpArgs false`
Taeyoung\Methods\Atlas126\Cert\Junction4Chunks\Part002.lean:3717:106: warning: This simp argument is unused:
  junctionFace4Constraint1

Hint: Omit it from the simp argument list.
  simp only [sparseEval, IntTerm.toRat, leaf102CoeffTerms, junctionFace4Target,
  ̲  ̲ ̲ ̲junctionFace4Constraint0, junctionFace4Constraint1̵,̵ ̵j̵u̵n̵c̵t̵i̵o̵n̵F̵a̵c̵e̵4̵C̵o̵n̵s̵t̵r̵a̵i̵n̵t̵2, junctionFace4Constraint3, scalarResidual,
  ̲  ̲ ̲ ̲betaJ, gammaJ, lambdaJ, betaHigh, gammaHigh, lowDensity, lowTriangle, target, List.map_cons,
  ̲  ̲ ̲ ̲List.map_nil, List.sum_cons, List.sum_nil]

Note: This linter can be disabled with `set_option linter.unusedSimpArgs false`
Taeyoung\Methods\Atlas126\Cert\Junction4Chunks\Part002.lean:3717:132: warning: This simp argument is unused:
  junctionFace4Constraint2

Hint: Omit it from the simp argument list.
  simp only [sparseEval, IntTerm.toRat, leaf102CoeffTerms, junctionFace4Target,
  ̲  ̲ ̲ ̲junctionFace4Constraint0, junctionFace4Constraint1, junctionFace4Constraint2̵,̵ ̵j̵u̵n̵c̵t̵i̵o̵n̵F̵a̵c̵e̵4̵C̵o̵n̵s̵t̵r̵a̵i̵n̵t̵3, scalarResidual,
  ̲  ̲ ̲ ̲betaJ, gammaJ, lambdaJ, betaHigh, gammaHigh, lowDensity, lowTriangle, target, List.map_cons,
  ̲  ̲ ̲ ̲List.map_nil, List.sum_cons, List.sum_nil]

Note: This linter can be disabled with `set_option linter.unusedSimpArgs false`
Taeyoung\Methods\Atlas126\Cert\Junction4Chunks\Part002.lean:3717:184: warning: This simp argument is unused:
  scalarResidual

Hint: Omit it from the simp argument list.
  simp only [sparseEval, IntTerm.toRat, leaf102CoeffTerms, junctionFace4Target,
  ̲  ̲ ̲ ̲junctionFace4Constraint0, junctionFace4Constraint1, junctionFace4Constraint2,
  ̲  ̲ ̲ ̲junctionFace4Constraint3, s̵c̵a̵l̵a̵r̵R̵e̵s̵i̵d̵u̵a̵l̵,̵ ̵betaJ, gammaJ, lambdaJ, betaHigh, gammaHigh, lowDensity, lowTriangle,
  ̲  ̲ ̲ ̲target, List.map_cons, List.map_nil, List.sum_cons, List.sum_nil]

Note: This linter can be disabled with `set_option linter.unusedSimpArgs false`
Taeyoung\Methods\Atlas126\Cert\Junction4Chunks\Part002.lean:3717:200: warning: This simp argument is unused:
  betaJ

Hint: Omit it from the simp argument list.
  simp only [sparseEval, IntTerm.toRat, leaf102CoeffTerms, junctionFace4Target,
  ̲  ̲ ̲ ̲junctionFace4Constraint0, junctionFace4Constraint1, junctionFace4Constraint2,
  ̲  ̲ ̲ ̲junctionFace4Constraint3, scalarResidual, b̵e̵t̵a̵J̵,̵ ̵gammaJ, lambdaJ, betaHigh, gammaHigh, lowDensity,
  ̲  ̲ ̲ ̲lowTriangle, target, List.map_cons, List.map_nil, List.sum_cons, List.sum_nil]

Note: This linter can be disabled with `set_option linter.unusedSimpArgs false`
Taeyoung\Methods\Atlas126\Cert\Junction4Chunks\Part002.lean:3717:215: warning: This simp argument is unused:
  lambdaJ

Hint: Omit it from the simp argument list.
  simp only [sparseEval, IntTerm.toRat, leaf102CoeffTerms, junctionFace4Target,
  ̲  ̲ ̲ ̲junctionFace4Constraint0, junctionFace4Constraint1, junctionFace4Constraint2,
  ̲  ̲ ̲ ̲junctionFace4Constraint3, scalarResidual, betaJ, gammaJ, l̵a̵m̵bd̵a̵J̵,̵ ̵b̵etaHigh, gammaHigh, lowDensity,
  ̲  ̲ ̲ ̲lowTriangle, target, List.map_cons, List.map_nil, List.sum_cons, List.sum_nil]

Note: This linter can be disabled with `set_option linter.unusedSimpArgs false`
Taeyoung\Methods\Atlas126\Cert\Junction4Chunks\Part002.lean:3717:224: warning: This simp argument is unused:
  betaHigh

Hint: Omit it from the simp argument list.
  simp only [sparseEval, IntTerm.toRat, leaf102CoeffTerms, junctionFace4Target,
  ̲  ̲ ̲ ̲junctionFace4Constraint0, junctionFace4Constraint1, junctionFace4Constraint2,
  ̲  ̲ ̲ ̲junctionFace4Constraint3, scalarResidual, betaJ, gammaJ, lambdaJ, b̵e̵t̵a̵H̵i̵gh̵,̵ ̵g̵ammaHigh, lowDensity,
  ̲  ̲ ̲ ̲lowTriangle, target, List.map_cons, List.map_nil, List.sum_cons, List.sum_nil]

Note: This linter can be disabled with `set_option linter.unusedSimpArgs false`
Taeyoung\Methods\Atlas126\Cert\Junction4Chunks\Part002.lean:3717:257: warning: This simp argument is unused:
  lowTriangle

Hint: Omit it from the simp argument list.
  simp only [sparseEval, IntTerm.toRat, leaf102CoeffTerms, junctionFace4Target,
  ̲  ̲ ̲ ̲junctionFace4Constraint0, junctionFace4Constraint1, junctionFace4Constraint2,
  ̲  ̲ ̲ ̲junctionFace4Constraint3, scalarResidual, betaJ, gammaJ, lambdaJ, betaHigh, gammaHigh,
  ̲  ̲ ̲ ̲lowDensity, l̵o̵w̵T̵r̵i̵a̵n̵g̵l̵e̵,̵ ̵target, List.map_cons, List.map_nil, List.sum_cons, List.sum_nil]

Note: This linter can be disabled with `set_option linter.unusedSimpArgs false`
Taeyoung\Methods\Atlas126\Cert\Junction4Chunks\Part002.lean:3717:270: warning: This simp argument is unused:
  target

Hint: Omit it from the simp argument list.
  simp only [sparseEval, IntTerm.toRat, leaf102CoeffTerms, junctionFace4Target,
  ̲  ̲ ̲ ̲junctionFace4Constraint0, junctionFace4Constraint1, junctionFace4Constraint2,
  ̲  ̲ ̲ ̲junctionFace4Constraint3, scalarResidual, betaJ, gammaJ, lambdaJ, betaHigh, gammaHigh,
  ̲  ̲ ̲ ̲lowDensity, lowTriangle, t̵a̵r̵g̵e̵t̵,̵ ̵List.map_cons, List.map_nil, List.sum_cons, List.sum_nil]

Note: This linter can be disabled with `set_option linter.unusedSimpArgs false`
Taeyoung\Methods\Atlas126\Cert\Junction4Chunks\Part002.lean:5551:59: warning: This simp argument is unused:
  junctionFace4Target

Hint: Omit it from the simp argument list.
  simp only [sparseEval, IntTerm.toRat, leaf106CoeffTerms, junctionFace4T̵C̲o̲n̲s̲t̲r̲ar̵g̵e̵i̲n̲t0̲,
  ̲ j̵u̵n̵c̵t̵i̵o̵n̵F̵a̵c̵e̵4̵C̵o̵n̵s̵t̵r̵a̵i̵n̵t̵0̵,̵  ̲ ̲junctionFace4Constraint1, junctionFace4Constraint2, junctionFace4Constraint3, scalarResidual,
  ̲  ̲ ̲ ̲betaJ, gammaJ, lambdaJ, betaHigh, gammaHigh, lowDensity, lowTriangle, target, List.map_cons,
  ̲  ̲ ̲ ̲List.map_nil, List.sum_cons, List.sum_nil]

Note: This linter can be disabled with `set_option linter.unusedSimpArgs false`
Taeyoung\Methods\Atlas126\Cert\Junction4Chunks\Part002.lean:5551:80: warning: This simp argument is unused:
  junctionFace4Constraint0

Hint: Omit it from the simp argument list.
  simp only [sparseEval, IntTerm.toRat, leaf106CoeffTerms, junctionFace4Target,
  ̲ j̵u̵n̵c̵t̵i̵o̵n̵F̵a̵c̵e̵4̵C̵o̵n̵s̵t̵r̵a̵i̵n̵t̵0̵,̵  ̲ ̲junctionFace4Constraint1, junctionFace4Constraint2, junctionFace4Constraint3, scalarResidual,
  ̲  ̲ ̲ ̲betaJ, gammaJ, lambdaJ, betaHigh, gammaHigh, lowDensity, lowTriangle, target, List.map_cons,
  ̲  ̲ ̲ ̲List.map_nil, List.sum_cons, List.sum_nil]

Note: This linter can be disabled with `set_option linter.unusedSimpArgs false`
Taeyoung\Methods\Atlas126\Cert\Junction4Chunks\Part002.lean:5551:106: warning: This simp argument is unused:
  junctionFace4Constraint1

Hint: Omit it from the simp argument list.
  simp only [sparseEval, IntTerm.toRat, leaf106CoeffTerms, junctionFace4Target,
  ̲  ̲ ̲ ̲junctionFace4Constraint0, junctionFace4Constraint1̵,̵ ̵j̵u̵n̵c̵t̵i̵o̵n̵F̵a̵c̵e̵4̵C̵o̵n̵s̵t̵r̵a̵i̵n̵t̵2, junctionFace4Constraint3, scalarResidual,
  ̲  ̲ ̲ ̲betaJ, gammaJ, lambdaJ, betaHigh, gammaHigh, lowDensity, lowTriangle, target, List.map_cons,
  ̲  ̲ ̲ ̲List.map_nil, List.sum_cons, List.sum_nil]

Note: This linter can be disabled with `set_option linter.unusedSimpArgs false`
Taeyoung\Methods\Atlas126\Cert\Junction4Chunks\Part002.lean:5551:132: warning: This simp argument is unused:
  junctionFace4Constraint2

Hint: Omit it from the simp argument list.
  simp only [sparseEval, IntTerm.toRat, leaf106CoeffTerms, junctionFace4Target,
  ̲  ̲ ̲ ̲junctionFace4Constraint0, junctionFace4Constraint1, junctionFace4Constraint2̵,̵ ̵j̵u̵n̵c̵t̵i̵o̵n̵F̵a̵c̵e̵4̵C̵o̵n̵s̵t̵r̵a̵i̵n̵t̵3, scalarResidual,
  ̲  ̲ ̲ ̲betaJ, gammaJ, lambdaJ, betaHigh, gammaHigh, lowDensity, lowTriangle, target, List.map_cons,
  ̲  ̲ ̲ ̲List.map_nil, List.sum_cons, List.sum_nil]

Note: This linter can be disabled with `set_option linter.unusedSimpArgs false`
Taeyoung\Methods\Atlas126\Cert\Junction4Chunks\Part002.lean:5551:184: warning: This simp argument is unused:
  scalarResidual

Hint: Omit it from the simp argument list.
  simp only [sparseEval, IntTerm.toRat, leaf106CoeffTerms, junctionFace4Target,
  ̲  ̲ ̲ ̲junctionFace4Constraint0, junctionFace4Constraint1, junctionFace4Constraint2,
  ̲  ̲ ̲ ̲junctionFace4Constraint3, s̵c̵a̵l̵a̵r̵R̵e̵s̵i̵d̵u̵a̵l̵,̵ ̵betaJ, gammaJ, lambdaJ, betaHigh, gammaHigh, lowDensity, lowTriangle,
  ̲  ̲ ̲ ̲target, List.map_cons, List.map_nil, List.sum_cons, List.sum_nil]

Note: This linter can be disabled with `set_option linter.unusedSimpArgs false`
Taeyoung\Methods\Atlas126\Cert\Junction4Chunks\Part002.lean:5551:200: warning: This simp argument is unused:
  betaJ

Hint: Omit it from the simp argument list.
  simp only [sparseEval, IntTerm.toRat, leaf106CoeffTerms, junctionFace4Target,
  ̲  ̲ ̲ ̲junctionFace4Constraint0, junctionFace4Constraint1, junctionFace4Constraint2,
  ̲  ̲ ̲ ̲junctionFace4Constraint3, scalarResidual, b̵e̵t̵a̵J̵,̵ ̵gammaJ, lambdaJ, betaHigh, gammaHigh, lowDensity,
  ̲  ̲ ̲ ̲lowTriangle, target, List.map_cons, List.map_nil, List.sum_cons, List.sum_nil]

Note: This linter can be disabled with `set_option linter.unusedSimpArgs false`
Taeyoung\Methods\Atlas126\Cert\Junction4Chunks\Part002.lean:5551:215: warning: This simp argument is unused:
  lambdaJ

Hint: Omit it from the simp argument list.
  simp only [sparseEval, IntTerm.toRat, leaf106CoeffTerms, junctionFace4Target,
  ̲  ̲ ̲ ̲junctionFace4Constraint0, junctionFace4Constraint1, junctionFace4Constraint2,
  ̲  ̲ ̲ ̲junctionFace4Constraint3, scalarResidual, betaJ, gammaJ, l̵a̵m̵bd̵a̵J̵,̵ ̵b̵etaHigh, gammaHigh, lowDensity,
  ̲  ̲ ̲ ̲lowTriangle, target, List.map_cons, List.map_nil, List.sum_cons, List.sum_nil]

Note: This linter can be disabled with `set_option linter.unusedSimpArgs false`
Taeyoung\Methods\Atlas126\Cert\Junction4Chunks\Part002.lean:5551:224: warning: This simp argument is unused:
  betaHigh

Hint: Omit it from the simp argument list.
  simp only [sparseEval, IntTerm.toRat, leaf106CoeffTerms, junctionFace4Target,
  ̲  ̲ ̲ ̲junctionFace4Constraint0, junctionFace4Constraint1, junctionFace4Constraint2,
  ̲  ̲ ̲ ̲junctionFace4Constraint3, scalarResidual, betaJ, gammaJ, lambdaJ, b̵e̵t̵a̵H̵i̵gh̵,̵ ̵g̵ammaHigh, lowDensity,
  ̲  ̲ ̲ ̲lowTriangle, target, List.map_cons, List.map_nil, List.sum_cons, List.sum_nil]

Note: This linter can be disabled with `set_option linter.unusedSimpArgs false`
Taeyoung\Methods\Atlas126\Cert\Junction4Chunks\Part002.lean:5551:257: warning: This simp argument is unused:
  lowTriangle

Hint: Omit it from the simp argument list.
  simp only [sparseEval, IntTerm.toRat, leaf106CoeffTerms, junctionFace4Target,
  ̲  ̲ ̲ ̲junctionFace4Constraint0, junctionFace4Constraint1, junctionFace4Constraint2,
  ̲  ̲ ̲ ̲junctionFace4Constraint3, scalarResidual, betaJ, gammaJ, lambdaJ, betaHigh, gammaHigh,
  ̲  ̲ ̲ ̲lowDensity, l̵o̵w̵T̵r̵i̵a̵n̵g̵l̵e̵,̵ ̵target, List.map_cons, List.map_nil, List.sum_cons, List.sum_nil]

Note: This linter can be disabled with `set_option linter.unusedSimpArgs false`
Taeyoung\Methods\Atlas126\Cert\Junction4Chunks\Part002.lean:5551:270: warning: This simp argument is unused:
  target

Hint: Omit it from the simp argument list.
  simp only [sparseEval, IntTerm.toRat, leaf106CoeffTerms, junctionFace4Target,
  ̲  ̲ ̲ ̲junctionFace4Constraint0, junctionFace4Constraint1, junctionFace4Constraint2,
  ̲  ̲ ̲ ̲junctionFace4Constraint3, scalarResidual, betaJ, gammaJ, lambdaJ, betaHigh, gammaHigh,
  ̲  ̲ ̲ ̲lowDensity, lowTriangle, t̵a̵r̵g̵e̵t̵,̵ ̵List.map_cons, List.map_nil, List.sum_cons, List.sum_nil]

Note: This linter can be disabled with `set_option linter.unusedSimpArgs false`
Taeyoung\Methods\Atlas126\Cert\Junction4Chunks\Part002.lean:8682:59: warning: This simp argument is unused:
  junctionFace4Target

Hint: Omit it from the simp argument list.
  simp only [sparseEval, IntTerm.toRat, leaf111CoeffTerms, junctionFace4T̵C̲o̲n̲s̲t̲r̲ar̵g̵e̵i̲n̲t0̲,
  ̲ j̵u̵n̵c̵t̵i̵o̵n̵F̵a̵c̵e̵4̵C̵o̵n̵s̵t̵r̵a̵i̵n̵t̵0̵,̵  ̲ ̲junctionFace4Constraint1, junctionFace4Constraint2, junctionFace4Constraint3, scalarResidual,
  ̲  ̲ ̲ ̲betaJ, gammaJ, lambdaJ, betaHigh, gammaHigh, lowDensity, lowTriangle, target, List.map_cons,
  ̲  ̲ ̲ ̲List.map_nil, List.sum_cons, List.sum_nil]

Note: This linter can be disabled with `set_option linter.unusedSimpArgs false`
Taeyoung\Methods\Atlas126\Cert\Junction4Chunks\Part002.lean:8682:80: warning: This simp argument is unused:
  junctionFace4Constraint0

Hint: Omit it from the simp argument list.
  simp only [sparseEval, IntTerm.toRat, leaf111CoeffTerms, junctionFace4Target,
  ̲ j̵u̵n̵c̵t̵i̵o̵n̵F̵a̵c̵e̵4̵C̵o̵n̵s̵t̵r̵a̵i̵n̵t̵0̵,̵  ̲ ̲junctionFace4Constraint1, junctionFace4Constraint2, junctionFace4Constraint3, scalarResidual,
  ̲  ̲ ̲ ̲betaJ, gammaJ, lambdaJ, betaHigh, gammaHigh, lowDensity, lowTriangle, target, List.map_cons,
  ̲  ̲ ̲ ̲List.map_nil, List.sum_cons, List.sum_nil]

Note: This linter can be disabled with `set_option linter.unusedSimpArgs false`
Taeyoung\Methods\Atlas126\Cert\Junction4Chunks\Part002.lean:8682:106: warning: This simp argument is unused:
  junctionFace4Constraint1

Hint: Omit it from the simp argument list.
  simp only [sparseEval, IntTerm.toRat, leaf111CoeffTerms, junctionFace4Target,
  ̲  ̲ ̲ ̲junctionFace4Constraint0, junctionFace4Constraint1̵,̵ ̵j̵u̵n̵c̵t̵i̵o̵n̵F̵a̵c̵e̵4̵C̵o̵n̵s̵t̵r̵a̵i̵n̵t̵2, junctionFace4Constraint3, scalarResidual,
  ̲  ̲ ̲ ̲betaJ, gammaJ, lambdaJ, betaHigh, gammaHigh, lowDensity, lowTriangle, target, List.map_cons,
  ̲  ̲ ̲ ̲List.map_nil, List.sum_cons, List.sum_nil]

Note: This linter can be disabled with `set_option linter.unusedSimpArgs false`
Taeyoung\Methods\Atlas126\Cert\Junction4Chunks\Part002.lean:8682:132: warning: This simp argument is unused:
  junctionFace4Constraint2

Hint: Omit it from the simp argument list.
  simp only [sparseEval, IntTerm.toRat, leaf111CoeffTerms, junctionFace4Target,
  ̲  ̲ ̲ ̲junctionFace4Constraint0, junctionFace4Constraint1, junctionFace4Constraint2̵,̵ ̵j̵u̵n̵c̵t̵i̵o̵n̵F̵a̵c̵e̵4̵C̵o̵n̵s̵t̵r̵a̵i̵n̵t̵3, scalarResidual,
  ̲  ̲ ̲ ̲betaJ, gammaJ, lambdaJ, betaHigh, gammaHigh, lowDensity, lowTriangle, target, List.map_cons,
  ̲  ̲ ̲ ̲List.map_nil, List.sum_cons, List.sum_nil]

Note: This linter can be disabled with `set_option linter.unusedSimpArgs false`
Taeyoung\Methods\Atlas126\Cert\Junction4Chunks\Part002.lean:8682:184: warning: This simp argument is unused:
  scalarResidual

Hint: Omit it from the simp argument list.
  simp only [sparseEval, IntTerm.toRat, leaf111CoeffTerms, junctionFace4Target,
  ̲  ̲ ̲ ̲junctionFace4Constraint0, junctionFace4Constraint1, junctionFace4Constraint2,
  ̲  ̲ ̲ ̲junctionFace4Constraint3, s̵c̵a̵l̵a̵r̵R̵e̵s̵i̵d̵u̵a̵l̵,̵ ̵betaJ, gammaJ, lambdaJ, betaHigh, gammaHigh, lowDensity, lowTriangle,
  ̲  ̲ ̲ ̲target, List.map_cons, List.map_nil, List.sum_cons, List.sum_nil]

Note: This linter can be disabled with `set_option linter.unusedSimpArgs false`
Taeyoung\Methods\Atlas126\Cert\Junction4Chunks\Part002.lean:8682:200: warning: This simp argument is unused:
  betaJ

Hint: Omit it from the simp argument list.
  simp only [sparseEval, IntTerm.toRat, leaf111CoeffTerms, junctionFace4Target,
  ̲  ̲ ̲ ̲junctionFace4Constraint0, junctionFace4Constraint1, junctionFace4Constraint2,
  ̲  ̲ ̲ ̲junctionFace4Constraint3, scalarResidual, b̵e̵t̵a̵J̵,̵ ̵gammaJ, lambdaJ, betaHigh, gammaHigh, lowDensity,
  ̲  ̲ ̲ ̲lowTriangle, target, List.map_cons, List.map_nil, List.sum_cons, List.sum_nil]

Note: This linter can be disabled with `set_option linter.unusedSimpArgs false`
Taeyoung\Methods\Atlas126\Cert\Junction4Chunks\Part002.lean:8682:215: warning: This simp argument is unused:
  lambdaJ

Hint: Omit it from the simp argument list.
  simp only [sparseEval, IntTerm.toRat, leaf111CoeffTerms, junctionFace4Target,
  ̲  ̲ ̲ ̲junctionFace4Constraint0, junctionFace4Constraint1, junctionFace4Constraint2,
  ̲  ̲ ̲ ̲junctionFace4Constraint3, scalarResidual, betaJ, gammaJ, l̵a̵m̵bd̵a̵J̵,̵ ̵b̵etaHigh, gammaHigh, lowDensity,
  ̲  ̲ ̲ ̲lowTriangle, target, List.map_cons, List.map_nil, List.sum_cons, List.sum_nil]

Note: This linter can be disabled with `set_option linter.unusedSimpArgs false`
Taeyoung\Methods\Atlas126\Cert\Junction4Chunks\Part002.lean:8682:224: warning: This simp argument is unused:
  betaHigh

Hint: Omit it from the simp argument list.
  simp only [sparseEval, IntTerm.toRat, leaf111CoeffTerms, junctionFace4Target,
  ̲  ̲ ̲ ̲junctionFace4Constraint0, junctionFace4Constraint1, junctionFace4Constraint2,
  ̲  ̲ ̲ ̲junctionFace4Constraint3, scalarResidual, betaJ, gammaJ, lambdaJ, b̵e̵t̵a̵H̵i̵gh̵,̵ ̵g̵ammaHigh, lowDensity,
  ̲  ̲ ̲ ̲lowTriangle, target, List.map_cons, List.map_nil, List.sum_cons, List.sum_nil]

Note: This linter can be disabled with `set_option linter.unusedSimpArgs false`
Taeyoung\Methods\Atlas126\Cert\Junction4Chunks\Part002.lean:8682:257: warning: This simp argument is unused:
  lowTriangle

Hint: Omit it from the simp argument list.
  simp only [sparseEval, IntTerm.toRat, leaf111CoeffTerms, junctionFace4Target,
  ̲  ̲ ̲ ̲junctionFace4Constraint0, junctionFace4Constraint1, junctionFace4Constraint2,
  ̲  ̲ ̲ ̲junctionFace4Constraint3, scalarResidual, betaJ, gammaJ, lambdaJ, betaHigh, gammaHigh,
  ̲  ̲ ̲ ̲lowDensity, l̵o̵w̵T̵r̵i̵a̵n̵g̵l̵e̵,̵ ̵target, List.map_cons, List.map_nil, List.sum_cons, List.sum_nil]

Note: This linter can be disabled with `set_option linter.unusedSimpArgs false`
Taeyoung\Methods\Atlas126\Cert\Junction4Chunks\Part002.lean:8682:270: warning: This simp argument is unused:
  target

Hint: Omit it from the simp argument list.
  simp only [sparseEval, IntTerm.toRat, leaf111CoeffTerms, junctionFace4Target,
  ̲  ̲ ̲ ̲junctionFace4Constraint0, junctionFace4Constraint1, junctionFace4Constraint2,
  ̲  ̲ ̲ ̲junctionFace4Constraint3, scalarResidual, betaJ, gammaJ, lambdaJ, betaHigh, gammaHigh,
  ̲  ̲ ̲ ̲lowDensity, lowTriangle, t̵a̵r̵g̵e̵t̵,̵ ̵List.map_cons, List.map_nil, List.sum_cons, List.sum_nil]

Note: This linter can be disabled with `set_option linter.unusedSimpArgs false`
