Taeyoung\Methods\Atlas126\Cert\Junction4.lean:36:54: warning: 'push_cast' tactic does nothing

Note: This linter can be disabled with `set_option linter.unusedTactic false`
Taeyoung\Methods\Atlas126\Cert\Junction4.lean:36:79: warning: 'push_cast' tactic does nothing

Note: This linter can be disabled with `set_option linter.unusedTactic false`
Taeyoung\Methods\Atlas126\Cert\Junction4.lean:36:104: warning: 'push_cast' tactic does nothing

Note: This linter can be disabled with `set_option linter.unusedTactic false`
Taeyoung\Methods\Atlas126\Cert\Junction4.lean:36:129: warning: 'push_cast' tactic does nothing

Note: This linter can be disabled with `set_option linter.unusedTactic false`
Taeyoung\Methods\Atlas126\Cert\Junction4.lean:36:154: warning: 'push_cast' tactic does nothing

Note: This linter can be disabled with `set_option linter.unusedTactic false`
Taeyoung\Methods\Atlas126\Cert\Junction4.lean:36:179: warning: 'push_cast' tactic does nothing

Note: This linter can be disabled with `set_option linter.unusedTactic false`
Taeyoung\Methods\Atlas126\Cert\Junction4.lean:37:4: warning: 'push_cast at hb' tactic does nothing

Note: This linter can be disabled with `set_option linter.unusedTactic false`
Taeyoung\Methods\Atlas126\Cert\Junction4.lean:44:54: warning: 'push_cast' tactic does nothing

Note: This linter can be disabled with `set_option linter.unusedTactic false`
Taeyoung\Methods\Atlas126\Cert\Junction4.lean:44:79: warning: 'push_cast' tactic does nothing

Note: This linter can be disabled with `set_option linter.unusedTactic false`
Taeyoung\Methods\Atlas126\Cert\Junction4.lean:44:104: warning: 'push_cast' tactic does nothing

Note: This linter can be disabled with `set_option linter.unusedTactic false`
Taeyoung\Methods\Atlas126\Cert\Junction4.lean:44:129: warning: 'push_cast' tactic does nothing

Note: This linter can be disabled with `set_option linter.unusedTactic false`
Taeyoung\Methods\Atlas126\Cert\Junction4.lean:44:154: warning: 'push_cast' tactic does nothing

Note: This linter can be disabled with `set_option linter.unusedTactic false`
Taeyoung\Methods\Atlas126\Cert\Junction4.lean:44:179: warning: 'push_cast' tactic does nothing

Note: This linter can be disabled with `set_option linter.unusedTactic false`
Taeyoung\Methods\Atlas126\Cert\Junction4.lean:45:4: warning: 'push_cast at hb' tactic does nothing

Note: This linter can be disabled with `set_option linter.unusedTactic false`
Taeyoung\Methods\Atlas126\Cert\Junction4.lean:66:54: warning: 'push_cast' tactic does nothing

Note: This linter can be disabled with `set_option linter.unusedTactic false`
Taeyoung\Methods\Atlas126\Cert\Junction4.lean:66:79: warning: 'push_cast' tactic does nothing

Note: This linter can be disabled with `set_option linter.unusedTactic false`
Taeyoung\Methods\Atlas126\Cert\Junction4.lean:66:104: warning: 'push_cast' tactic does nothing

Note: This linter can be disabled with `set_option linter.unusedTactic false`
Taeyoung\Methods\Atlas126\Cert\Junction4.lean:66:129: warning: 'push_cast' tactic does nothing

Note: This linter can be disabled with `set_option linter.unusedTactic false`
Taeyoung\Methods\Atlas126\Cert\Junction4.lean:66:154: warning: 'push_cast' tactic does nothing

Note: This linter can be disabled with `set_option linter.unusedTactic false`
Taeyoung\Methods\Atlas126\Cert\Junction4.lean:66:179: warning: 'push_cast' tactic does nothing

Note: This linter can be disabled with `set_option linter.unusedTactic false`
Taeyoung\Methods\Atlas126\Cert\Junction4.lean:67:4: warning: 'push_cast at hb' tactic does nothing

Note: This linter can be disabled with `set_option linter.unusedTactic false`
Taeyoung\Methods\Atlas126\Cert\Junction4.lean:74:54: warning: 'push_cast' tactic does nothing

Note: This linter can be disabled with `set_option linter.unusedTactic false`
Taeyoung\Methods\Atlas126\Cert\Junction4.lean:74:79: warning: 'push_cast' tactic does nothing

Note: This linter can be disabled with `set_option linter.unusedTactic false`
Taeyoung\Methods\Atlas126\Cert\Junction4.lean:74:104: warning: 'push_cast' tactic does nothing

Note: This linter can be disabled with `set_option linter.unusedTactic false`
Taeyoung\Methods\Atlas126\Cert\Junction4.lean:74:129: warning: 'push_cast' tactic does nothing

Note: This linter can be disabled with `set_option linter.unusedTactic false`
Taeyoung\Methods\Atlas126\Cert\Junction4.lean:74:154: warning: 'push_cast' tactic does nothing

Note: This linter can be disabled with `set_option linter.unusedTactic false`
Taeyoung\Methods\Atlas126\Cert\Junction4.lean:74:179: warning: 'push_cast' tactic does nothing

Note: This linter can be disabled with `set_option linter.unusedTactic false`
Taeyoung\Methods\Atlas126\Cert\Junction4.lean:75:4: warning: 'push_cast at hb' tactic does nothing

Note: This linter can be disabled with `set_option linter.unusedTactic false`
Taeyoung\Methods\Atlas126\Cert\Junction4.lean:100:57: warning: 'push_cast' tactic does nothing

Note: This linter can be disabled with `set_option linter.unusedTactic false`
Taeyoung\Methods\Atlas126\Cert\Junction4.lean:100:82: warning: 'push_cast' tactic does nothing

Note: This linter can be disabled with `set_option linter.unusedTactic false`
Taeyoung\Methods\Atlas126\Cert\Junction4.lean:100:107: warning: 'push_cast' tactic does nothing

Note: This linter can be disabled with `set_option linter.unusedTactic false`
Taeyoung\Methods\Atlas126\Cert\Junction4.lean:100:132: warning: 'push_cast' tactic does nothing

Note: This linter can be disabled with `set_option linter.unusedTactic false`
Taeyoung\Methods\Atlas126\Cert\Junction4.lean:100:157: warning: 'push_cast' tactic does nothing

Note: This linter can be disabled with `set_option linter.unusedTactic false`
Taeyoung\Methods\Atlas126\Cert\Junction4.lean:100:182: warning: 'push_cast' tactic does nothing

Note: This linter can be disabled with `set_option linter.unusedTactic false`
Taeyoung\Methods\Atlas126\Cert\Junction4.lean:101:8: warning: 'push_cast at hb' tactic does nothing

Note: This linter can be disabled with `set_option linter.unusedTactic false`
Taeyoung\Methods\Atlas126\Cert\Junction4.lean:108:57: warning: 'push_cast' tactic does nothing

Note: This linter can be disabled with `set_option linter.unusedTactic false`
Taeyoung\Methods\Atlas126\Cert\Junction4.lean:108:82: warning: 'push_cast' tactic does nothing

Note: This linter can be disabled with `set_option linter.unusedTactic false`
Taeyoung\Methods\Atlas126\Cert\Junction4.lean:108:107: warning: 'push_cast' tactic does nothing

Note: This linter can be disabled with `set_option linter.unusedTactic false`
Taeyoung\Methods\Atlas126\Cert\Junction4.lean:108:132: warning: 'push_cast' tactic does nothing

Note: This linter can be disabled with `set_option linter.unusedTactic false`
Taeyoung\Methods\Atlas126\Cert\Junction4.lean:108:157: warning: 'push_cast' tactic does nothing

Note: This linter can be disabled with `set_option linter.unusedTactic false`
Taeyoung\Methods\Atlas126\Cert\Junction4.lean:108:182: warning: 'push_cast' tactic does nothing

Note: This linter can be disabled with `set_option linter.unusedTactic false`
Taeyoung\Methods\Atlas126\Cert\Junction4.lean:109:8: warning: 'push_cast at hb' tactic does nothing

Note: This linter can be disabled with `set_option linter.unusedTactic false`
Taeyoung\Methods\Atlas126\Cert\Junction4.lean:118:57: warning: 'push_cast' tactic does nothing

Note: This linter can be disabled with `set_option linter.unusedTactic false`
Taeyoung\Methods\Atlas126\Cert\Junction4.lean:118:82: warning: 'push_cast' tactic does nothing

Note: This linter can be disabled with `set_option linter.unusedTactic false`
Taeyoung\Methods\Atlas126\Cert\Junction4.lean:118:107: warning: 'push_cast' tactic does nothing

Note: This linter can be disabled with `set_option linter.unusedTactic false`
Taeyoung\Methods\Atlas126\Cert\Junction4.lean:118:132: warning: 'push_cast' tactic does nothing

Note: This linter can be disabled with `set_option linter.unusedTactic false`
Taeyoung\Methods\Atlas126\Cert\Junction4.lean:118:157: warning: 'push_cast' tactic does nothing

Note: This linter can be disabled with `set_option linter.unusedTactic false`
Taeyoung\Methods\Atlas126\Cert\Junction4.lean:118:182: warning: 'push_cast' tactic does nothing

Note: This linter can be disabled with `set_option linter.unusedTactic false`
Taeyoung\Methods\Atlas126\Cert\Junction4.lean:119:8: warning: 'push_cast at hb' tactic does nothing

Note: This linter can be disabled with `set_option linter.unusedTactic false`
Taeyoung\Methods\Atlas126\Cert\Junction4.lean:126:57: warning: 'push_cast' tactic does nothing

Note: This linter can be disabled with `set_option linter.unusedTactic false`
Taeyoung\Methods\Atlas126\Cert\Junction4.lean:126:82: warning: 'push_cast' tactic does nothing

Note: This linter can be disabled with `set_option linter.unusedTactic false`
Taeyoung\Methods\Atlas126\Cert\Junction4.lean:126:107: warning: 'push_cast' tactic does nothing

Note: This linter can be disabled with `set_option linter.unusedTactic false`
Taeyoung\Methods\Atlas126\Cert\Junction4.lean:126:132: warning: 'push_cast' tactic does nothing

Note: This linter can be disabled with `set_option linter.unusedTactic false`
Taeyoung\Methods\Atlas126\Cert\Junction4.lean:126:157: warning: 'push_cast' tactic does nothing

Note: This linter can be disabled with `set_option linter.unusedTactic false`
Taeyoung\Methods\Atlas126\Cert\Junction4.lean:126:182: warning: 'push_cast' tactic does nothing

Note: This linter can be disabled with `set_option linter.unusedTactic false`
Taeyoung\Methods\Atlas126\Cert\Junction4.lean:127:8: warning: 'push_cast at hb' tactic does nothing

Note: This linter can be disabled with `set_option linter.unusedTactic false`
Taeyoung\Methods\Atlas126\Cert\Junction4.lean:134:53: warning: 'push_cast' tactic does nothing

Note: This linter can be disabled with `set_option linter.unusedTactic false`
Taeyoung\Methods\Atlas126\Cert\Junction4.lean:134:78: warning: 'push_cast' tactic does nothing

Note: This linter can be disabled with `set_option linter.unusedTactic false`
Taeyoung\Methods\Atlas126\Cert\Junction4.lean:134:103: warning: 'push_cast' tactic does nothing

Note: This linter can be disabled with `set_option linter.unusedTactic false`
Taeyoung\Methods\Atlas126\Cert\Junction4.lean:134:128: warning: 'push_cast' tactic does nothing

Note: This linter can be disabled with `set_option linter.unusedTactic false`
Taeyoung\Methods\Atlas126\Cert\Junction4.lean:134:153: warning: 'push_cast' tactic does nothing

Note: This linter can be disabled with `set_option linter.unusedTactic false`
Taeyoung\Methods\Atlas126\Cert\Junction4.lean:134:178: warning: 'push_cast' tactic does nothing

Note: This linter can be disabled with `set_option linter.unusedTactic false`
Taeyoung\Methods\Atlas126\Cert\Junction4.lean:135:4: warning: 'push_cast at hb' tactic does nothing

Note: This linter can be disabled with `set_option linter.unusedTactic false`
Taeyoung\Methods\Atlas126\Cert\Junction4.lean:162:59: warning: 'push_cast' tactic does nothing

Note: This linter can be disabled with `set_option linter.unusedTactic false`
Taeyoung\Methods\Atlas126\Cert\Junction4.lean:162:84: warning: 'push_cast' tactic does nothing

Note: This linter can be disabled with `set_option linter.unusedTactic false`
Taeyoung\Methods\Atlas126\Cert\Junction4.lean:162:109: warning: 'push_cast' tactic does nothing

Note: This linter can be disabled with `set_option linter.unusedTactic false`
Taeyoung\Methods\Atlas126\Cert\Junction4.lean:162:134: warning: 'push_cast' tactic does nothing

Note: This linter can be disabled with `set_option linter.unusedTactic false`
Taeyoung\Methods\Atlas126\Cert\Junction4.lean:162:159: warning: 'push_cast' tactic does nothing

Note: This linter can be disabled with `set_option linter.unusedTactic false`
Taeyoung\Methods\Atlas126\Cert\Junction4.lean:162:184: warning: 'push_cast' tactic does nothing

Note: This linter can be disabled with `set_option linter.unusedTactic false`
Taeyoung\Methods\Atlas126\Cert\Junction4.lean:163:10: warning: 'push_cast at hb' tactic does nothing

Note: This linter can be disabled with `set_option linter.unusedTactic false`
Taeyoung\Methods\Atlas126\Cert\Junction4.lean:170:59: warning: 'push_cast' tactic does nothing

Note: This linter can be disabled with `set_option linter.unusedTactic false`
Taeyoung\Methods\Atlas126\Cert\Junction4.lean:170:84: warning: 'push_cast' tactic does nothing

Note: This linter can be disabled with `set_option linter.unusedTactic false`
Taeyoung\Methods\Atlas126\Cert\Junction4.lean:170:109: warning: 'push_cast' tactic does nothing

Note: This linter can be disabled with `set_option linter.unusedTactic false`
Taeyoung\Methods\Atlas126\Cert\Junction4.lean:170:134: warning: 'push_cast' tactic does nothing

Note: This linter can be disabled with `set_option linter.unusedTactic false`
Taeyoung\Methods\Atlas126\Cert\Junction4.lean:170:159: warning: 'push_cast' tactic does nothing

Note: This linter can be disabled with `set_option linter.unusedTactic false`
Taeyoung\Methods\Atlas126\Cert\Junction4.lean:170:184: warning: 'push_cast' tactic does nothing

Note: This linter can be disabled with `set_option linter.unusedTactic false`
Taeyoung\Methods\Atlas126\Cert\Junction4.lean:171:10: warning: 'push_cast at hb' tactic does nothing

Note: This linter can be disabled with `set_option linter.unusedTactic false`
Taeyoung\Methods\Atlas126\Cert\Junction4.lean:178:57: warning: 'push_cast' tactic does nothing

Note: This linter can be disabled with `set_option linter.unusedTactic false`
Taeyoung\Methods\Atlas126\Cert\Junction4.lean:178:82: warning: 'push_cast' tactic does nothing

Note: This linter can be disabled with `set_option linter.unusedTactic false`
Taeyoung\Methods\Atlas126\Cert\Junction4.lean:178:107: warning: 'push_cast' tactic does nothing

Note: This linter can be disabled with `set_option linter.unusedTactic false`
Taeyoung\Methods\Atlas126\Cert\Junction4.lean:178:132: warning: 'push_cast' tactic does nothing

Note: This linter can be disabled with `set_option linter.unusedTactic false`
Taeyoung\Methods\Atlas126\Cert\Junction4.lean:178:157: warning: 'push_cast' tactic does nothing

Note: This linter can be disabled with `set_option linter.unusedTactic false`
Taeyoung\Methods\Atlas126\Cert\Junction4.lean:178:182: warning: 'push_cast' tactic does nothing

Note: This linter can be disabled with `set_option linter.unusedTactic false`
Taeyoung\Methods\Atlas126\Cert\Junction4.lean:179:8: warning: 'push_cast at hb' tactic does nothing

Note: This linter can be disabled with `set_option linter.unusedTactic false`
Taeyoung\Methods\Atlas126\Cert\Junction4.lean:188:57: warning: 'push_cast' tactic does nothing

Note: This linter can be disabled with `set_option linter.unusedTactic false`
Taeyoung\Methods\Atlas126\Cert\Junction4.lean:188:82: warning: 'push_cast' tactic does nothing

Note: This linter can be disabled with `set_option linter.unusedTactic false`
Taeyoung\Methods\Atlas126\Cert\Junction4.lean:188:107: warning: 'push_cast' tactic does nothing

Note: This linter can be disabled with `set_option linter.unusedTactic false`
Taeyoung\Methods\Atlas126\Cert\Junction4.lean:188:132: warning: 'push_cast' tactic does nothing

Note: This linter can be disabled with `set_option linter.unusedTactic false`
Taeyoung\Methods\Atlas126\Cert\Junction4.lean:188:157: warning: 'push_cast' tactic does nothing

Note: This linter can be disabled with `set_option linter.unusedTactic false`
Taeyoung\Methods\Atlas126\Cert\Junction4.lean:188:182: warning: 'push_cast' tactic does nothing

Note: This linter can be disabled with `set_option linter.unusedTactic false`
Taeyoung\Methods\Atlas126\Cert\Junction4.lean:189:8: warning: 'push_cast at hb' tactic does nothing

Note: This linter can be disabled with `set_option linter.unusedTactic false`
Taeyoung\Methods\Atlas126\Cert\Junction4.lean:196:57: warning: 'push_cast' tactic does nothing

Note: This linter can be disabled with `set_option linter.unusedTactic false`
Taeyoung\Methods\Atlas126\Cert\Junction4.lean:196:82: warning: 'push_cast' tactic does nothing

Note: This linter can be disabled with `set_option linter.unusedTactic false`
Taeyoung\Methods\Atlas126\Cert\Junction4.lean:196:107: warning: 'push_cast' tactic does nothing

Note: This linter can be disabled with `set_option linter.unusedTactic false`
Taeyoung\Methods\Atlas126\Cert\Junction4.lean:196:132: warning: 'push_cast' tactic does nothing

Note: This linter can be disabled with `set_option linter.unusedTactic false`
Taeyoung\Methods\Atlas126\Cert\Junction4.lean:196:157: warning: 'push_cast' tactic does nothing

Note: This linter can be disabled with `set_option linter.unusedTactic false`
Taeyoung\Methods\Atlas126\Cert\Junction4.lean:196:182: warning: 'push_cast' tactic does nothing

Note: This linter can be disabled with `set_option linter.unusedTactic false`
Taeyoung\Methods\Atlas126\Cert\Junction4.lean:197:8: warning: 'push_cast at hb' tactic does nothing

Note: This linter can be disabled with `set_option linter.unusedTactic false`
Taeyoung\Methods\Atlas126\Cert\Junction4.lean:204:53: warning: 'push_cast' tactic does nothing

Note: This linter can be disabled with `set_option linter.unusedTactic false`
Taeyoung\Methods\Atlas126\Cert\Junction4.lean:204:78: warning: 'push_cast' tactic does nothing

Note: This linter can be disabled with `set_option linter.unusedTactic false`
Taeyoung\Methods\Atlas126\Cert\Junction4.lean:204:103: warning: 'push_cast' tactic does nothing

Note: This linter can be disabled with `set_option linter.unusedTactic false`
Taeyoung\Methods\Atlas126\Cert\Junction4.lean:204:128: warning: 'push_cast' tactic does nothing

Note: This linter can be disabled with `set_option linter.unusedTactic false`
Taeyoung\Methods\Atlas126\Cert\Junction4.lean:204:153: warning: 'push_cast' tactic does nothing

Note: This linter can be disabled with `set_option linter.unusedTactic false`
Taeyoung\Methods\Atlas126\Cert\Junction4.lean:204:178: warning: 'push_cast' tactic does nothing

Note: This linter can be disabled with `set_option linter.unusedTactic false`
Taeyoung\Methods\Atlas126\Cert\Junction4.lean:205:4: warning: 'push_cast at hb' tactic does nothing

Note: This linter can be disabled with `set_option linter.unusedTactic false`
Taeyoung\Methods\Atlas126\Cert\Junction4.lean:219:5: warning: Variable name `hc0` is not explicitly referenced.

The binding can be removed (if unused) or named `_` (if used implicitly).

Note: This linter can be disabled with `set_option linter.unusedVariables false`
Taeyoung\Methods\Atlas126\Cert\Junction4.lean:220:5: warning: Variable name `hc1` is not explicitly referenced.

The binding can be removed (if unused) or named `_` (if used implicitly).

Note: This linter can be disabled with `set_option linter.unusedVariables false`
Taeyoung\Methods\Atlas126\Cert\Junction4.lean:226:53: warning: 'push_cast' tactic does nothing

Note: This linter can be disabled with `set_option linter.unusedTactic false`
Taeyoung\Methods\Atlas126\Cert\Junction4.lean:226:78: warning: 'push_cast' tactic does nothing

Note: This linter can be disabled with `set_option linter.unusedTactic false`
Taeyoung\Methods\Atlas126\Cert\Junction4.lean:226:103: warning: 'push_cast' tactic does nothing

Note: This linter can be disabled with `set_option linter.unusedTactic false`
Taeyoung\Methods\Atlas126\Cert\Junction4.lean:226:128: warning: 'push_cast' tactic does nothing

Note: This linter can be disabled with `set_option linter.unusedTactic false`
Taeyoung\Methods\Atlas126\Cert\Junction4.lean:226:153: warning: 'push_cast' tactic does nothing

Note: This linter can be disabled with `set_option linter.unusedTactic false`
Taeyoung\Methods\Atlas126\Cert\Junction4.lean:226:178: warning: 'push_cast' tactic does nothing

Note: This linter can be disabled with `set_option linter.unusedTactic false`
Taeyoung\Methods\Atlas126\Cert\Junction4.lean:227:4: warning: 'push_cast at hb' tactic does nothing

Note: This linter can be disabled with `set_option linter.unusedTactic false`
Taeyoung\Methods\Atlas126\Cert\Junction4.lean:231:53: warning: 'push_cast' tactic does nothing

Note: This linter can be disabled with `set_option linter.unusedTactic false`
Taeyoung\Methods\Atlas126\Cert\Junction4.lean:231:78: warning: 'push_cast' tactic does nothing

Note: This linter can be disabled with `set_option linter.unusedTactic false`
Taeyoung\Methods\Atlas126\Cert\Junction4.lean:231:103: warning: 'push_cast' tactic does nothing

Note: This linter can be disabled with `set_option linter.unusedTactic false`
Taeyoung\Methods\Atlas126\Cert\Junction4.lean:231:128: warning: 'push_cast' tactic does nothing

Note: This linter can be disabled with `set_option linter.unusedTactic false`
Taeyoung\Methods\Atlas126\Cert\Junction4.lean:231:153: warning: 'push_cast' tactic does nothing

Note: This linter can be disabled with `set_option linter.unusedTactic false`
Taeyoung\Methods\Atlas126\Cert\Junction4.lean:231:178: warning: 'push_cast' tactic does nothing

Note: This linter can be disabled with `set_option linter.unusedTactic false`
Taeyoung\Methods\Atlas126\Cert\Junction4.lean:232:4: warning: 'push_cast at hb' tactic does nothing

Note: This linter can be disabled with `set_option linter.unusedTactic false`
Taeyoung\Methods\Atlas126\Cert\Junction4.lean:243:5: warning: Variable name `hc0` is not explicitly referenced.

The binding can be removed (if unused) or named `_` (if used implicitly).

Note: This linter can be disabled with `set_option linter.unusedVariables false`
Taeyoung\Methods\Atlas126\Cert\Junction4.lean:244:5: warning: Variable name `hc1` is not explicitly referenced.

The binding can be removed (if unused) or named `_` (if used implicitly).

Note: This linter can be disabled with `set_option linter.unusedVariables false`
Taeyoung\Methods\Atlas126\Cert\Junction4.lean:250:53: warning: 'push_cast' tactic does nothing

Note: This linter can be disabled with `set_option linter.unusedTactic false`
Taeyoung\Methods\Atlas126\Cert\Junction4.lean:250:78: warning: 'push_cast' tactic does nothing

Note: This linter can be disabled with `set_option linter.unusedTactic false`
Taeyoung\Methods\Atlas126\Cert\Junction4.lean:250:103: warning: 'push_cast' tactic does nothing

Note: This linter can be disabled with `set_option linter.unusedTactic false`
Taeyoung\Methods\Atlas126\Cert\Junction4.lean:250:128: warning: 'push_cast' tactic does nothing

Note: This linter can be disabled with `set_option linter.unusedTactic false`
Taeyoung\Methods\Atlas126\Cert\Junction4.lean:250:153: warning: 'push_cast' tactic does nothing

Note: This linter can be disabled with `set_option linter.unusedTactic false`
Taeyoung\Methods\Atlas126\Cert\Junction4.lean:250:178: warning: 'push_cast' tactic does nothing

Note: This linter can be disabled with `set_option linter.unusedTactic false`
Taeyoung\Methods\Atlas126\Cert\Junction4.lean:251:4: warning: 'push_cast at hb' tactic does nothing

Note: This linter can be disabled with `set_option linter.unusedTactic false`
Taeyoung\Methods\Atlas126\Cert\Junction4.lean:255:53: warning: 'push_cast' tactic does nothing

Note: This linter can be disabled with `set_option linter.unusedTactic false`
Taeyoung\Methods\Atlas126\Cert\Junction4.lean:255:78: warning: 'push_cast' tactic does nothing

Note: This linter can be disabled with `set_option linter.unusedTactic false`
Taeyoung\Methods\Atlas126\Cert\Junction4.lean:255:103: warning: 'push_cast' tactic does nothing

Note: This linter can be disabled with `set_option linter.unusedTactic false`
Taeyoung\Methods\Atlas126\Cert\Junction4.lean:255:128: warning: 'push_cast' tactic does nothing

Note: This linter can be disabled with `set_option linter.unusedTactic false`
Taeyoung\Methods\Atlas126\Cert\Junction4.lean:255:153: warning: 'push_cast' tactic does nothing

Note: This linter can be disabled with `set_option linter.unusedTactic false`
Taeyoung\Methods\Atlas126\Cert\Junction4.lean:255:178: warning: 'push_cast' tactic does nothing

Note: This linter can be disabled with `set_option linter.unusedTactic false`
Taeyoung\Methods\Atlas126\Cert\Junction4.lean:256:4: warning: 'push_cast at hb' tactic does nothing

Note: This linter can be disabled with `set_option linter.unusedTactic false`
Taeyoung\Methods\Atlas126\Cert\Junction4.lean:267:5: warning: Variable name `hc0` is not explicitly referenced.

The binding can be removed (if unused) or named `_` (if used implicitly).

Note: This linter can be disabled with `set_option linter.unusedVariables false`
Taeyoung\Methods\Atlas126\Cert\Junction4.lean:268:5: warning: Variable name `hc1` is not explicitly referenced.

The binding can be removed (if unused) or named `_` (if used implicitly).

Note: This linter can be disabled with `set_option linter.unusedVariables false`
Taeyoung\Methods\Atlas126\Cert\Junction4.lean:274:53: warning: 'push_cast' tactic does nothing

Note: This linter can be disabled with `set_option linter.unusedTactic false`
Taeyoung\Methods\Atlas126\Cert\Junction4.lean:274:78: warning: 'push_cast' tactic does nothing

Note: This linter can be disabled with `set_option linter.unusedTactic false`
Taeyoung\Methods\Atlas126\Cert\Junction4.lean:274:103: warning: 'push_cast' tactic does nothing

Note: This linter can be disabled with `set_option linter.unusedTactic false`
Taeyoung\Methods\Atlas126\Cert\Junction4.lean:274:128: warning: 'push_cast' tactic does nothing

Note: This linter can be disabled with `set_option linter.unusedTactic false`
Taeyoung\Methods\Atlas126\Cert\Junction4.lean:274:153: warning: 'push_cast' tactic does nothing

Note: This linter can be disabled with `set_option linter.unusedTactic false`
Taeyoung\Methods\Atlas126\Cert\Junction4.lean:274:178: warning: 'push_cast' tactic does nothing

Note: This linter can be disabled with `set_option linter.unusedTactic false`
Taeyoung\Methods\Atlas126\Cert\Junction4.lean:275:4: warning: 'push_cast at hb' tactic does nothing

Note: This linter can be disabled with `set_option linter.unusedTactic false`
Taeyoung\Methods\Atlas126\Cert\Junction4.lean:279:53: warning: 'push_cast' tactic does nothing

Note: This linter can be disabled with `set_option linter.unusedTactic false`
Taeyoung\Methods\Atlas126\Cert\Junction4.lean:279:78: warning: 'push_cast' tactic does nothing

Note: This linter can be disabled with `set_option linter.unusedTactic false`
Taeyoung\Methods\Atlas126\Cert\Junction4.lean:279:103: warning: 'push_cast' tactic does nothing

Note: This linter can be disabled with `set_option linter.unusedTactic false`
Taeyoung\Methods\Atlas126\Cert\Junction4.lean:279:128: warning: 'push_cast' tactic does nothing

Note: This linter can be disabled with `set_option linter.unusedTactic false`
Taeyoung\Methods\Atlas126\Cert\Junction4.lean:279:153: warning: 'push_cast' tactic does nothing

Note: This linter can be disabled with `set_option linter.unusedTactic false`
Taeyoung\Methods\Atlas126\Cert\Junction4.lean:279:178: warning: 'push_cast' tactic does nothing

Note: This linter can be disabled with `set_option linter.unusedTactic false`
Taeyoung\Methods\Atlas126\Cert\Junction4.lean:280:4: warning: 'push_cast at hb' tactic does nothing

Note: This linter can be disabled with `set_option linter.unusedTactic false`
Taeyoung\Methods\Atlas126\Cert\Junction4.lean:291:5: warning: Variable name `hc0` is not explicitly referenced.

The binding can be removed (if unused) or named `_` (if used implicitly).

Note: This linter can be disabled with `set_option linter.unusedVariables false`
Taeyoung\Methods\Atlas126\Cert\Junction4.lean:292:5: warning: Variable name `hc1` is not explicitly referenced.

The binding can be removed (if unused) or named `_` (if used implicitly).

Note: This linter can be disabled with `set_option linter.unusedVariables false`
Taeyoung\Methods\Atlas126\Cert\Junction4.lean:298:53: warning: 'push_cast' tactic does nothing

Note: This linter can be disabled with `set_option linter.unusedTactic false`
Taeyoung\Methods\Atlas126\Cert\Junction4.lean:298:78: warning: 'push_cast' tactic does nothing

Note: This linter can be disabled with `set_option linter.unusedTactic false`
Taeyoung\Methods\Atlas126\Cert\Junction4.lean:298:103: warning: 'push_cast' tactic does nothing

Note: This linter can be disabled with `set_option linter.unusedTactic false`
Taeyoung\Methods\Atlas126\Cert\Junction4.lean:298:128: warning: 'push_cast' tactic does nothing

Note: This linter can be disabled with `set_option linter.unusedTactic false`
Taeyoung\Methods\Atlas126\Cert\Junction4.lean:298:153: warning: 'push_cast' tactic does nothing

Note: This linter can be disabled with `set_option linter.unusedTactic false`
Taeyoung\Methods\Atlas126\Cert\Junction4.lean:298:178: warning: 'push_cast' tactic does nothing

Note: This linter can be disabled with `set_option linter.unusedTactic false`
Taeyoung\Methods\Atlas126\Cert\Junction4.lean:299:4: warning: 'push_cast at hb' tactic does nothing

Note: This linter can be disabled with `set_option linter.unusedTactic false`
Taeyoung\Methods\Atlas126\Cert\Junction4.lean:303:53: warning: 'push_cast' tactic does nothing

Note: This linter can be disabled with `set_option linter.unusedTactic false`
Taeyoung\Methods\Atlas126\Cert\Junction4.lean:303:78: warning: 'push_cast' tactic does nothing

Note: This linter can be disabled with `set_option linter.unusedTactic false`
Taeyoung\Methods\Atlas126\Cert\Junction4.lean:303:103: warning: 'push_cast' tactic does nothing

Note: This linter can be disabled with `set_option linter.unusedTactic false`
Taeyoung\Methods\Atlas126\Cert\Junction4.lean:303:128: warning: 'push_cast' tactic does nothing

Note: This linter can be disabled with `set_option linter.unusedTactic false`
Taeyoung\Methods\Atlas126\Cert\Junction4.lean:303:153: warning: 'push_cast' tactic does nothing

Note: This linter can be disabled with `set_option linter.unusedTactic false`
Taeyoung\Methods\Atlas126\Cert\Junction4.lean:303:178: warning: 'push_cast' tactic does nothing

Note: This linter can be disabled with `set_option linter.unusedTactic false`
Taeyoung\Methods\Atlas126\Cert\Junction4.lean:304:4: warning: 'push_cast at hb' tactic does nothing

Note: This linter can be disabled with `set_option linter.unusedTactic false`
Taeyoung\Methods\Atlas126\Cert\Junction4.lean:328:59: warning: 'push_cast' tactic does nothing

Note: This linter can be disabled with `set_option linter.unusedTactic false`
Taeyoung\Methods\Atlas126\Cert\Junction4.lean:328:84: warning: 'push_cast' tactic does nothing

Note: This linter can be disabled with `set_option linter.unusedTactic false`
Taeyoung\Methods\Atlas126\Cert\Junction4.lean:328:109: warning: 'push_cast' tactic does nothing

Note: This linter can be disabled with `set_option linter.unusedTactic false`
Taeyoung\Methods\Atlas126\Cert\Junction4.lean:328:134: warning: 'push_cast' tactic does nothing

Note: This linter can be disabled with `set_option linter.unusedTactic false`
Taeyoung\Methods\Atlas126\Cert\Junction4.lean:328:159: warning: 'push_cast' tactic does nothing

Note: This linter can be disabled with `set_option linter.unusedTactic false`
Taeyoung\Methods\Atlas126\Cert\Junction4.lean:328:184: warning: 'push_cast' tactic does nothing

Note: This linter can be disabled with `set_option linter.unusedTactic false`
Taeyoung\Methods\Atlas126\Cert\Junction4.lean:329:10: warning: 'push_cast at hb' tactic does nothing

Note: This linter can be disabled with `set_option linter.unusedTactic false`
Taeyoung\Methods\Atlas126\Cert\Junction4.lean:335:58: warning: 'push_cast' tactic does nothing

Note: This linter can be disabled with `set_option linter.unusedTactic false`
Taeyoung\Methods\Atlas126\Cert\Junction4.lean:335:83: warning: 'push_cast' tactic does nothing

Note: This linter can be disabled with `set_option linter.unusedTactic false`
Taeyoung\Methods\Atlas126\Cert\Junction4.lean:335:108: warning: 'push_cast' tactic does nothing

Note: This linter can be disabled with `set_option linter.unusedTactic false`
Taeyoung\Methods\Atlas126\Cert\Junction4.lean:335:133: warning: 'push_cast' tactic does nothing

Note: This linter can be disabled with `set_option linter.unusedTactic false`
Taeyoung\Methods\Atlas126\Cert\Junction4.lean:335:158: warning: 'push_cast' tactic does nothing

Note: This linter can be disabled with `set_option linter.unusedTactic false`
Taeyoung\Methods\Atlas126\Cert\Junction4.lean:335:183: warning: 'push_cast' tactic does nothing

Note: This linter can be disabled with `set_option linter.unusedTactic false`
Taeyoung\Methods\Atlas126\Cert\Junction4.lean:337:58: warning: 'push_cast' tactic does nothing

Note: This linter can be disabled with `set_option linter.unusedTactic false`
Taeyoung\Methods\Atlas126\Cert\Junction4.lean:337:83: warning: 'push_cast' tactic does nothing

Note: This linter can be disabled with `set_option linter.unusedTactic false`
Taeyoung\Methods\Atlas126\Cert\Junction4.lean:337:108: warning: 'push_cast' tactic does nothing

Note: This linter can be disabled with `set_option linter.unusedTactic false`
Taeyoung\Methods\Atlas126\Cert\Junction4.lean:337:133: warning: 'push_cast' tactic does nothing

Note: This linter can be disabled with `set_option linter.unusedTactic false`
Taeyoung\Methods\Atlas126\Cert\Junction4.lean:337:158: warning: 'push_cast' tactic does nothing

Note: This linter can be disabled with `set_option linter.unusedTactic false`
Taeyoung\Methods\Atlas126\Cert\Junction4.lean:337:183: warning: 'push_cast' tactic does nothing

Note: This linter can be disabled with `set_option linter.unusedTactic false`
Taeyoung\Methods\Atlas126\Cert\Junction4.lean:339:57: warning: 'push_cast' tactic does nothing

Note: This linter can be disabled with `set_option linter.unusedTactic false`
Taeyoung\Methods\Atlas126\Cert\Junction4.lean:339:82: warning: 'push_cast' tactic does nothing

Note: This linter can be disabled with `set_option linter.unusedTactic false`
Taeyoung\Methods\Atlas126\Cert\Junction4.lean:339:107: warning: 'push_cast' tactic does nothing

Note: This linter can be disabled with `set_option linter.unusedTactic false`
Taeyoung\Methods\Atlas126\Cert\Junction4.lean:339:132: warning: 'push_cast' tactic does nothing

Note: This linter can be disabled with `set_option linter.unusedTactic false`
Taeyoung\Methods\Atlas126\Cert\Junction4.lean:339:157: warning: 'push_cast' tactic does nothing

Note: This linter can be disabled with `set_option linter.unusedTactic false`
Taeyoung\Methods\Atlas126\Cert\Junction4.lean:339:182: warning: 'push_cast' tactic does nothing

Note: This linter can be disabled with `set_option linter.unusedTactic false`
Taeyoung\Methods\Atlas126\Cert\Junction4.lean:340:8: warning: 'push_cast at hb' tactic does nothing

Note: This linter can be disabled with `set_option linter.unusedTactic false`
Taeyoung\Methods\Atlas126\Cert\Junction4.lean:348:59: warning: 'push_cast' tactic does nothing

Note: This linter can be disabled with `set_option linter.unusedTactic false`
Taeyoung\Methods\Atlas126\Cert\Junction4.lean:348:84: warning: 'push_cast' tactic does nothing

Note: This linter can be disabled with `set_option linter.unusedTactic false`
Taeyoung\Methods\Atlas126\Cert\Junction4.lean:348:109: warning: 'push_cast' tactic does nothing

Note: This linter can be disabled with `set_option linter.unusedTactic false`
Taeyoung\Methods\Atlas126\Cert\Junction4.lean:348:134: warning: 'push_cast' tactic does nothing

Note: This linter can be disabled with `set_option linter.unusedTactic false`
Taeyoung\Methods\Atlas126\Cert\Junction4.lean:348:159: warning: 'push_cast' tactic does nothing

Note: This linter can be disabled with `set_option linter.unusedTactic false`
Taeyoung\Methods\Atlas126\Cert\Junction4.lean:348:184: warning: 'push_cast' tactic does nothing

Note: This linter can be disabled with `set_option linter.unusedTactic false`
Taeyoung\Methods\Atlas126\Cert\Junction4.lean:349:10: warning: 'push_cast at hb' tactic does nothing

Note: This linter can be disabled with `set_option linter.unusedTactic false`
Taeyoung\Methods\Atlas126\Cert\Junction4.lean:355:58: warning: 'push_cast' tactic does nothing

Note: This linter can be disabled with `set_option linter.unusedTactic false`
Taeyoung\Methods\Atlas126\Cert\Junction4.lean:355:83: warning: 'push_cast' tactic does nothing

Note: This linter can be disabled with `set_option linter.unusedTactic false`
Taeyoung\Methods\Atlas126\Cert\Junction4.lean:355:108: warning: 'push_cast' tactic does nothing

Note: This linter can be disabled with `set_option linter.unusedTactic false`
Taeyoung\Methods\Atlas126\Cert\Junction4.lean:355:133: warning: 'push_cast' tactic does nothing

Note: This linter can be disabled with `set_option linter.unusedTactic false`
Taeyoung\Methods\Atlas126\Cert\Junction4.lean:355:158: warning: 'push_cast' tactic does nothing

Note: This linter can be disabled with `set_option linter.unusedTactic false`
Taeyoung\Methods\Atlas126\Cert\Junction4.lean:355:183: warning: 'push_cast' tactic does nothing

Note: This linter can be disabled with `set_option linter.unusedTactic false`
Taeyoung\Methods\Atlas126\Cert\Junction4.lean:357:58: warning: 'push_cast' tactic does nothing

Note: This linter can be disabled with `set_option linter.unusedTactic false`
Taeyoung\Methods\Atlas126\Cert\Junction4.lean:357:83: warning: 'push_cast' tactic does nothing

Note: This linter can be disabled with `set_option linter.unusedTactic false`
Taeyoung\Methods\Atlas126\Cert\Junction4.lean:357:108: warning: 'push_cast' tactic does nothing

Note: This linter can be disabled with `set_option linter.unusedTactic false`
Taeyoung\Methods\Atlas126\Cert\Junction4.lean:357:133: warning: 'push_cast' tactic does nothing

Note: This linter can be disabled with `set_option linter.unusedTactic false`
Taeyoung\Methods\Atlas126\Cert\Junction4.lean:357:158: warning: 'push_cast' tactic does nothing

Note: This linter can be disabled with `set_option linter.unusedTactic false`
Taeyoung\Methods\Atlas126\Cert\Junction4.lean:357:183: warning: 'push_cast' tactic does nothing

Note: This linter can be disabled with `set_option linter.unusedTactic false`
Taeyoung\Methods\Atlas126\Cert\Junction4.lean:359:57: warning: 'push_cast' tactic does nothing

Note: This linter can be disabled with `set_option linter.unusedTactic false`
Taeyoung\Methods\Atlas126\Cert\Junction4.lean:359:82: warning: 'push_cast' tactic does nothing

Note: This linter can be disabled with `set_option linter.unusedTactic false`
Taeyoung\Methods\Atlas126\Cert\Junction4.lean:359:107: warning: 'push_cast' tactic does nothing

Note: This linter can be disabled with `set_option linter.unusedTactic false`
Taeyoung\Methods\Atlas126\Cert\Junction4.lean:359:132: warning: 'push_cast' tactic does nothing

Note: This linter can be disabled with `set_option linter.unusedTactic false`
Taeyoung\Methods\Atlas126\Cert\Junction4.lean:359:157: warning: 'push_cast' tactic does nothing

Note: This linter can be disabled with `set_option linter.unusedTactic false`
Taeyoung\Methods\Atlas126\Cert\Junction4.lean:359:182: warning: 'push_cast' tactic does nothing

Note: This linter can be disabled with `set_option linter.unusedTactic false`
Taeyoung\Methods\Atlas126\Cert\Junction4.lean:360:8: warning: 'push_cast at hb' tactic does nothing

Note: This linter can be disabled with `set_option linter.unusedTactic false`
Taeyoung\Methods\Atlas126\Cert\Junction4.lean:368:57: warning: 'push_cast' tactic does nothing

Note: This linter can be disabled with `set_option linter.unusedTactic false`
Taeyoung\Methods\Atlas126\Cert\Junction4.lean:368:82: warning: 'push_cast' tactic does nothing

Note: This linter can be disabled with `set_option linter.unusedTactic false`
Taeyoung\Methods\Atlas126\Cert\Junction4.lean:368:107: warning: 'push_cast' tactic does nothing

Note: This linter can be disabled with `set_option linter.unusedTactic false`
Taeyoung\Methods\Atlas126\Cert\Junction4.lean:368:132: warning: 'push_cast' tactic does nothing

Note: This linter can be disabled with `set_option linter.unusedTactic false`
Taeyoung\Methods\Atlas126\Cert\Junction4.lean:368:157: warning: 'push_cast' tactic does nothing

Note: This linter can be disabled with `set_option linter.unusedTactic false`
Taeyoung\Methods\Atlas126\Cert\Junction4.lean:368:182: warning: 'push_cast' tactic does nothing

Note: This linter can be disabled with `set_option linter.unusedTactic false`
Taeyoung\Methods\Atlas126\Cert\Junction4.lean:369:8: warning: 'push_cast at hb' tactic does nothing

Note: This linter can be disabled with `set_option linter.unusedTactic false`
Taeyoung\Methods\Atlas126\Cert\Junction4.lean:376:57: warning: 'push_cast' tactic does nothing

Note: This linter can be disabled with `set_option linter.unusedTactic false`
Taeyoung\Methods\Atlas126\Cert\Junction4.lean:376:82: warning: 'push_cast' tactic does nothing

Note: This linter can be disabled with `set_option linter.unusedTactic false`
Taeyoung\Methods\Atlas126\Cert\Junction4.lean:376:107: warning: 'push_cast' tactic does nothing

Note: This linter can be disabled with `set_option linter.unusedTactic false`
Taeyoung\Methods\Atlas126\Cert\Junction4.lean:376:132: warning: 'push_cast' tactic does nothing

Note: This linter can be disabled with `set_option linter.unusedTactic false`
Taeyoung\Methods\Atlas126\Cert\Junction4.lean:376:157: warning: 'push_cast' tactic does nothing

Note: This linter can be disabled with `set_option linter.unusedTactic false`
Taeyoung\Methods\Atlas126\Cert\Junction4.lean:376:182: warning: 'push_cast' tactic does nothing

Note: This linter can be disabled with `set_option linter.unusedTactic false`
Taeyoung\Methods\Atlas126\Cert\Junction4.lean:377:8: warning: 'push_cast at hb' tactic does nothing

Note: This linter can be disabled with `set_option linter.unusedTactic false`
Taeyoung\Methods\Atlas126\Cert\Junction4.lean:381:55: warning: 'push_cast' tactic does nothing

Note: This linter can be disabled with `set_option linter.unusedTactic false`
Taeyoung\Methods\Atlas126\Cert\Junction4.lean:381:80: warning: 'push_cast' tactic does nothing

Note: This linter can be disabled with `set_option linter.unusedTactic false`
Taeyoung\Methods\Atlas126\Cert\Junction4.lean:381:105: warning: 'push_cast' tactic does nothing

Note: This linter can be disabled with `set_option linter.unusedTactic false`
Taeyoung\Methods\Atlas126\Cert\Junction4.lean:381:130: warning: 'push_cast' tactic does nothing

Note: This linter can be disabled with `set_option linter.unusedTactic false`
Taeyoung\Methods\Atlas126\Cert\Junction4.lean:381:155: warning: 'push_cast' tactic does nothing

Note: This linter can be disabled with `set_option linter.unusedTactic false`
Taeyoung\Methods\Atlas126\Cert\Junction4.lean:381:180: warning: 'push_cast' tactic does nothing

Note: This linter can be disabled with `set_option linter.unusedTactic false`
Taeyoung\Methods\Atlas126\Cert\Junction4.lean:382:6: warning: 'push_cast at hb' tactic does nothing

Note: This linter can be disabled with `set_option linter.unusedTactic false`
Taeyoung\Methods\Atlas126\Cert\Junction4.lean:396:5: warning: Variable name `hc0` is not explicitly referenced.

The binding can be removed (if unused) or named `_` (if used implicitly).

Note: This linter can be disabled with `set_option linter.unusedVariables false`
Taeyoung\Methods\Atlas126\Cert\Junction4.lean:397:5: warning: Variable name `hc1` is not explicitly referenced.

The binding can be removed (if unused) or named `_` (if used implicitly).

Note: This linter can be disabled with `set_option linter.unusedVariables false`
Taeyoung\Methods\Atlas126\Cert\Junction4.lean:403:53: warning: 'push_cast' tactic does nothing

Note: This linter can be disabled with `set_option linter.unusedTactic false`
Taeyoung\Methods\Atlas126\Cert\Junction4.lean:403:78: warning: 'push_cast' tactic does nothing

Note: This linter can be disabled with `set_option linter.unusedTactic false`
Taeyoung\Methods\Atlas126\Cert\Junction4.lean:403:103: warning: 'push_cast' tactic does nothing

Note: This linter can be disabled with `set_option linter.unusedTactic false`
Taeyoung\Methods\Atlas126\Cert\Junction4.lean:403:128: warning: 'push_cast' tactic does nothing

Note: This linter can be disabled with `set_option linter.unusedTactic false`
Taeyoung\Methods\Atlas126\Cert\Junction4.lean:403:153: warning: 'push_cast' tactic does nothing

Note: This linter can be disabled with `set_option linter.unusedTactic false`
Taeyoung\Methods\Atlas126\Cert\Junction4.lean:403:178: warning: 'push_cast' tactic does nothing

Note: This linter can be disabled with `set_option linter.unusedTactic false`
Taeyoung\Methods\Atlas126\Cert\Junction4.lean:404:4: warning: 'push_cast at hb' tactic does nothing

Note: This linter can be disabled with `set_option linter.unusedTactic false`
Taeyoung\Methods\Atlas126\Cert\Junction4.lean:408:53: warning: 'push_cast' tactic does nothing

Note: This linter can be disabled with `set_option linter.unusedTactic false`
Taeyoung\Methods\Atlas126\Cert\Junction4.lean:408:78: warning: 'push_cast' tactic does nothing

Note: This linter can be disabled with `set_option linter.unusedTactic false`
Taeyoung\Methods\Atlas126\Cert\Junction4.lean:408:103: warning: 'push_cast' tactic does nothing

Note: This linter can be disabled with `set_option linter.unusedTactic false`
Taeyoung\Methods\Atlas126\Cert\Junction4.lean:408:128: warning: 'push_cast' tactic does nothing

Note: This linter can be disabled with `set_option linter.unusedTactic false`
Taeyoung\Methods\Atlas126\Cert\Junction4.lean:408:153: warning: 'push_cast' tactic does nothing

Note: This linter can be disabled with `set_option linter.unusedTactic false`
Taeyoung\Methods\Atlas126\Cert\Junction4.lean:408:178: warning: 'push_cast' tactic does nothing

Note: This linter can be disabled with `set_option linter.unusedTactic false`
Taeyoung\Methods\Atlas126\Cert\Junction4.lean:409:4: warning: 'push_cast at hb' tactic does nothing

Note: This linter can be disabled with `set_option linter.unusedTactic false`
Taeyoung\Methods\Atlas126\Cert\Junction4.lean:420:5: warning: Variable name `hc0` is not explicitly referenced.

The binding can be removed (if unused) or named `_` (if used implicitly).

Note: This linter can be disabled with `set_option linter.unusedVariables false`
Taeyoung\Methods\Atlas126\Cert\Junction4.lean:421:5: warning: Variable name `hc1` is not explicitly referenced.

The binding can be removed (if unused) or named `_` (if used implicitly).

Note: This linter can be disabled with `set_option linter.unusedVariables false`
Taeyoung\Methods\Atlas126\Cert\Junction4.lean:427:53: warning: 'push_cast' tactic does nothing

Note: This linter can be disabled with `set_option linter.unusedTactic false`
Taeyoung\Methods\Atlas126\Cert\Junction4.lean:427:78: warning: 'push_cast' tactic does nothing

Note: This linter can be disabled with `set_option linter.unusedTactic false`
Taeyoung\Methods\Atlas126\Cert\Junction4.lean:427:103: warning: 'push_cast' tactic does nothing

Note: This linter can be disabled with `set_option linter.unusedTactic false`
Taeyoung\Methods\Atlas126\Cert\Junction4.lean:427:128: warning: 'push_cast' tactic does nothing

Note: This linter can be disabled with `set_option linter.unusedTactic false`
Taeyoung\Methods\Atlas126\Cert\Junction4.lean:427:153: warning: 'push_cast' tactic does nothing

Note: This linter can be disabled with `set_option linter.unusedTactic false`
Taeyoung\Methods\Atlas126\Cert\Junction4.lean:427:178: warning: 'push_cast' tactic does nothing

Note: This linter can be disabled with `set_option linter.unusedTactic false`
Taeyoung\Methods\Atlas126\Cert\Junction4.lean:428:4: warning: 'push_cast at hb' tactic does nothing

Note: This linter can be disabled with `set_option linter.unusedTactic false`
Taeyoung\Methods\Atlas126\Cert\Junction4.lean:432:53: warning: 'push_cast' tactic does nothing

Note: This linter can be disabled with `set_option linter.unusedTactic false`
Taeyoung\Methods\Atlas126\Cert\Junction4.lean:432:78: warning: 'push_cast' tactic does nothing

Note: This linter can be disabled with `set_option linter.unusedTactic false`
Taeyoung\Methods\Atlas126\Cert\Junction4.lean:432:103: warning: 'push_cast' tactic does nothing

Note: This linter can be disabled with `set_option linter.unusedTactic false`
Taeyoung\Methods\Atlas126\Cert\Junction4.lean:432:128: warning: 'push_cast' tactic does nothing

Note: This linter can be disabled with `set_option linter.unusedTactic false`
Taeyoung\Methods\Atlas126\Cert\Junction4.lean:432:153: warning: 'push_cast' tactic does nothing

Note: This linter can be disabled with `set_option linter.unusedTactic false`
Taeyoung\Methods\Atlas126\Cert\Junction4.lean:432:178: warning: 'push_cast' tactic does nothing

Note: This linter can be disabled with `set_option linter.unusedTactic false`
Taeyoung\Methods\Atlas126\Cert\Junction4.lean:433:4: warning: 'push_cast at hb' tactic does nothing

Note: This linter can be disabled with `set_option linter.unusedTactic false`
Taeyoung\Methods\Atlas126\Cert\Junction4.lean:444:5: warning: Variable name `hc0` is not explicitly referenced.

The binding can be removed (if unused) or named `_` (if used implicitly).

Note: This linter can be disabled with `set_option linter.unusedVariables false`
Taeyoung\Methods\Atlas126\Cert\Junction4.lean:445:5: warning: Variable name `hc1` is not explicitly referenced.

The binding can be removed (if unused) or named `_` (if used implicitly).

Note: This linter can be disabled with `set_option linter.unusedVariables false`
Taeyoung\Methods\Atlas126\Cert\Junction4.lean:451:53: warning: 'push_cast' tactic does nothing

Note: This linter can be disabled with `set_option linter.unusedTactic false`
Taeyoung\Methods\Atlas126\Cert\Junction4.lean:451:78: warning: 'push_cast' tactic does nothing

Note: This linter can be disabled with `set_option linter.unusedTactic false`
Taeyoung\Methods\Atlas126\Cert\Junction4.lean:451:103: warning: 'push_cast' tactic does nothing

Note: This linter can be disabled with `set_option linter.unusedTactic false`
Taeyoung\Methods\Atlas126\Cert\Junction4.lean:451:128: warning: 'push_cast' tactic does nothing

Note: This linter can be disabled with `set_option linter.unusedTactic false`
Taeyoung\Methods\Atlas126\Cert\Junction4.lean:451:153: warning: 'push_cast' tactic does nothing

Note: This linter can be disabled with `set_option linter.unusedTactic false`
Taeyoung\Methods\Atlas126\Cert\Junction4.lean:451:178: warning: 'push_cast' tactic does nothing

Note: This linter can be disabled with `set_option linter.unusedTactic false`
Taeyoung\Methods\Atlas126\Cert\Junction4.lean:452:4: warning: 'push_cast at hb' tactic does nothing

Note: This linter can be disabled with `set_option linter.unusedTactic false`
Taeyoung\Methods\Atlas126\Cert\Junction4.lean:456:53: warning: 'push_cast' tactic does nothing

Note: This linter can be disabled with `set_option linter.unusedTactic false`
Taeyoung\Methods\Atlas126\Cert\Junction4.lean:456:78: warning: 'push_cast' tactic does nothing

Note: This linter can be disabled with `set_option linter.unusedTactic false`
Taeyoung\Methods\Atlas126\Cert\Junction4.lean:456:103: warning: 'push_cast' tactic does nothing

Note: This linter can be disabled with `set_option linter.unusedTactic false`
Taeyoung\Methods\Atlas126\Cert\Junction4.lean:456:128: warning: 'push_cast' tactic does nothing

Note: This linter can be disabled with `set_option linter.unusedTactic false`
Taeyoung\Methods\Atlas126\Cert\Junction4.lean:456:153: warning: 'push_cast' tactic does nothing

Note: This linter can be disabled with `set_option linter.unusedTactic false`
Taeyoung\Methods\Atlas126\Cert\Junction4.lean:456:178: warning: 'push_cast' tactic does nothing

Note: This linter can be disabled with `set_option linter.unusedTactic false`
Taeyoung\Methods\Atlas126\Cert\Junction4.lean:457:4: warning: 'push_cast at hb' tactic does nothing

Note: This linter can be disabled with `set_option linter.unusedTactic false`
Taeyoung\Methods\Atlas126\Cert\Junction4.lean:468:5: warning: Variable name `hc0` is not explicitly referenced.

The binding can be removed (if unused) or named `_` (if used implicitly).

Note: This linter can be disabled with `set_option linter.unusedVariables false`
Taeyoung\Methods\Atlas126\Cert\Junction4.lean:469:5: warning: Variable name `hc1` is not explicitly referenced.

The binding can be removed (if unused) or named `_` (if used implicitly).

Note: This linter can be disabled with `set_option linter.unusedVariables false`
Taeyoung\Methods\Atlas126\Cert\Junction4.lean:475:53: warning: 'push_cast' tactic does nothing

Note: This linter can be disabled with `set_option linter.unusedTactic false`
Taeyoung\Methods\Atlas126\Cert\Junction4.lean:475:78: warning: 'push_cast' tactic does nothing

Note: This linter can be disabled with `set_option linter.unusedTactic false`
Taeyoung\Methods\Atlas126\Cert\Junction4.lean:475:103: warning: 'push_cast' tactic does nothing

Note: This linter can be disabled with `set_option linter.unusedTactic false`
Taeyoung\Methods\Atlas126\Cert\Junction4.lean:475:128: warning: 'push_cast' tactic does nothing

Note: This linter can be disabled with `set_option linter.unusedTactic false`
Taeyoung\Methods\Atlas126\Cert\Junction4.lean:475:153: warning: 'push_cast' tactic does nothing

Note: This linter can be disabled with `set_option linter.unusedTactic false`
Taeyoung\Methods\Atlas126\Cert\Junction4.lean:475:178: warning: 'push_cast' tactic does nothing

Note: This linter can be disabled with `set_option linter.unusedTactic false`
Taeyoung\Methods\Atlas126\Cert\Junction4.lean:476:4: warning: 'push_cast at hb' tactic does nothing

Note: This linter can be disabled with `set_option linter.unusedTactic false`
Taeyoung\Methods\Atlas126\Cert\Junction4.lean:480:53: warning: 'push_cast' tactic does nothing

Note: This linter can be disabled with `set_option linter.unusedTactic false`
Taeyoung\Methods\Atlas126\Cert\Junction4.lean:480:78: warning: 'push_cast' tactic does nothing

Note: This linter can be disabled with `set_option linter.unusedTactic false`
Taeyoung\Methods\Atlas126\Cert\Junction4.lean:480:103: warning: 'push_cast' tactic does nothing

Note: This linter can be disabled with `set_option linter.unusedTactic false`
Taeyoung\Methods\Atlas126\Cert\Junction4.lean:480:128: warning: 'push_cast' tactic does nothing

Note: This linter can be disabled with `set_option linter.unusedTactic false`
Taeyoung\Methods\Atlas126\Cert\Junction4.lean:480:153: warning: 'push_cast' tactic does nothing

Note: This linter can be disabled with `set_option linter.unusedTactic false`
Taeyoung\Methods\Atlas126\Cert\Junction4.lean:480:178: warning: 'push_cast' tactic does nothing

Note: This linter can be disabled with `set_option linter.unusedTactic false`
Taeyoung\Methods\Atlas126\Cert\Junction4.lean:481:4: warning: 'push_cast at hb' tactic does nothing

Note: This linter can be disabled with `set_option linter.unusedTactic false`
Taeyoung\Methods\Atlas126\Cert\Junction4.lean:505:59: warning: 'push_cast' tactic does nothing

Note: This linter can be disabled with `set_option linter.unusedTactic false`
Taeyoung\Methods\Atlas126\Cert\Junction4.lean:505:84: warning: 'push_cast' tactic does nothing

Note: This linter can be disabled with `set_option linter.unusedTactic false`
Taeyoung\Methods\Atlas126\Cert\Junction4.lean:505:109: warning: 'push_cast' tactic does nothing

Note: This linter can be disabled with `set_option linter.unusedTactic false`
Taeyoung\Methods\Atlas126\Cert\Junction4.lean:505:134: warning: 'push_cast' tactic does nothing

Note: This linter can be disabled with `set_option linter.unusedTactic false`
Taeyoung\Methods\Atlas126\Cert\Junction4.lean:505:159: warning: 'push_cast' tactic does nothing

Note: This linter can be disabled with `set_option linter.unusedTactic false`
Taeyoung\Methods\Atlas126\Cert\Junction4.lean:505:184: warning: 'push_cast' tactic does nothing

Note: This linter can be disabled with `set_option linter.unusedTactic false`
Taeyoung\Methods\Atlas126\Cert\Junction4.lean:506:10: warning: 'push_cast at hb' tactic does nothing

Note: This linter can be disabled with `set_option linter.unusedTactic false`
Taeyoung\Methods\Atlas126\Cert\Junction4.lean:512:58: warning: 'push_cast' tactic does nothing

Note: This linter can be disabled with `set_option linter.unusedTactic false`
Taeyoung\Methods\Atlas126\Cert\Junction4.lean:512:83: warning: 'push_cast' tactic does nothing

Note: This linter can be disabled with `set_option linter.unusedTactic false`
Taeyoung\Methods\Atlas126\Cert\Junction4.lean:512:108: warning: 'push_cast' tactic does nothing

Note: This linter can be disabled with `set_option linter.unusedTactic false`
Taeyoung\Methods\Atlas126\Cert\Junction4.lean:512:133: warning: 'push_cast' tactic does nothing

Note: This linter can be disabled with `set_option linter.unusedTactic false`
Taeyoung\Methods\Atlas126\Cert\Junction4.lean:512:158: warning: 'push_cast' tactic does nothing

Note: This linter can be disabled with `set_option linter.unusedTactic false`
Taeyoung\Methods\Atlas126\Cert\Junction4.lean:512:183: warning: 'push_cast' tactic does nothing

Note: This linter can be disabled with `set_option linter.unusedTactic false`
Taeyoung\Methods\Atlas126\Cert\Junction4.lean:514:58: warning: 'push_cast' tactic does nothing

Note: This linter can be disabled with `set_option linter.unusedTactic false`
Taeyoung\Methods\Atlas126\Cert\Junction4.lean:514:83: warning: 'push_cast' tactic does nothing

Note: This linter can be disabled with `set_option linter.unusedTactic false`
Taeyoung\Methods\Atlas126\Cert\Junction4.lean:514:108: warning: 'push_cast' tactic does nothing

Note: This linter can be disabled with `set_option linter.unusedTactic false`
Taeyoung\Methods\Atlas126\Cert\Junction4.lean:514:133: warning: 'push_cast' tactic does nothing

Note: This linter can be disabled with `set_option linter.unusedTactic false`
Taeyoung\Methods\Atlas126\Cert\Junction4.lean:514:158: warning: 'push_cast' tactic does nothing

Note: This linter can be disabled with `set_option linter.unusedTactic false`
Taeyoung\Methods\Atlas126\Cert\Junction4.lean:514:183: warning: 'push_cast' tactic does nothing

Note: This linter can be disabled with `set_option linter.unusedTactic false`
Taeyoung\Methods\Atlas126\Cert\Junction4.lean:516:57: warning: 'push_cast' tactic does nothing

Note: This linter can be disabled with `set_option linter.unusedTactic false`
Taeyoung\Methods\Atlas126\Cert\Junction4.lean:516:82: warning: 'push_cast' tactic does nothing

Note: This linter can be disabled with `set_option linter.unusedTactic false`
Taeyoung\Methods\Atlas126\Cert\Junction4.lean:516:107: warning: 'push_cast' tactic does nothing

Note: This linter can be disabled with `set_option linter.unusedTactic false`
Taeyoung\Methods\Atlas126\Cert\Junction4.lean:516:132: warning: 'push_cast' tactic does nothing

Note: This linter can be disabled with `set_option linter.unusedTactic false`
Taeyoung\Methods\Atlas126\Cert\Junction4.lean:516:157: warning: 'push_cast' tactic does nothing

Note: This linter can be disabled with `set_option linter.unusedTactic false`
Taeyoung\Methods\Atlas126\Cert\Junction4.lean:516:182: warning: 'push_cast' tactic does nothing

Note: This linter can be disabled with `set_option linter.unusedTactic false`
Taeyoung\Methods\Atlas126\Cert\Junction4.lean:517:8: warning: 'push_cast at hb' tactic does nothing

Note: This linter can be disabled with `set_option linter.unusedTactic false`
Taeyoung\Methods\Atlas126\Cert\Junction4.lean:525:59: warning: 'push_cast' tactic does nothing

Note: This linter can be disabled with `set_option linter.unusedTactic false`
Taeyoung\Methods\Atlas126\Cert\Junction4.lean:525:84: warning: 'push_cast' tactic does nothing

Note: This linter can be disabled with `set_option linter.unusedTactic false`
Taeyoung\Methods\Atlas126\Cert\Junction4.lean:525:109: warning: 'push_cast' tactic does nothing

Note: This linter can be disabled with `set_option linter.unusedTactic false`
Taeyoung\Methods\Atlas126\Cert\Junction4.lean:525:134: warning: 'push_cast' tactic does nothing

Note: This linter can be disabled with `set_option linter.unusedTactic false`
Taeyoung\Methods\Atlas126\Cert\Junction4.lean:525:159: warning: 'push_cast' tactic does nothing

Note: This linter can be disabled with `set_option linter.unusedTactic false`
Taeyoung\Methods\Atlas126\Cert\Junction4.lean:525:184: warning: 'push_cast' tactic does nothing

Note: This linter can be disabled with `set_option linter.unusedTactic false`
Taeyoung\Methods\Atlas126\Cert\Junction4.lean:526:10: warning: 'push_cast at hb' tactic does nothing

Note: This linter can be disabled with `set_option linter.unusedTactic false`
Taeyoung\Methods\Atlas126\Cert\Junction4.lean:532:58: warning: 'push_cast' tactic does nothing

Note: This linter can be disabled with `set_option linter.unusedTactic false`
Taeyoung\Methods\Atlas126\Cert\Junction4.lean:532:83: warning: 'push_cast' tactic does nothing

Note: This linter can be disabled with `set_option linter.unusedTactic false`
Taeyoung\Methods\Atlas126\Cert\Junction4.lean:532:108: warning: 'push_cast' tactic does nothing

Note: This linter can be disabled with `set_option linter.unusedTactic false`
Taeyoung\Methods\Atlas126\Cert\Junction4.lean:532:133: warning: 'push_cast' tactic does nothing

Note: This linter can be disabled with `set_option linter.unusedTactic false`
Taeyoung\Methods\Atlas126\Cert\Junction4.lean:532:158: warning: 'push_cast' tactic does nothing

Note: This linter can be disabled with `set_option linter.unusedTactic false`
Taeyoung\Methods\Atlas126\Cert\Junction4.lean:532:183: warning: 'push_cast' tactic does nothing

Note: This linter can be disabled with `set_option linter.unusedTactic false`
Taeyoung\Methods\Atlas126\Cert\Junction4.lean:534:58: warning: 'push_cast' tactic does nothing

Note: This linter can be disabled with `set_option linter.unusedTactic false`
Taeyoung\Methods\Atlas126\Cert\Junction4.lean:534:83: warning: 'push_cast' tactic does nothing

Note: This linter can be disabled with `set_option linter.unusedTactic false`
Taeyoung\Methods\Atlas126\Cert\Junction4.lean:534:108: warning: 'push_cast' tactic does nothing

Note: This linter can be disabled with `set_option linter.unusedTactic false`
Taeyoung\Methods\Atlas126\Cert\Junction4.lean:534:133: warning: 'push_cast' tactic does nothing

Note: This linter can be disabled with `set_option linter.unusedTactic false`
Taeyoung\Methods\Atlas126\Cert\Junction4.lean:534:158: warning: 'push_cast' tactic does nothing

Note: This linter can be disabled with `set_option linter.unusedTactic false`
Taeyoung\Methods\Atlas126\Cert\Junction4.lean:534:183: warning: 'push_cast' tactic does nothing

Note: This linter can be disabled with `set_option linter.unusedTactic false`
Taeyoung\Methods\Atlas126\Cert\Junction4.lean:536:57: warning: 'push_cast' tactic does nothing

Note: This linter can be disabled with `set_option linter.unusedTactic false`
Taeyoung\Methods\Atlas126\Cert\Junction4.lean:536:82: warning: 'push_cast' tactic does nothing

Note: This linter can be disabled with `set_option linter.unusedTactic false`
Taeyoung\Methods\Atlas126\Cert\Junction4.lean:536:107: warning: 'push_cast' tactic does nothing

Note: This linter can be disabled with `set_option linter.unusedTactic false`
Taeyoung\Methods\Atlas126\Cert\Junction4.lean:536:132: warning: 'push_cast' tactic does nothing

Note: This linter can be disabled with `set_option linter.unusedTactic false`
Taeyoung\Methods\Atlas126\Cert\Junction4.lean:536:157: warning: 'push_cast' tactic does nothing

Note: This linter can be disabled with `set_option linter.unusedTactic false`
Taeyoung\Methods\Atlas126\Cert\Junction4.lean:536:182: warning: 'push_cast' tactic does nothing

Note: This linter can be disabled with `set_option linter.unusedTactic false`
Taeyoung\Methods\Atlas126\Cert\Junction4.lean:537:8: warning: 'push_cast at hb' tactic does nothing

Note: This linter can be disabled with `set_option linter.unusedTactic false`
Taeyoung\Methods\Atlas126\Cert\Junction4.lean:545:57: warning: 'push_cast' tactic does nothing

Note: This linter can be disabled with `set_option linter.unusedTactic false`
Taeyoung\Methods\Atlas126\Cert\Junction4.lean:545:82: warning: 'push_cast' tactic does nothing

Note: This linter can be disabled with `set_option linter.unusedTactic false`
Taeyoung\Methods\Atlas126\Cert\Junction4.lean:545:107: warning: 'push_cast' tactic does nothing

Note: This linter can be disabled with `set_option linter.unusedTactic false`
Taeyoung\Methods\Atlas126\Cert\Junction4.lean:545:132: warning: 'push_cast' tactic does nothing

Note: This linter can be disabled with `set_option linter.unusedTactic false`
Taeyoung\Methods\Atlas126\Cert\Junction4.lean:545:157: warning: 'push_cast' tactic does nothing

Note: This linter can be disabled with `set_option linter.unusedTactic false`
Taeyoung\Methods\Atlas126\Cert\Junction4.lean:545:182: warning: 'push_cast' tactic does nothing

Note: This linter can be disabled with `set_option linter.unusedTactic false`
Taeyoung\Methods\Atlas126\Cert\Junction4.lean:546:8: warning: 'push_cast at hb' tactic does nothing

Note: This linter can be disabled with `set_option linter.unusedTactic false`
Taeyoung\Methods\Atlas126\Cert\Junction4.lean:553:57: warning: 'push_cast' tactic does nothing

Note: This linter can be disabled with `set_option linter.unusedTactic false`
Taeyoung\Methods\Atlas126\Cert\Junction4.lean:553:82: warning: 'push_cast' tactic does nothing

Note: This linter can be disabled with `set_option linter.unusedTactic false`
Taeyoung\Methods\Atlas126\Cert\Junction4.lean:553:107: warning: 'push_cast' tactic does nothing

Note: This linter can be disabled with `set_option linter.unusedTactic false`
Taeyoung\Methods\Atlas126\Cert\Junction4.lean:553:132: warning: 'push_cast' tactic does nothing

Note: This linter can be disabled with `set_option linter.unusedTactic false`
Taeyoung\Methods\Atlas126\Cert\Junction4.lean:553:157: warning: 'push_cast' tactic does nothing

Note: This linter can be disabled with `set_option linter.unusedTactic false`
Taeyoung\Methods\Atlas126\Cert\Junction4.lean:553:182: warning: 'push_cast' tactic does nothing

Note: This linter can be disabled with `set_option linter.unusedTactic false`
Taeyoung\Methods\Atlas126\Cert\Junction4.lean:554:8: warning: 'push_cast at hb' tactic does nothing

Note: This linter can be disabled with `set_option linter.unusedTactic false`
Taeyoung\Methods\Atlas126\Cert\Junction4.lean:560:57: warning: 'push_cast' tactic does nothing

Note: This linter can be disabled with `set_option linter.unusedTactic false`
Taeyoung\Methods\Atlas126\Cert\Junction4.lean:560:82: warning: 'push_cast' tactic does nothing

Note: This linter can be disabled with `set_option linter.unusedTactic false`
Taeyoung\Methods\Atlas126\Cert\Junction4.lean:560:107: warning: 'push_cast' tactic does nothing

Note: This linter can be disabled with `set_option linter.unusedTactic false`
Taeyoung\Methods\Atlas126\Cert\Junction4.lean:560:132: warning: 'push_cast' tactic does nothing

Note: This linter can be disabled with `set_option linter.unusedTactic false`
Taeyoung\Methods\Atlas126\Cert\Junction4.lean:560:157: warning: 'push_cast' tactic does nothing

Note: This linter can be disabled with `set_option linter.unusedTactic false`
Taeyoung\Methods\Atlas126\Cert\Junction4.lean:560:182: warning: 'push_cast' tactic does nothing

Note: This linter can be disabled with `set_option linter.unusedTactic false`
Taeyoung\Methods\Atlas126\Cert\Junction4.lean:561:8: warning: 'push_cast at hb' tactic does nothing

Note: This linter can be disabled with `set_option linter.unusedTactic false`
Taeyoung\Methods\Atlas126\Cert\Junction4.lean:568:57: warning: 'push_cast' tactic does nothing

Note: This linter can be disabled with `set_option linter.unusedTactic false`
Taeyoung\Methods\Atlas126\Cert\Junction4.lean:568:82: warning: 'push_cast' tactic does nothing

Note: This linter can be disabled with `set_option linter.unusedTactic false`
Taeyoung\Methods\Atlas126\Cert\Junction4.lean:568:107: warning: 'push_cast' tactic does nothing

Note: This linter can be disabled with `set_option linter.unusedTactic false`
Taeyoung\Methods\Atlas126\Cert\Junction4.lean:568:132: warning: 'push_cast' tactic does nothing

Note: This linter can be disabled with `set_option linter.unusedTactic false`
Taeyoung\Methods\Atlas126\Cert\Junction4.lean:568:157: warning: 'push_cast' tactic does nothing

Note: This linter can be disabled with `set_option linter.unusedTactic false`
Taeyoung\Methods\Atlas126\Cert\Junction4.lean:568:182: warning: 'push_cast' tactic does nothing

Note: This linter can be disabled with `set_option linter.unusedTactic false`
Taeyoung\Methods\Atlas126\Cert\Junction4.lean:569:8: warning: 'push_cast at hb' tactic does nothing

Note: This linter can be disabled with `set_option linter.unusedTactic false`
Taeyoung\Methods\Atlas126\Cert\Junction4.lean:589:54: warning: 'push_cast' tactic does nothing

Note: This linter can be disabled with `set_option linter.unusedTactic false`
Taeyoung\Methods\Atlas126\Cert\Junction4.lean:589:79: warning: 'push_cast' tactic does nothing

Note: This linter can be disabled with `set_option linter.unusedTactic false`
Taeyoung\Methods\Atlas126\Cert\Junction4.lean:589:104: warning: 'push_cast' tactic does nothing

Note: This linter can be disabled with `set_option linter.unusedTactic false`
Taeyoung\Methods\Atlas126\Cert\Junction4.lean:589:129: warning: 'push_cast' tactic does nothing

Note: This linter can be disabled with `set_option linter.unusedTactic false`
Taeyoung\Methods\Atlas126\Cert\Junction4.lean:589:154: warning: 'push_cast' tactic does nothing

Note: This linter can be disabled with `set_option linter.unusedTactic false`
Taeyoung\Methods\Atlas126\Cert\Junction4.lean:589:179: warning: 'push_cast' tactic does nothing

Note: This linter can be disabled with `set_option linter.unusedTactic false`
Taeyoung\Methods\Atlas126\Cert\Junction4.lean:590:6: warning: 'push_cast at hb' tactic does nothing

Note: This linter can be disabled with `set_option linter.unusedTactic false`
Taeyoung\Methods\Atlas126\Cert\Junction4.lean:600:60: warning: 'push_cast' tactic does nothing

Note: This linter can be disabled with `set_option linter.unusedTactic false`
Taeyoung\Methods\Atlas126\Cert\Junction4.lean:600:85: warning: 'push_cast' tactic does nothing

Note: This linter can be disabled with `set_option linter.unusedTactic false`
Taeyoung\Methods\Atlas126\Cert\Junction4.lean:600:110: warning: 'push_cast' tactic does nothing

Note: This linter can be disabled with `set_option linter.unusedTactic false`
Taeyoung\Methods\Atlas126\Cert\Junction4.lean:600:135: warning: 'push_cast' tactic does nothing

Note: This linter can be disabled with `set_option linter.unusedTactic false`
Taeyoung\Methods\Atlas126\Cert\Junction4.lean:600:160: warning: 'push_cast' tactic does nothing

Note: This linter can be disabled with `set_option linter.unusedTactic false`
Taeyoung\Methods\Atlas126\Cert\Junction4.lean:600:185: warning: 'push_cast' tactic does nothing

Note: This linter can be disabled with `set_option linter.unusedTactic false`
Taeyoung\Methods\Atlas126\Cert\Junction4.lean:601:12: warning: 'push_cast at hb' tactic does nothing

Note: This linter can be disabled with `set_option linter.unusedTactic false`
Taeyoung\Methods\Atlas126\Cert\Junction4.lean:605:57: warning: 'push_cast' tactic does nothing

Note: This linter can be disabled with `set_option linter.unusedTactic false`
Taeyoung\Methods\Atlas126\Cert\Junction4.lean:605:82: warning: 'push_cast' tactic does nothing

Note: This linter can be disabled with `set_option linter.unusedTactic false`
Taeyoung\Methods\Atlas126\Cert\Junction4.lean:605:107: warning: 'push_cast' tactic does nothing

Note: This linter can be disabled with `set_option linter.unusedTactic false`
Taeyoung\Methods\Atlas126\Cert\Junction4.lean:605:132: warning: 'push_cast' tactic does nothing

Note: This linter can be disabled with `set_option linter.unusedTactic false`
Taeyoung\Methods\Atlas126\Cert\Junction4.lean:605:157: warning: 'push_cast' tactic does nothing

Note: This linter can be disabled with `set_option linter.unusedTactic false`
Taeyoung\Methods\Atlas126\Cert\Junction4.lean:605:182: warning: 'push_cast' tactic does nothing

Note: This linter can be disabled with `set_option linter.unusedTactic false`
Taeyoung\Methods\Atlas126\Cert\Junction4.lean:609:61: warning: 'push_cast' tactic does nothing

Note: This linter can be disabled with `set_option linter.unusedTactic false`
Taeyoung\Methods\Atlas126\Cert\Junction4.lean:609:86: warning: 'push_cast' tactic does nothing

Note: This linter can be disabled with `set_option linter.unusedTactic false`
Taeyoung\Methods\Atlas126\Cert\Junction4.lean:609:111: warning: 'push_cast' tactic does nothing

Note: This linter can be disabled with `set_option linter.unusedTactic false`
Taeyoung\Methods\Atlas126\Cert\Junction4.lean:609:136: warning: 'push_cast' tactic does nothing

Note: This linter can be disabled with `set_option linter.unusedTactic false`
Taeyoung\Methods\Atlas126\Cert\Junction4.lean:609:161: warning: 'push_cast' tactic does nothing

Note: This linter can be disabled with `set_option linter.unusedTactic false`
Taeyoung\Methods\Atlas126\Cert\Junction4.lean:609:186: warning: 'push_cast' tactic does nothing

Note: This linter can be disabled with `set_option linter.unusedTactic false`
Taeyoung\Methods\Atlas126\Cert\Junction4.lean:610:12: warning: 'push_cast at hb' tactic does nothing

Note: This linter can be disabled with `set_option linter.unusedTactic false`
Taeyoung\Methods\Atlas126\Cert\Junction4.lean:614:58: warning: 'push_cast' tactic does nothing

Note: This linter can be disabled with `set_option linter.unusedTactic false`
Taeyoung\Methods\Atlas126\Cert\Junction4.lean:614:83: warning: 'push_cast' tactic does nothing

Note: This linter can be disabled with `set_option linter.unusedTactic false`
Taeyoung\Methods\Atlas126\Cert\Junction4.lean:614:108: warning: 'push_cast' tactic does nothing

Note: This linter can be disabled with `set_option linter.unusedTactic false`
Taeyoung\Methods\Atlas126\Cert\Junction4.lean:614:133: warning: 'push_cast' tactic does nothing

Note: This linter can be disabled with `set_option linter.unusedTactic false`
Taeyoung\Methods\Atlas126\Cert\Junction4.lean:614:158: warning: 'push_cast' tactic does nothing

Note: This linter can be disabled with `set_option linter.unusedTactic false`
Taeyoung\Methods\Atlas126\Cert\Junction4.lean:614:183: warning: 'push_cast' tactic does nothing

Note: This linter can be disabled with `set_option linter.unusedTactic false`
Taeyoung\Methods\Atlas126\Cert\Junction4.lean:620:61: warning: 'push_cast' tactic does nothing

Note: This linter can be disabled with `set_option linter.unusedTactic false`
Taeyoung\Methods\Atlas126\Cert\Junction4.lean:620:86: warning: 'push_cast' tactic does nothing

Note: This linter can be disabled with `set_option linter.unusedTactic false`
Taeyoung\Methods\Atlas126\Cert\Junction4.lean:620:111: warning: 'push_cast' tactic does nothing

Note: This linter can be disabled with `set_option linter.unusedTactic false`
Taeyoung\Methods\Atlas126\Cert\Junction4.lean:620:136: warning: 'push_cast' tactic does nothing

Note: This linter can be disabled with `set_option linter.unusedTactic false`
Taeyoung\Methods\Atlas126\Cert\Junction4.lean:620:161: warning: 'push_cast' tactic does nothing

Note: This linter can be disabled with `set_option linter.unusedTactic false`
Taeyoung\Methods\Atlas126\Cert\Junction4.lean:620:186: warning: 'push_cast' tactic does nothing

Note: This linter can be disabled with `set_option linter.unusedTactic false`
Taeyoung\Methods\Atlas126\Cert\Junction4.lean:621:12: warning: 'push_cast at hb' tactic does nothing

Note: This linter can be disabled with `set_option linter.unusedTactic false`
Taeyoung\Methods\Atlas126\Cert\Junction4.lean:625:58: warning: 'push_cast' tactic does nothing

Note: This linter can be disabled with `set_option linter.unusedTactic false`
Taeyoung\Methods\Atlas126\Cert\Junction4.lean:625:83: warning: 'push_cast' tactic does nothing

Note: This linter can be disabled with `set_option linter.unusedTactic false`
Taeyoung\Methods\Atlas126\Cert\Junction4.lean:625:108: warning: 'push_cast' tactic does nothing

Note: This linter can be disabled with `set_option linter.unusedTactic false`
Taeyoung\Methods\Atlas126\Cert\Junction4.lean:625:133: warning: 'push_cast' tactic does nothing

Note: This linter can be disabled with `set_option linter.unusedTactic false`
Taeyoung\Methods\Atlas126\Cert\Junction4.lean:625:158: warning: 'push_cast' tactic does nothing

Note: This linter can be disabled with `set_option linter.unusedTactic false`
Taeyoung\Methods\Atlas126\Cert\Junction4.lean:625:183: warning: 'push_cast' tactic does nothing

Note: This linter can be disabled with `set_option linter.unusedTactic false`
Taeyoung\Methods\Atlas126\Cert\Junction4.lean:629:61: warning: 'push_cast' tactic does nothing

Note: This linter can be disabled with `set_option linter.unusedTactic false`
Taeyoung\Methods\Atlas126\Cert\Junction4.lean:629:86: warning: 'push_cast' tactic does nothing

Note: This linter can be disabled with `set_option linter.unusedTactic false`
Taeyoung\Methods\Atlas126\Cert\Junction4.lean:629:111: warning: 'push_cast' tactic does nothing

Note: This linter can be disabled with `set_option linter.unusedTactic false`
Taeyoung\Methods\Atlas126\Cert\Junction4.lean:629:136: warning: 'push_cast' tactic does nothing

Note: This linter can be disabled with `set_option linter.unusedTactic false`
Taeyoung\Methods\Atlas126\Cert\Junction4.lean:629:161: warning: 'push_cast' tactic does nothing

Note: This linter can be disabled with `set_option linter.unusedTactic false`
Taeyoung\Methods\Atlas126\Cert\Junction4.lean:629:186: warning: 'push_cast' tactic does nothing

Note: This linter can be disabled with `set_option linter.unusedTactic false`
Taeyoung\Methods\Atlas126\Cert\Junction4.lean:630:12: warning: 'push_cast at hb' tactic does nothing

Note: This linter can be disabled with `set_option linter.unusedTactic false`
Taeyoung\Methods\Atlas126\Cert\Junction4.lean:634:58: warning: 'push_cast' tactic does nothing

Note: This linter can be disabled with `set_option linter.unusedTactic false`
Taeyoung\Methods\Atlas126\Cert\Junction4.lean:634:83: warning: 'push_cast' tactic does nothing

Note: This linter can be disabled with `set_option linter.unusedTactic false`
Taeyoung\Methods\Atlas126\Cert\Junction4.lean:634:108: warning: 'push_cast' tactic does nothing

Note: This linter can be disabled with `set_option linter.unusedTactic false`
Taeyoung\Methods\Atlas126\Cert\Junction4.lean:634:133: warning: 'push_cast' tactic does nothing

Note: This linter can be disabled with `set_option linter.unusedTactic false`
Taeyoung\Methods\Atlas126\Cert\Junction4.lean:634:158: warning: 'push_cast' tactic does nothing

Note: This linter can be disabled with `set_option linter.unusedTactic false`
Taeyoung\Methods\Atlas126\Cert\Junction4.lean:634:183: warning: 'push_cast' tactic does nothing

Note: This linter can be disabled with `set_option linter.unusedTactic false`
Taeyoung\Methods\Atlas126\Cert\Junction4.lean:638:55: warning: 'push_cast' tactic does nothing

Note: This linter can be disabled with `set_option linter.unusedTactic false`
Taeyoung\Methods\Atlas126\Cert\Junction4.lean:638:80: warning: 'push_cast' tactic does nothing

Note: This linter can be disabled with `set_option linter.unusedTactic false`
Taeyoung\Methods\Atlas126\Cert\Junction4.lean:638:105: warning: 'push_cast' tactic does nothing

Note: This linter can be disabled with `set_option linter.unusedTactic false`
Taeyoung\Methods\Atlas126\Cert\Junction4.lean:638:130: warning: 'push_cast' tactic does nothing

Note: This linter can be disabled with `set_option linter.unusedTactic false`
Taeyoung\Methods\Atlas126\Cert\Junction4.lean:638:155: warning: 'push_cast' tactic does nothing

Note: This linter can be disabled with `set_option linter.unusedTactic false`
Taeyoung\Methods\Atlas126\Cert\Junction4.lean:638:180: warning: 'push_cast' tactic does nothing

Note: This linter can be disabled with `set_option linter.unusedTactic false`
Taeyoung\Methods\Atlas126\Cert\Junction4.lean:639:6: warning: 'push_cast at hb' tactic does nothing

Note: This linter can be disabled with `set_option linter.unusedTactic false`
Taeyoung\Methods\Atlas126\Cert\Junction4.lean:649:61: warning: 'push_cast' tactic does nothing

Note: This linter can be disabled with `set_option linter.unusedTactic false`
Taeyoung\Methods\Atlas126\Cert\Junction4.lean:649:86: warning: 'push_cast' tactic does nothing

Note: This linter can be disabled with `set_option linter.unusedTactic false`
Taeyoung\Methods\Atlas126\Cert\Junction4.lean:649:111: warning: 'push_cast' tactic does nothing

Note: This linter can be disabled with `set_option linter.unusedTactic false`
Taeyoung\Methods\Atlas126\Cert\Junction4.lean:649:136: warning: 'push_cast' tactic does nothing

Note: This linter can be disabled with `set_option linter.unusedTactic false`
Taeyoung\Methods\Atlas126\Cert\Junction4.lean:649:161: warning: 'push_cast' tactic does nothing

Note: This linter can be disabled with `set_option linter.unusedTactic false`
Taeyoung\Methods\Atlas126\Cert\Junction4.lean:649:186: warning: 'push_cast' tactic does nothing

Note: This linter can be disabled with `set_option linter.unusedTactic false`
Taeyoung\Methods\Atlas126\Cert\Junction4.lean:650:12: warning: 'push_cast at hb' tactic does nothing

Note: This linter can be disabled with `set_option linter.unusedTactic false`
Taeyoung\Methods\Atlas126\Cert\Junction4.lean:654:62: warning: 'push_cast' tactic does nothing

Note: This linter can be disabled with `set_option linter.unusedTactic false`
Taeyoung\Methods\Atlas126\Cert\Junction4.lean:654:87: warning: 'push_cast' tactic does nothing

Note: This linter can be disabled with `set_option linter.unusedTactic false`
Taeyoung\Methods\Atlas126\Cert\Junction4.lean:654:112: warning: 'push_cast' tactic does nothing

Note: This linter can be disabled with `set_option linter.unusedTactic false`
Taeyoung\Methods\Atlas126\Cert\Junction4.lean:654:137: warning: 'push_cast' tactic does nothing

Note: This linter can be disabled with `set_option linter.unusedTactic false`
Taeyoung\Methods\Atlas126\Cert\Junction4.lean:654:162: warning: 'push_cast' tactic does nothing

Note: This linter can be disabled with `set_option linter.unusedTactic false`
Taeyoung\Methods\Atlas126\Cert\Junction4.lean:654:187: warning: 'push_cast' tactic does nothing

Note: This linter can be disabled with `set_option linter.unusedTactic false`
Taeyoung\Methods\Atlas126\Cert\Junction4.lean:655:12: warning: 'push_cast at hb' tactic does nothing

Note: This linter can be disabled with `set_option linter.unusedTactic false`
Taeyoung\Methods\Atlas126\Cert\Junction4.lean:664:62: warning: 'push_cast' tactic does nothing

Note: This linter can be disabled with `set_option linter.unusedTactic false`
Taeyoung\Methods\Atlas126\Cert\Junction4.lean:664:87: warning: 'push_cast' tactic does nothing

Note: This linter can be disabled with `set_option linter.unusedTactic false`
Taeyoung\Methods\Atlas126\Cert\Junction4.lean:664:112: warning: 'push_cast' tactic does nothing

Note: This linter can be disabled with `set_option linter.unusedTactic false`
Taeyoung\Methods\Atlas126\Cert\Junction4.lean:664:137: warning: 'push_cast' tactic does nothing

Note: This linter can be disabled with `set_option linter.unusedTactic false`
Taeyoung\Methods\Atlas126\Cert\Junction4.lean:664:162: warning: 'push_cast' tactic does nothing

Note: This linter can be disabled with `set_option linter.unusedTactic false`
Taeyoung\Methods\Atlas126\Cert\Junction4.lean:664:187: warning: 'push_cast' tactic does nothing

Note: This linter can be disabled with `set_option linter.unusedTactic false`
Taeyoung\Methods\Atlas126\Cert\Junction4.lean:665:12: warning: 'push_cast at hb' tactic does nothing

Note: This linter can be disabled with `set_option linter.unusedTactic false`
Taeyoung\Methods\Atlas126\Cert\Junction4.lean:669:62: warning: 'push_cast' tactic does nothing

Note: This linter can be disabled with `set_option linter.unusedTactic false`
Taeyoung\Methods\Atlas126\Cert\Junction4.lean:669:87: warning: 'push_cast' tactic does nothing

Note: This linter can be disabled with `set_option linter.unusedTactic false`
Taeyoung\Methods\Atlas126\Cert\Junction4.lean:669:112: warning: 'push_cast' tactic does nothing

Note: This linter can be disabled with `set_option linter.unusedTactic false`
Taeyoung\Methods\Atlas126\Cert\Junction4.lean:669:137: warning: 'push_cast' tactic does nothing

Note: This linter can be disabled with `set_option linter.unusedTactic false`
Taeyoung\Methods\Atlas126\Cert\Junction4.lean:669:162: warning: 'push_cast' tactic does nothing

Note: This linter can be disabled with `set_option linter.unusedTactic false`
Taeyoung\Methods\Atlas126\Cert\Junction4.lean:669:187: warning: 'push_cast' tactic does nothing

Note: This linter can be disabled with `set_option linter.unusedTactic false`
Taeyoung\Methods\Atlas126\Cert\Junction4.lean:670:12: warning: 'push_cast at hb' tactic does nothing

Note: This linter can be disabled with `set_option linter.unusedTactic false`
Taeyoung\Methods\Atlas126\Cert\Junction4.lean:681:62: warning: 'push_cast' tactic does nothing

Note: This linter can be disabled with `set_option linter.unusedTactic false`
Taeyoung\Methods\Atlas126\Cert\Junction4.lean:681:87: warning: 'push_cast' tactic does nothing

Note: This linter can be disabled with `set_option linter.unusedTactic false`
Taeyoung\Methods\Atlas126\Cert\Junction4.lean:681:112: warning: 'push_cast' tactic does nothing

Note: This linter can be disabled with `set_option linter.unusedTactic false`
Taeyoung\Methods\Atlas126\Cert\Junction4.lean:681:137: warning: 'push_cast' tactic does nothing

Note: This linter can be disabled with `set_option linter.unusedTactic false`
Taeyoung\Methods\Atlas126\Cert\Junction4.lean:681:162: warning: 'push_cast' tactic does nothing

Note: This linter can be disabled with `set_option linter.unusedTactic false`
Taeyoung\Methods\Atlas126\Cert\Junction4.lean:681:187: warning: 'push_cast' tactic does nothing

Note: This linter can be disabled with `set_option linter.unusedTactic false`
Taeyoung\Methods\Atlas126\Cert\Junction4.lean:682:12: warning: 'push_cast at hb' tactic does nothing

Note: This linter can be disabled with `set_option linter.unusedTactic false`
Taeyoung\Methods\Atlas126\Cert\Junction4.lean:686:59: warning: 'push_cast' tactic does nothing

Note: This linter can be disabled with `set_option linter.unusedTactic false`
Taeyoung\Methods\Atlas126\Cert\Junction4.lean:686:84: warning: 'push_cast' tactic does nothing

Note: This linter can be disabled with `set_option linter.unusedTactic false`
Taeyoung\Methods\Atlas126\Cert\Junction4.lean:686:109: warning: 'push_cast' tactic does nothing

Note: This linter can be disabled with `set_option linter.unusedTactic false`
Taeyoung\Methods\Atlas126\Cert\Junction4.lean:686:134: warning: 'push_cast' tactic does nothing

Note: This linter can be disabled with `set_option linter.unusedTactic false`
Taeyoung\Methods\Atlas126\Cert\Junction4.lean:686:159: warning: 'push_cast' tactic does nothing

Note: This linter can be disabled with `set_option linter.unusedTactic false`
Taeyoung\Methods\Atlas126\Cert\Junction4.lean:686:184: warning: 'push_cast' tactic does nothing

Note: This linter can be disabled with `set_option linter.unusedTactic false`
Taeyoung\Methods\Atlas126\Cert\Junction4.lean:690:62: warning: 'push_cast' tactic does nothing

Note: This linter can be disabled with `set_option linter.unusedTactic false`
Taeyoung\Methods\Atlas126\Cert\Junction4.lean:690:87: warning: 'push_cast' tactic does nothing

Note: This linter can be disabled with `set_option linter.unusedTactic false`
Taeyoung\Methods\Atlas126\Cert\Junction4.lean:690:112: warning: 'push_cast' tactic does nothing

Note: This linter can be disabled with `set_option linter.unusedTactic false`
Taeyoung\Methods\Atlas126\Cert\Junction4.lean:690:137: warning: 'push_cast' tactic does nothing

Note: This linter can be disabled with `set_option linter.unusedTactic false`
Taeyoung\Methods\Atlas126\Cert\Junction4.lean:690:162: warning: 'push_cast' tactic does nothing

Note: This linter can be disabled with `set_option linter.unusedTactic false`
Taeyoung\Methods\Atlas126\Cert\Junction4.lean:690:187: warning: 'push_cast' tactic does nothing

Note: This linter can be disabled with `set_option linter.unusedTactic false`
Taeyoung\Methods\Atlas126\Cert\Junction4.lean:691:12: warning: 'push_cast at hb' tactic does nothing

Note: This linter can be disabled with `set_option linter.unusedTactic false`
Taeyoung\Methods\Atlas126\Cert\Junction4.lean:695:59: warning: 'push_cast' tactic does nothing

Note: This linter can be disabled with `set_option linter.unusedTactic false`
Taeyoung\Methods\Atlas126\Cert\Junction4.lean:695:84: warning: 'push_cast' tactic does nothing

Note: This linter can be disabled with `set_option linter.unusedTactic false`
Taeyoung\Methods\Atlas126\Cert\Junction4.lean:695:109: warning: 'push_cast' tactic does nothing

Note: This linter can be disabled with `set_option linter.unusedTactic false`
Taeyoung\Methods\Atlas126\Cert\Junction4.lean:695:134: warning: 'push_cast' tactic does nothing

Note: This linter can be disabled with `set_option linter.unusedTactic false`
Taeyoung\Methods\Atlas126\Cert\Junction4.lean:695:159: warning: 'push_cast' tactic does nothing

Note: This linter can be disabled with `set_option linter.unusedTactic false`
Taeyoung\Methods\Atlas126\Cert\Junction4.lean:695:184: warning: 'push_cast' tactic does nothing

Note: This linter can be disabled with `set_option linter.unusedTactic false`
