Taeyoung\Methods\Atlas126\LocalJunctionLow.lean:310:2: error: Type mismatch
  he
has type
  ↑(lowAW2Numer k i) / 256 = transWeight 2 (-(1 / 16)) (1 / 8) k i
but is expected to have type
  lowAW2 k i = transWeight 2 (-1 / 16) (1 / 8) k i
Taeyoung\Methods\Atlas126\LocalJunctionLow.lean:724:2: error: Type mismatch
  he
has type
  ↑(lowCW2Numer k i) / 1 = transWeight 0 (-(1 / 16)) (1 / 8) k i
but is expected to have type
  lowCW2 k i = transWeight 0 (-1 / 16) (1 / 8) k i
Taeyoung\Methods\Atlas126\LocalJunctionLow.lean:1474:2: error: Type mismatch
  he
has type
  ↑(lowDetW2Numer k i) / 256 = transWeight 2 (-(1 / 16)) (1 / 8) k i
but is expected to have type
  lowDetW2 k i = transWeight 2 (-1 / 16) (1 / 8) k i
Taeyoung\Methods\Atlas126\LocalJunctionLow.lean:2218:2: error: Type mismatch
  he
has type
  ↑(lowQW2Numer k i) / 268435456 = transWeight 7 (-(1 / 16)) (1 / 8) k i
but is expected to have type
  lowQW2 k i = transWeight 7 (-1 / 16) (1 / 8) k i
Try this:
  [apply] ring_nf
  
  The `ring` tactic failed to close the goal. Use `ring_nf` to obtain a normal form.
    
  Note that `ring` works primarily in *commutative* rings. If you have a noncommutative ring, abelian group or module, consider using `noncomm_ring`, `abel` or `module` instead.
Taeyoung\Methods\Atlas126\LocalJunctionLow.lean:2889:38: warning: Used `tac1 <;> tac2` where `(tac1; tac2)` would suffice

Note: This linter can be disabled with `set_option linter.unnecessarySeqFocus false`
Taeyoung\Methods\Atlas126\LocalJunctionLow.lean:2889:56: warning: Used `tac1 <;> tac2` where `(tac1; tac2)` would suffice

Note: This linter can be disabled with `set_option linter.unnecessarySeqFocus false`
