integer face bases [(64, 60, 9), (104, 102, 5), (68, 66, 6), (60, 60, 1), (12, 12, 1), (32, 32, 1), (52, 52, 1), (34, 34, 1), (30, 30, 1), (6, 6, 1)]
S4 slice 4: source=90 multiplicity=90
S4 slice 31: source=240 multiplicity=150
S4 slice 22: source=336 multiplicity=96
S4 slice 211: source=352 multiplicity=90
S4 slice 1111: source=112 multiplicity=22
Young slice 4: rows=24 columns=1 multiplicity=32 maxabs=24
Young slice 31: rows=6 columns=2 multiplicity=52 maxabs=6
Young slice 22: rows=4 columns=4 multiplicity=34 maxabs=8
Young slice 211: rows=2 columns=6 multiplicity=30 maxabs=2
Young slice 1111: rows=1 columns=24 multiplicity=6 maxabs=2
equations reconstructed 407 4.45
small coefficient matrix 407 14189 max 1337472000 seconds 7.56
approximate minimum eigenvalues [3.85642330527371e-10, 8.054459629031882e-10, 2.814130398343351e-09, 1.2844393856936105e-06, 4.315659748573713e-07, 3.5720667985408474e-08, 5.002204147388193e-07, 2.375552972028952e-07, 1.284577013311026e-06, 5.155064168056772e-07]
ALL coefficient equations exact 407 rank 406 common denominator digits 19 seconds 10.16
exact PSD 0 relative DD margin 0.9999996091714197 seconds 10.16
exact PSD 1 relative DD margin 0.9999993271479739 seconds 10.19
exact PSD 2 relative DD margin 0.9999993403428838 seconds 10.2
exact PSD 3 relative DD margin 0.9999988087245613 seconds 10.2
exact PSD 4 relative DD margin 0.9999998588608582 seconds 10.2
exact PSD 5 relative DD margin 0.9999998070205104 seconds 10.22
exact PSD 6 relative DD margin 0.999999028018989 seconds 10.22
exact PSD 7 relative DD margin 0.9999995816349061 seconds 10.22
exact PSD 8 relative DD margin 0.9999993378611022 seconds 10.22
exact PSD 9 relative DD margin 0.9999999463700657 seconds 10.22
wrote experiments\atlas153_compact_middle_candidate.json bytes 2043565 seconds 10.23
