G0_4: factor=(64, 60) maxabs=2111274 rounding=4.999e-09
G0_31: factor=(104, 102) maxabs=2325788 rounding=4.999e-09
G0_22: factor=(68, 66) maxabs=2328582 rounding=4.999e-09
G0_211: factor=(60, 60) maxabs=4588414 rounding=5.000e-09
G0_1111: factor=(12, 12) maxabs=5498732 rounding=4.901e-09
G1_4: factor=(32, 32) maxabs=3269688 rounding=4.997e-09
G1_31: factor=(52, 52) maxabs=5534530 rounding=4.998e-09
G1_22: factor=(34, 34) maxabs=4973160 rounding=4.997e-09
G1_211: factor=(30, 30) maxabs=6951078 rounding=4.990e-09
G1_1111: factor=(6, 6) maxabs=5610692 rounding=4.992e-09
S4 slice 4: source=90 multiplicity=90
S4 slice 31: source=240 multiplicity=150
S4 slice 22: source=336 multiplicity=96
S4 slice 211: source=352 multiplicity=90
S4 slice 1111: source=112 multiplicity=22
Young slice 4: rows=24 columns=1 multiplicity=32 maxabs=24
Young slice 31: rows=6 columns=2 multiplicity=52 maxabs=6
Young slice 22: rows=4 columns=4 multiplicity=34 maxabs=8
Young slice 211: rows=2 columns=6 multiplicity=30 maxabs=2
Young slice 1111: rows=1 columns=24 multiplicity=6 maxabs=2
equations=407 rank=406 variables=14189 preliminary_max=2.753e-04
DD margins=[0.9977314470012322, 0.9987944747851322, 0.9991958339381877, 0.9992144105867752, 0.9999080232528712, 0.9983634989986243, 0.9987523928051835, 0.9991050080386671, 0.9996508679471906, 0.9999654092999188]
all 407 exact equations verified (406 defining, 1 redundant checks)
wrote experiments\atlas153_exact_middle35_interval_sos.json (5033483 bytes)
