G0_4: factor=(64, 60) maxabs=2117454 rounding=4.993e-09
G0_31: factor=(104, 102) maxabs=2398722 rounding=5.000e-09
G0_22: factor=(68, 66) maxabs=2326720 rounding=4.999e-09
G0_211: factor=(60, 60) maxabs=4680437 rounding=4.999e-09
G0_1111: factor=(12, 12) maxabs=5500465 rounding=4.833e-09
G1_4: factor=(32, 32) maxabs=3266830 rounding=4.996e-09
G1_31: factor=(52, 52) maxabs=5524249 rounding=4.998e-09
G1_22: factor=(34, 34) maxabs=5002493 rounding=4.998e-09
G1_211: factor=(30, 30) maxabs=6903626 rounding=4.998e-09
G1_1111: factor=(6, 6) maxabs=5631205 rounding=4.692e-09
S4 slice 4: source=90 multiplicity=90
S4 slice 31: source=240 multiplicity=150
S4 slice 22: source=336 multiplicity=96
S4 slice 211: source=352 multiplicity=90
S4 slice 1111: source=112 multiplicity=22
Young slice 4: rows=24 columns=1 multiplicity=32 maxabs=24
Young slice 31: rows=6 columns=2 multiplicity=52 maxabs=6
Young slice 22: rows=4 columns=4 multiplicity=34 maxabs=8
Young slice 211: rows=2 columns=6 multiplicity=30 maxabs=2
Young slice 1111: rows=1 columns=24 multiplicity=6 maxabs=2
equations=407 rank=406 variables=14189 preliminary_max=1.312e-04
DD margins=[0.9982554134763068, 0.9992588255085734, 0.9994689903778492, 0.9996089325932745, 0.9999653543585023, 0.9991985719049397, 0.9992369818408203, 0.99966918187, 0.999832191951585, 0.9999600053270484]
all 407 exact equations verified (406 defining, 1 redundant checks)
Traceback (most recent call last):
  File "C:\Users\mekty\neural-combinatorics\discussions\taeyoung-conjecture\exhaustive_research\experiments\s4_interval_rationalize.py", line 348, in <module>
    main()
  File "C:\Users\mekty\neural-combinatorics\discussions\taeyoung-conjecture\exhaustive_research\experiments\s4_interval_rationalize.py", line 343, in main
    output.write_text(json.dumps(certificate, separators=(",", ":")), encoding="utf-8")
                      ^^^^^^^^^^^^^^^^^^^^^^^^^^^^^^^^^^^^^^^^^^^^^^
  File "C:\Users\mekty\anaconda3\Lib\json\__init__.py", line 238, in dumps
    **kw).encode(obj)
          ^^^^^^^^^^^
  File "C:\Users\mekty\anaconda3\Lib\json\encoder.py", line 200, in encode
    chunks = self.iterencode(o, _one_shot=True)
             ^^^^^^^^^^^^^^^^^^^^^^^^^^^^^^^^^^
  File "C:\Users\mekty\anaconda3\Lib\json\encoder.py", line 258, in iterencode
    return _iterencode(o, 0)
           ^^^^^^^^^^^^^^^^^
ValueError: Exceeds the limit (4300 digits) for integer string conversion; use sys.set_int_max_str_digits() to increase the limit
