S4 slice 4: source=90 multiplicity=90
S4 slice 31: source=240 multiplicity=150
S4 slice 22: source=336 multiplicity=96
S4 slice 211: source=352 multiplicity=90
S4 slice 1111: source=112 multiplicity=22
Young slice 4: rows=24 columns=1 multiplicity=32 maxabs=24
Young slice 31: rows=6 columns=2 multiplicity=52 maxabs=6
Young slice 22: rows=4 columns=4 multiplicity=34 maxabs=8
Young slice 211: rows=2 columns=6 multiplicity=30 maxabs=2
Young slice 1111: rows=1 columns=24 multiplicity=6 maxabs=2
atlas=153 interval=[3/5,2/3] basis=352 blocks0={'4': 60, '31': 102, '22': 66, '211': 60, '1111': 12} blocks1={'4': 32, '31': 52, '22': 34, '211': 30, '1111': 6} equations=407 rank=406 augmented=406
C:\Users\mekty\anaconda3\Lib\site-packages\cvxpy\problems\problem.py:1539: UserWarning: Solution may be inaccurate. Try another solver, adjusting the solver settings, or solve with verbose=True for more information.
  warnings.warn(
status=optimal_inaccurate objective=2.0553127411739174e-05
G0_4: min=2.05479e-05 rank1e-7=60
G0_31: min=2.05455e-05 rank1e-7=102
G0_22: min=2.05478e-05 rank1e-7=66
G0_211: min=2.05325e-05 rank1e-7=60
G0_1111: min=2.05518e-05 rank1e-7=12
G1_4: min=1.01007e-05 rank1e-7=32
G1_31: min=2.05159e-05 rank1e-7=52
G1_22: min=2.04915e-05 rank1e-7=34
G1_211: min=2.05530e-05 rank1e-7=30
G1_1111: min=2.05530e-05 rank1e-7=6
max_residual=1.576121e-06
