S4 slice 4: source=90 multiplicity=90
S4 slice 31: source=240 multiplicity=150
S4 slice 22: source=336 multiplicity=96
S4 slice 211: source=352 multiplicity=90
S4 slice 1111: source=112 multiplicity=22
Young slice 4: rows=24 columns=1 multiplicity=32 maxabs=24
Young slice 31: rows=6 columns=2 multiplicity=52 maxabs=6
Young slice 22: rows=4 columns=4 multiplicity=34 maxabs=8
Young slice 211: rows=2 columns=6 multiplicity=30 maxabs=2
Young slice 1111: rows=1 columns=24 multiplicity=6 maxabs=2
atlas=153 interval=[3/5,2/3] basis=352 blocks0={'4': 60, '31': 102, '22': 66, '211': 60, '1111': 12} blocks1={'4': 32, '31': 52, '22': 34, '211': 30, '1111': 6} equations=407 rank=406 augmented=406
status=optimal objective=0.0
G0_4: min=-7.29577e-08 rank1e-7=55
G0_31: min=-8.10167e-08 rank1e-7=95
G0_22: min=-9.28682e-08 rank1e-7=61
G0_211: min=-8.46890e-09 rank1e-7=56
G0_1111: min=7.22614e-07 rank1e-7=12
G1_4: min=-3.33224e-08 rank1e-7=26
G1_31: min=-2.77784e-09 rank1e-7=47
G1_22: min=-1.37140e-08 rank1e-7=29
G1_211: min=1.01739e-09 rank1e-7=29
G1_1111: min=1.78823e-07 rank1e-7=6
max_residual=6.821706e-06
