S4 slice 4: source=90 multiplicity=90
S4 slice 31: source=240 multiplicity=150
S4 slice 22: source=336 multiplicity=96
S4 slice 211: source=352 multiplicity=90
S4 slice 1111: source=112 multiplicity=22
Young slice 4: rows=24 columns=1 multiplicity=32 maxabs=24
Young slice 31: rows=6 columns=2 multiplicity=52 maxabs=6
Young slice 22: rows=4 columns=4 multiplicity=34 maxabs=8
Young slice 211: rows=2 columns=6 multiplicity=30 maxabs=2
Young slice 1111: rows=1 columns=24 multiplicity=6 maxabs=2
atlas=153 interval=[3/5,2/3] basis=352 blocks0={'4': 60, '31': 102, '22': 66, '211': 60, '1111': 12} blocks1={'4': 32, '31': 52, '22': 34, '211': 30, '1111': 6} equations=407 rank=406 augmented=406
Traceback (most recent call last):
  File "C:\Users\mekty\neural-combinatorics\discussions\taeyoung-conjecture\exhaustive_research\experiments\full_s4_interval_sos.py", line 409, in <module>
    main()
  File "C:\Users\mekty\neural-combinatorics\discussions\taeyoung-conjecture\exhaustive_research\experiments\full_s4_interval_sos.py", line 359, in main
    problem.solve(solver="CLARABEL", tol_gap_abs=1e-8, tol_feas=1e-8,
  File "C:\Users\mekty\anaconda3\Lib\site-packages\cvxpy\problems\problem.py", line 609, in solve
    return solve_func(self, *args, **kwargs)
           ^^^^^^^^^^^^^^^^^^^^^^^^^^^^^^^^^
  File "C:\Users\mekty\anaconda3\Lib\site-packages\cvxpy\problems\problem.py", line 1222, in _solve
    self.unpack_results(solution, solving_chain, inverse_data)
  File "C:\Users\mekty\anaconda3\Lib\site-packages\cvxpy\problems\problem.py", line 1547, in unpack_results
    raise error.SolverError(
cvxpy.error.SolverError: Solver 'CLARABEL' failed. Try another solver, or solve with verbose=True for more information.
