integer face bases [(64, 50, 15), (104, 98, 13), (68, 62, 6), (60, 60, 1), (12, 12, 1), (32, 23, 4), (52, 48, 5), (34, 30, 3), (30, 30, 1), (6, 6, 1)]
S4 slice 4: source=90 multiplicity=90
S4 slice 31: source=240 multiplicity=150
S4 slice 22: source=336 multiplicity=96
S4 slice 211: source=352 multiplicity=90
S4 slice 1111: source=112 multiplicity=22
Young slice 4: rows=24 columns=1 multiplicity=32 maxabs=24
Young slice 31: rows=6 columns=2 multiplicity=52 maxabs=6
Young slice 22: rows=4 columns=4 multiplicity=34 maxabs=8
Young slice 211: rows=2 columns=6 multiplicity=30 maxabs=2
Young slice 1111: rows=1 columns=24 multiplicity=6 maxabs=2
equations reconstructed 407 4.34
small coefficient matrix 407 12390 max 53747712 seconds 7.19
approximate minimum eigenvalues [2.3957694496764075e-09, 6.685853836565152e-09, 2.1529053840521405e-08, 1.65112099404909e-05, 5.648290458290269e-06, 6.928067236066483e-08, 2.105306746933729e-07, 5.858609297651012e-07, 1.7871478111070553e-05, 1.2488462300709653e-05]
ALL coefficient equations exact 407 rank 398 common denominator digits 17 seconds 9.39
exact PSD 0 relative DD margin 0.9999995895888365 seconds 9.41
exact PSD 1 relative DD margin 0.9999987373300179 seconds 9.44
exact PSD 2 relative DD margin 0.9999994024832539 seconds 9.45
exact PSD 3 relative DD margin 0.9999980444703997 seconds 9.47
exact PSD 4 relative DD margin 0.9999998292346464 seconds 9.47
exact PSD 5 relative DD margin 0.9999996704562251 seconds 9.47
exact PSD 6 relative DD margin 0.9999992739262833 seconds 9.47
exact PSD 7 relative DD margin 0.9999997197607057 seconds 9.47
exact PSD 8 relative DD margin 0.999999090576004 seconds 9.47
exact PSD 9 relative DD margin 0.9999998965212742 seconds 9.47
wrote experiments\atlas153_compact_upper_candidate.json bytes 1606617 seconds 9.48
