Taeyoung\Methods\PureChordal\CliqueMoments.lean:26:8: warning: automatically included section variable(s) unused in theorem `Taeyoung.Methods.PureChordal.optionAssignment_none`:
  [MeasurableSpace Ω]
consider restructuring your `variable` declarations so that the variables are not in scope or explicitly omit them:
  omit [MeasurableSpace Ω] in theorem ...

Note: This linter can be disabled with `set_option linter.unusedSectionVars false`
Taeyoung\Methods\PureChordal\CliqueMoments.lean:29:8: warning: automatically included section variable(s) unused in theorem `Taeyoung.Methods.PureChordal.optionAssignment_some`:
  [MeasurableSpace Ω]
consider restructuring your `variable` declarations so that the variables are not in scope or explicitly omit them:
  omit [MeasurableSpace Ω] in theorem ...

Note: This linter can be disabled with `set_option linter.unusedSectionVars false`
Taeyoung\Methods\PureChordal\CliqueMoments.lean:102:0: warning: automatically included section variable(s) unused in theorem `Taeyoung.Methods.PureChordal.measurable_cliqueExtensionWeight`:
  [IsProbabilityMeasure μ]
consider restructuring your `variable` declarations so that the variables are not in scope or explicitly omit them:
  omit [IsProbabilityMeasure μ] in theorem ...

Note: This linter can be disabled with `set_option linter.unusedSectionVars false`
Taeyoung\Methods\PureChordal\CliqueMoments.lean:110:0: warning: automatically included section variable(s) unused in theorem `Taeyoung.Methods.PureChordal.cliqueExtensionWeight_nonneg`:
  [IsProbabilityMeasure μ]
consider restructuring your `variable` declarations so that the variables are not in scope or explicitly omit them:
  omit [IsProbabilityMeasure μ] in theorem ...

Note: This linter can be disabled with `set_option linter.unusedSectionVars false`
Taeyoung\Methods\PureChordal\CliqueMoments.lean:113:25: warning: Variable name `i` is not explicitly referenced.

The binding can be removed (if unused) or named `_` (if used implicitly).

Note: This linter can be disabled with `set_option linter.unusedVariables false`
Taeyoung\Methods\PureChordal\CliqueMoments.lean:115:0: warning: automatically included section variable(s) unused in theorem `Taeyoung.Methods.PureChordal.cliqueExtensionWeight_le_one`:
  [IsProbabilityMeasure μ]
consider restructuring your `variable` declarations so that the variables are not in scope or explicitly omit them:
  omit [IsProbabilityMeasure μ] in theorem ...

Note: This linter can be disabled with `set_option linter.unusedSectionVars false`
Taeyoung\Methods\PureChordal\CliqueMoments.lean:119:9: warning: Variable name `i` is not explicitly referenced.

The binding can be removed (if unused) or named `_` (if used implicitly).

Note: This linter can be disabled with `set_option linter.unusedVariables false`
Taeyoung\Methods\PureChordal\CliqueMoments.lean:120:9: warning: Variable name `i` is not explicitly referenced.

The binding can be removed (if unused) or named `_` (if used implicitly).

Note: This linter can be disabled with `set_option linter.unusedVariables false`
Taeyoung\Methods\PureChordal\CliqueMoments.lean:168:8: warning: automatically included section variable(s) unused in theorem `_private.Taeyoung.Methods.PureChordal.CliqueMoments.0.Taeyoung.Methods.PureChordal.prod_incident_edges_option`:
  [IsProbabilityMeasure μ]
consider restructuring your `variable` declarations so that the variables are not in scope or explicitly omit them:
  omit [IsProbabilityMeasure μ] in theorem ...

Note: This linter can be disabled with `set_option linter.unusedSectionVars false`
Taeyoung\Methods\PureChordal\CliqueMoments.lean:192:50: warning: This simp argument is unused:
  Sym2.eq_iff

Hint: Omit it from the simp argument list.
  simp ̵[̵S̵y̵m̵2̵.̵e̵q̵_̵i̵f̵f̵]̵

Note: This linter can be disabled with `set_option linter.unusedSimpArgs false`
Taeyoung\Methods\PureChordal\CliqueMoments.lean:362:8: warning: automatically included section variable(s) unused in theorem `_private.Taeyoung.Methods.PureChordal.CliqueMoments.0.Taeyoung.Methods.PureChordal.prod_incident_edges_twoExtension`:
  [IsProbabilityMeasure μ]
consider restructuring your `variable` declarations so that the variables are not in scope or explicitly omit them:
  omit [IsProbabilityMeasure μ] in theorem ...

Note: This linter can be disabled with `set_option linter.unusedSectionVars false`
Taeyoung\Methods\PureChordal\CliqueMoments.lean:372:43: warning: This simp argument is unused:
  Sym2.eq_iff

Hint: Omit it from the simp argument list.
  simp [SimpleGraph.mem_incidenceFinset,̵ ̵S̵y̵m̵2̵.̵e̵q̵_̵i̵f̵f̵]

Note: This linter can be disabled with `set_option linter.unusedSimpArgs false`
Taeyoung\Methods\PureChordal\CliqueMoments.lean:387:47: warning: This simp argument is unused:
  Sym2.eq_iff

Hint: Omit it from the simp argument list.
  simp ̵[̵S̵y̵m̵2̵.̵e̵q̵_̵i̵f̵f̵]̵

Note: This linter can be disabled with `set_option linter.unusedSimpArgs false`
Taeyoung\Methods\PureChordal\CliqueMoments.lean:391:47: warning: This simp argument is unused:
  Sym2.eq_iff

Hint: Omit it from the simp argument list.
  simp ̵[̵S̵y̵m̵2̵.̵e̵q̵_̵i̵f̵f̵]̵

Note: This linter can be disabled with `set_option linter.unusedSimpArgs false`
Taeyoung\Methods\PureChordal\CliqueMoments.lean:392:52: warning: This simp argument is unused:
  Sym2.eq_iff

Hint: Omit it from the simp argument list.
  simp ̵[̵S̵y̵m̵2̵.̵e̵q̵_̵i̵f̵f̵]̵

Note: This linter can be disabled with `set_option linter.unusedSimpArgs false`
