integer face bases [(64, 50, 15), (104, 98, 13), (68, 62, 6), (60, 60, 1), (12, 12, 1), (32, 23, 4), (52, 48, 5), (34, 30, 3), (30, 30, 1), (6, 6, 1)]
S4 slice 4: source=90 multiplicity=90
S4 slice 31: source=240 multiplicity=150
S4 slice 22: source=336 multiplicity=96
S4 slice 211: source=352 multiplicity=90
S4 slice 1111: source=112 multiplicity=22
Young slice 4: rows=24 columns=1 multiplicity=32 maxabs=24
Young slice 31: rows=6 columns=2 multiplicity=52 maxabs=6
Young slice 22: rows=4 columns=4 multiplicity=34 maxabs=8
Young slice 211: rows=2 columns=6 multiplicity=30 maxabs=2
Young slice 1111: rows=1 columns=24 multiplicity=6 maxabs=2
equations reconstructed 407 4.59
small coefficient matrix 407 12390 max 49268736 seconds 7.58
approximate minimum eigenvalues [4.3678242048989487e-10, 1.4699568589170421e-09, 3.5976601343271974e-09, 4.935615256546346e-06, 1.8961311968123885e-06, 7.757041830785957e-07, 1.6691162840831528e-06, 4.288828669701952e-06, 1.131268806048422e-05, 0.00016926641919608976]
ALL coefficient equations exact 407 rank 398 common denominator digits 16 seconds 10.02
exact PSD 0 relative DD margin 0.9999989955131378 seconds 10.02
exact PSD 1 relative DD margin 0.9999974488115121 seconds 10.03
exact PSD 2 relative DD margin 0.9999981591846349 seconds 10.06
exact PSD 3 relative DD margin 0.9999977714602433 seconds 10.06
exact PSD 4 relative DD margin 0.9999998159154454 seconds 10.06
exact PSD 5 relative DD margin 0.9999998210577481 seconds 10.06
exact PSD 6 relative DD margin 0.9999993740651303 seconds 10.08
exact PSD 7 relative DD margin 0.9999997708198244 seconds 10.08
exact PSD 8 relative DD margin 0.9999992640031908 seconds 10.08
exact PSD 9 relative DD margin 0.9999998880799671 seconds 10.08
wrote experiments\atlas194_compact_face_candidate.json bytes 1581816 seconds 10.08
