Taeyoung\Methods\Link\WeightedGoodman.lean:120:0: warning: automatically included section variable(s) unused in theorem `Taeyoung.Methods.Link.integral_edge_right`:
  [IsProbabilityMeasure μ]
consider restructuring your `variable` declarations so that the variables are not in scope or explicitly omit them:
  omit [IsProbabilityMeasure μ] in theorem ...

Note: This linter can be disabled with `set_option linter.unusedSectionVars false`
Taeyoung\Methods\Link\WeightedGoodman.lean:129:8: warning: automatically included section variable(s) unused in theorem `_private.Taeyoung.Methods.Link.WeightedGoodman.0.Taeyoung.Methods.Link.hW`:
  [IsProbabilityMeasure μ]
consider restructuring your `variable` declarations so that the variables are not in scope or explicitly omit them:
  omit [IsProbabilityMeasure μ] in theorem ...

Note: This linter can be disabled with `set_option linter.unusedSectionVars false`
Taeyoung\Methods\Link\WeightedGoodman.lean:131:8: warning: automatically included section variable(s) unused in theorem `_private.Taeyoung.Methods.Link.WeightedGoodman.0.Taeyoung.Methods.Link.meas_fst`:
  [IsProbabilityMeasure μ]
consider restructuring your `variable` declarations so that the variables are not in scope or explicitly omit them:
  omit [IsProbabilityMeasure μ] in theorem ...

Note: This linter can be disabled with `set_option linter.unusedSectionVars false`
Taeyoung\Methods\Link\WeightedGoodman.lean:134:8: warning: automatically included section variable(s) unused in theorem `_private.Taeyoung.Methods.Link.WeightedGoodman.0.Taeyoung.Methods.Link.meas_snd`:
  [IsProbabilityMeasure μ]
consider restructuring your `variable` declarations so that the variables are not in scope or explicitly omit them:
  omit [IsProbabilityMeasure μ] in theorem ...

Note: This linter can be disabled with `set_option linter.unusedSectionVars false`
Taeyoung\Methods\Link\WeightedGoodman.lean:137:8: warning: automatically included section variable(s) unused in theorem `_private.Taeyoung.Methods.Link.WeightedGoodman.0.Taeyoung.Methods.Link.bdd_mul_edge`:
  [IsProbabilityMeasure μ]
consider restructuring your `variable` declarations so that the variables are not in scope or explicitly omit them:
  omit [IsProbabilityMeasure μ] in theorem ...

Note: This linter can be disabled with `set_option linter.unusedSectionVars false`
Taeyoung\Methods\Link\WeightedGoodman.lean:247:8: warning: automatically included section variable(s) unused in theorem `_private.Taeyoung.Methods.Link.WeightedGoodman.0.Taeyoung.Methods.Link.meas_compl`:
  [IsProbabilityMeasure μ]
consider restructuring your `variable` declarations so that the variables are not in scope or explicitly omit them:
  omit [IsProbabilityMeasure μ] in theorem ...

Note: This linter can be disabled with `set_option linter.unusedSectionVars false`
Taeyoung\Methods\Link\WeightedGoodman.lean:354:15: warning: This simp argument is unused:
  Pi.add_apply

Hint: Omit it from the simp argument list.
  simp only [Pi.a̵d̵d̵_̵a̵p̵p̵l̵y̵,̵ ̵P̵i̵.̵sub_apply] at hadd

Note: This linter can be disabled with `set_option linter.unusedSimpArgs false`
Taeyoung\Methods\Link\WeightedGoodman.lean:426:13: warning: This simp argument is unused:
  Pi.add_apply

Hint: Omit it from the simp argument list.
  simp only [Pi.a̵d̵d̵_̵a̵p̵p̵l̵y̵,̵ ̵P̵i̵.̵sub_apply] at s1 s2 s3

Note: This linter can be disabled with `set_option linter.unusedSimpArgs false`
