Taeyoung\Methods\RootedSOS\Atlas196.lean:110:21: warning: `Polynomial.eval_finset_sum` has been deprecated: Use `Polynomial.eval_finsetSum` instead
Taeyoung\Methods\RootedSOS\Atlas196.lean:115:34: warning: This simp argument is unused:
  eval_add

Hint: Omit it from the simp argument list.
  simp only [House.surj_house_0, House.surj_house_1, House.surj_house_2, House.surj_house_3,
  ̲  ̲ ̲ ̲House.surj_house_4, House.surj_house_5, Finset.sum_range_succ, Finset.sum_range_zero,
  ̲  ̲ ̲ ̲Finset.prod_range_succ, Finset.prod_range_zero, Nat.cast_zero, Nat.cast_one, Nat.cast_ofNat,
      zero_div, zero_mul, zero_add, e̵v̵a̵l̵_̵a̵d̵d̵,̵ ̵eval_mul, eval_sub, eval_pow, eval_C, eval_X, eval_one, eval_zero]

Note: This linter can be disabled with `set_option linter.unusedSimpArgs false`
Taeyoung\Methods\RootedSOS\Atlas196.lean:115:64: warning: This simp argument is unused:
  eval_pow

Hint: Omit it from the simp argument list.
  simp only [House.surj_house_0, House.surj_house_1, House.surj_house_2, House.surj_house_3,
  ̲  ̲ ̲ ̲House.surj_house_4, House.surj_house_5, Finset.sum_range_succ, Finset.sum_range_zero,
  ̲  ̲ ̲ ̲Finset.prod_range_succ, Finset.prod_range_zero, Nat.cast_zero, Nat.cast_one, Nat.cast_ofNat,
      zero_div, zero_mul, zero_add, eval_add, eval_mul, eval_sub, e̵v̵a̵l̵_̵p̵o̵w̵,̵eval_C, eval_X, eval_one, eval_zero]

Note: This linter can be disabled with `set_option linter.unusedSimpArgs false`
Taeyoung\Methods\RootedSOS\Atlas196.lean:116:30: warning: This simp argument is unused:
  eval_zero

Hint: Omit it from the simp argument list.
  simp only [House.surj_house_0, House.surj_house_1, House.surj_house_2, House.surj_house_3,
  ̲  ̲ ̲ ̲House.surj_house_4, House.surj_house_5, Finset.sum_range_succ, Finset.sum_range_zero,
  ̲  ̲ ̲ ̲Finset.prod_range_succ, Finset.prod_range_zero, Nat.cast_zero, Nat.cast_one, Nat.cast_ofNat,
      zero_div, zero_mul, zero_add, eval_add, eval_mul, eval_sub, eval_pow, eval_C, eval_X, e̵v̵a̵l̵_̵o̵n̵e̵,̵ ̵e̵v̵a̵l̵_̵z̵e̵r̵o̵]̵e̲v̲a̲l̲_̲o̲n̲e̲]̲

Note: This linter can be disabled with `set_option linter.unusedSimpArgs false`
