interpretation of Mathlib.Tactic.ToAdditive.guessNameExt took 160ms
interpretation of Mathlib.Tactic.ToDual.guessNameExt took 164ms
import took 6.08s
elaboration took 111ms
cumulative profiling times:
	attribute application 0.0409ms
	compilation (IR) 1.97ms
	compilation (LCNF base) 22.5ms
	compilation (LCNF impure) 8.47ms
	compilation (LCNF mono) 15.4ms
	elaboration 174ms
	fix level params 0.0817ms
	import 6.08s
	initialization 27.6ms
	instantiate metavars 1.24ms
	interpretation 11.1s
	let-to-have transformation 0.748ms
	linting 6.13ms
	overlappingInstancesLinter 13.1ms
	parsing 6.28ms
	process pre-definitions 4.2ms
	share common exprs 0.884ms
	tacticAnalysis 43.2ms
	type checking 1.19ms
	typeclass inference 57.6ms
