interpretation of Mathlib.Tactic.ToAdditive.guessNameExt took 159ms
interpretation of Mathlib.Tactic.ToDual.guessNameExt took 170ms
import took 6.15s
ring took 307ms
type checking took 158ms
Taeyoung/Methods/Atlas126/HighDegree.lean:67:24: warning: This simp argument is unused:
  betaHigh

Hint: Omit it from the simp argument list.
  simp only [degreeACoeffExpansion, sparseEval, IntTerm.toRat, degreeACoeffTerms, List.map_cons,
      List.map_nil, List.sum_cons, List.sum_nil, degreeRemainder, target,
  ̵  ̵ ̵ ̵lowDensity, lowTriangle,
  ̲  ̲ ̲ ̲betaA, gammaA, lambdaA,
  ̵  ̵ ̵ ̵gammaLow, contactA, b̵e̵t̵a̵H̵i̵gh̵,̵ ̵g̵ammaHigh]

Note: This linter can be disabled with `set_option linter.unusedSimpArgs false`
Taeyoung/Methods/Atlas126/HighDegree.lean:67:34: warning: This simp argument is unused:
  gammaHigh

Hint: Omit it from the simp argument list.
  simp only [degreeACoeffExpansion, sparseEval, IntTerm.toRat, degreeACoeffTerms, List.map_cons,
      List.map_nil, List.sum_cons, List.sum_nil, degreeRemainder, target,
  ̵  ̵ ̵ ̵lowDensity, lowTriangle,
  ̲  ̲ ̲ ̲betaA, gammaA, lambdaA,
  ̵  ̵ ̵ ̵gammaLow, contactA, betaHigh,̵ ̵g̵a̵m̵m̵a̵H̵i̵g̵h̵]

Note: This linter can be disabled with `set_option linter.unusedSimpArgs false`
elaboration took 212ms
type checking took 1.12s
elaboration took 136ms
type checking took 1.19s
elaboration took 106ms
type checking took 352ms
elaboration took 108ms
type checking took 238ms
type checking took 138ms
interpretation of Mathlib.Tactic._aux_Mathlib_Tactic_Linarith_Frontend___elabRules_Mathlib_Tactic_linarith_1._boxed took 286ms
type checking took 151ms
Taeyoung/Methods/Atlas126/HighDegree.lean:253:4: warning: This simp argument is unused:
  gammaLow

Hint: Omit it from the simp argument list.
  simp only [degreeCCoeffExpansion, sparseEval, IntTerm.toRat, degreeCCoeffTerms, List.map_cons,
      List.map_nil, List.sum_cons, List.sum_nil, degreeRemainder, target,
  ̵  ̵ ̵ ̵lowDensity, lowTriangle,
  ̲  ̲ ̲ ̲betaC, gammaC, lambdaC,
  ̵  ̵ ̵ ̵g̵a̵m̵m̵a̵L̵o̵w̵,̵ ̵contactA, betaHigh, gammaHigh]

Note: This linter can be disabled with `set_option linter.unusedSimpArgs false`
Taeyoung/Methods/Atlas126/HighDegree.lean:253:14: warning: This simp argument is unused:
  contactA

Hint: Omit it from the simp argument list.
  simp only [degreeCCoeffExpansion, sparseEval, IntTerm.toRat, degreeCCoeffTerms, List.map_cons,
      List.map_nil, List.sum_cons, List.sum_nil, degreeRemainder, target,
  ̵  ̵ ̵ ̵lowDensity, lowTriangle,
  ̲  ̲ ̲ ̲betaC, gammaC, lambdaC,
  ̵  ̵ ̵ ̵gammaLow, c̵o̵n̵t̵a̵c̵t̵A̵,̵ ̵betaHigh, gammaHigh]

Note: This linter can be disabled with `set_option linter.unusedSimpArgs false`
Taeyoung/Methods/Atlas126/HighDegree.lean:253:24: warning: This simp argument is unused:
  betaHigh

Hint: Omit it from the simp argument list.
  simp only [degreeCCoeffExpansion, sparseEval, IntTerm.toRat, degreeCCoeffTerms, List.map_cons,
      List.map_nil, List.sum_cons, List.sum_nil, degreeRemainder, target,
  ̵  ̵ ̵ ̵lowDensity, lowTriangle,
  ̲  ̲ ̲ ̲betaC, gammaC, lambdaC,
  ̵  ̵ ̵ ̵gammaLow, contactA, b̵e̵t̵a̵H̵i̵gh̵,̵ ̵g̵ammaHigh]

Note: This linter can be disabled with `set_option linter.unusedSimpArgs false`
Taeyoung/Methods/Atlas126/HighDegree.lean:253:34: warning: This simp argument is unused:
  gammaHigh

Hint: Omit it from the simp argument list.
  simp only [degreeCCoeffExpansion, sparseEval, IntTerm.toRat, degreeCCoeffTerms, List.map_cons,
      List.map_nil, List.sum_cons, List.sum_nil, degreeRemainder, target,
  ̵  ̵ ̵ ̵lowDensity, lowTriangle,
  ̲  ̲ ̲ ̲betaC, gammaC, lambdaC,
  ̵  ̵ ̵ ̵gammaLow, contactA, betaHigh,̵ ̵g̵a̵m̵m̵a̵H̵i̵g̵h̵]

Note: This linter can be disabled with `set_option linter.unusedSimpArgs false`
elaboration took 670ms
type checking took 1.18s
elaboration took 136ms
type checking took 1.18s
elaboration took 107ms
type checking took 350ms
elaboration took 108ms
type checking took 235ms
type checking took 127ms
ring took 116ms
type checking took 183ms
Taeyoung/Methods/Atlas126/HighDegree.lean:447:4: warning: This simp argument is unused:
  gammaLow

Hint: Omit it from the simp argument .olean serialization took 552ms
list.
  simp only [degreeJCoeffExpansion, sparseEval, IntTerm.toRat, degreeJCoeffTerms, List.map_cons,
      List.map_nil, List.sum_cons, List.sum_nil, degreeRemainder, target,
  ̵  ̵ ̵ ̵lowDensity, lowTriangle,
  ̲  ̲ ̲ ̲betaJ, gammaJ, lambdaJ,
  ̵  ̵ ̵ ̵g̵a̵m̵m̵a̵L̵o̵w̵,̵ ̵contactA, betaHigh, gammaHigh]

Note: This linter can be disabled with `set_option linter.unusedSimpArgs false`
Taeyoung/Methods/Atlas126/HighDegree.lean:447:14: warning: This simp argument is unused:
  contactA

Hint: Omit it from the simp argument list.
  simp only [degreeJCoeffExpansion, sparseEval, IntTerm.toRat, degreeJCoeffTerms, List.map_cons,
      List.map_nil, List.sum_cons, List.sum_nil, degreeRemainder, target,
  ̵  ̵ ̵ ̵lowDensity, lowTriangle,
  ̲  ̲ ̲ ̲betaJ, gammaJ, lambdaJ,
  ̵  ̵ ̵ ̵gammaLow, c̵o̵n̵t̵a̵c̵t̵A̵,̵ ̵betaHigh, gammaHigh]

Note: This linter can be disabled with `set_option linter.unusedSimpArgs false`
elaboration took 577ms
type checking took 1.16s
elaboration took 129ms
type checking took 1.28s
elaboration took 106ms
type checking took 383ms
elaboration took 107ms
type checking took 243ms
type checking took 149ms
cumulative profiling times:
	.olean serialization 552ms
	attribute application 0.726ms
	blocked (unaccounted) 207s
	compilation (IR) 10ms
	compilation (LCNF base) 187ms
	compilation (LCNF impure) 49.2ms
	compilation (LCNF mono) 98ms
	congr simp thm 12.3ms
	elaboration 2.81s
	fix level params 10.7ms
	import 6.15s
	initialization 26.2ms
	instantiate metavars 6.82ms
	interpretation 13s
	let-to-have transformation 10.1ms
	linting 64.9ms
	norm_num 707ms
	overlappingInstancesLinter 28.2ms
	parsing 54ms
	process pre-definitions 218ms
	ring 594ms
	share common exprs 165ms
	simp 393ms
	tactic execution 231ms
	tacticAnalysis 162ms
	type checking 10.1s
	typeclass inference 20.9s
