interpretation of Mathlib.Tactic.ToAdditive.guessNameExt took 160ms
interpretation of Mathlib.Tactic.ToDual.guessNameExt took 162ms
import took 6.06s
tactic execution of Lean.Parser.Tactic.decide_cbv took 6.82s
type checking took 271ms
ring took 326ms
type checking took 162ms
Taeyoung/Methods/Atlas126/HighDegree.lean:80:24: warning: This simp argument is unused:
  betaHigh

Hint: Omit it from the simp argument list.
  simp only [degreeACoeffExpansion, sparseEval, IntTerm.toRat, degreeACoeffTerms, List.map_cons,
      List.map_nil, List.sum_cons, List.sum_nil, degreeRemainder, target,
  ̵  ̵ ̵ ̵lowDensity, lowTriangle,
  ̲  ̲ ̲ ̲betaA, gammaA, lambdaA,
  ̵  ̵ ̵ ̵gammaLow, contactA, b̵e̵t̵a̵H̵i̵gh̵,̵ ̵g̵ammaHigh]

Note: This linter can be disabled with `set_option linter.unusedSimpArgs false`
Taeyoung/Methods/Atlas126/HighDegree.lean:80:34: warning: This simp argument is unused:
  gammaHigh

Hint: Omit it from the simp argument list.
  simp only [degreeACoeffExpansion, sparseEval, IntTerm.toRat, degreeACoeffTerms, List.map_cons,
      List.map_nil, List.sum_cons, List.sum_nil, degreeRemainder, target,
  ̵  ̵ ̵ ̵lowDensity, lowTriangle,
  ̲  ̲ ̲ ̲betaA, gammaA, lambdaA,
  ̵  ̵ ̵ ̵gammaLow, contactA, betaHigh,̵ ̵g̵a̵m̵m̵a̵H̵i̵g̵h̵]

Note: This linter can be disabled with `set_option linter.unusedSimpArgs false`
elaboration took 220ms
Taeyoung/Methods/Atlas126/HighDegree.lean:108:2: error: failed to synthesize
  Decidable (WeightsCorrect 10 0 (5 / 8) degreeAW1)

Hint: Additional diagnostic information may be available using the `set_option diagnostics true` command.
Taeyoung/Methods/Atlas126/HighDegree.lean:119:2: error: failed to synthesize
  Decidable (WeightsCorrect 3 (15 / 16) (1 / 16) degreeAW2)

Hint: Additional diagnostic information may be available using the `set_option diagnostics true` command.
Taeyoung/Methods/Atlas126/HighDegree.lean:129:2: error: failed to synthesize
  Decidable (WeightsCorrect 0 0 1 degreeAW3)

Hint: Additional diagnostic information may be available using the `set_option diagnostics true` command.
elaboration took 130ms
Taeyoung/Methods/Atlas126/HighDegree.lean:144:2: error: failed to synthesize
  Decidable (Axis1Correct 10 3 0 degreeAW1 degreeACoeff degreeAS1)

Hint: Additional diagnostic information may be available using the `set_option diagnostics true` command.
elaboration took 108ms
Taeyoung/Methods/Atlas126/HighDegree.lean:159:2: error: failed to synthesize
  Decidable (Axis2Correct 10 3 0 degreeAW2 degreeAS1 degreeAS2)

Hint: Additional diagnostic information may be available using the `set_option diagnostics true` command.
elaboration took 106ms
Taeyoung/Methods/Atlas126/HighDegree.lean:174:2: error: failed to synthesize
  Decidable (Axis3Correct 10 3 0 degreeAW3 degreeAS2 degreeAS3)

Hint: Additional diagnostic information may be available using the `set_option diagnostics true` command.
tactic execution of Lean.Parser.Tactic.decide_cbv took 13.5s
type checking took 369ms
interpretation of Mathlib.Tactic._aux_Mathlib_Tactic_Linarith_Frontend___elabRules_Mathlib_Tactic_linarith_1._boxed took 287ms
tactic execution of Lean.Parser.Tactic.decide_cbv took 6.42s
type checking took 223ms
type checking took 147ms
Taeyoung/Methods/Atlas126/HighDegree.lean:279:4: warning: This simp argument is unused:
  gammaLow

Hint: Omit it from the simp argument list.
  simp only [degreeCCoeffExpansion, sparseEval, IntTerm.toRat, degreeCCoeffTerms, List.map_cons,
      List.map_nil, List.sum_cons, List.sum_nil, degreeRemainder, target,
  ̵  ̵ ̵ ̵lowDensity, lowTriangle,
  ̲  ̲ ̲ ̲betaC, gammaC, lambdaC,
  ̵  ̵ ̵ ̵g̵a̵m̵m̵a̵L̵o̵w̵,̵ ̵contactA, betaHigh, gammaHigh]

Note: This linter can be disabled with `set_option linter.unusedSimpArgs false`
Taeyoung/Methods/Atlas126/HighDegree.lean:279:14: warning: This simp argument is unused:
  contactA

Hint: Omit it from the simp argument list.
  simp only [degreeCCoeffExpansion, sparseEval, IntTerm.toRat, degreeCCoeffTerms, List.map_cons,
      List.map_nil, List.sum_cons, List.sum_nil, degreeRemainder, target,
  ̵  ̵ ̵ ̵lowDensity, lowTriangle,
  ̲  ̲ ̲ ̲betaC, gammaC, lambdaC,
  ̵  ̵ ̵ ̵gammaLow, c̵o̵n̵t̵a̵c̵t̵A̵,̵ ̵betaHigh, gammaHigh]

Note: This linter can be disabled with `set_option linter.unusedSimpArgs false`
Taeyoung/Methods/Atlas126/HighDegree.lean:279:24: warning: This simp argument is unused:
  betaHigh

Hint: Omit it from the simp argument list.
  simp only [degreeCCoeffExpansion, sparseEval, IntTerm.toRat, degreeCCoeffTerms, List.map_cons,
      List.map_nil, List.sum_cons, List.sum_nil, degreeRemainder, target,
  ̵  ̵ ̵ ̵lowDensity, lowTriangle,
  ̲  ̲ ̲ ̲betaC, gammaC, lambdaC,
  ̵  ̵ ̵ ̵gammaLow, contactA, b̵e̵t̵a̵H̵i̵gh̵,̵ ̵g̵ammaHigh]

Note: This linter can be disabled with `set_option linter.unusedSimpArgs false`
Taeyoung/Methods/Atlas126/HighDegree.lean:279:34: warning: This simp argument is unused:
  gammaHigh

Hint: Omit it from the simp argument list.
  simp only [degreeCCoeffExpansion, sparseEval, IntTerm.toRat, degreeCCoeffTerms, List.map_cons,
      List.map_nil, List.sum_cons, List.sum_nil, degreeRemainder, target,
  ̵  ̵ ̵ ̵lowDensity, lowTriangle,
  ̲  ̲ ̲ ̲betaC, gammaC, lambdaC,
  ̵  ̵ ̵ ̵gammaLow, contactA, betaHigh,̵ ̵g̵a̵m̵m̵a̵H̵i̵g̵h̵]

Note: This linter can be disabled with `set_option linter.unusedSimpArgs false`
elaboration took 686ms
Taeyoung/Methods/Atlas126/HighDegree.lean:307:2: error: failed to synthesize
  Decidable (WeightsCorrect 10 (5 / 8) (5 / 16) degreeCW1)

Hint: Additional diagnostic information may be available using the `set_option diagnostics true` command.
Taeyoung/Methods/Atlas126/HighDegree.lean:318:2: error: failed to synthesize
  Decidable (WeightsCorrect 3 (15 / 16) (1 / 16) degreeCW2)

Hint: Additional diagnostic information may be available using the `set_option diagnostics true` command.
Taeyoung/Methods/Atlas126/HighDegree.lean:328:2: error: failed to synthesize
  Decidable (WeightsCorrect 0 0 1 degreeCW3)

Hint: Additional diagnostic information may be available using the `set_option diagnostics true` command.
elaboration took 146ms
Taeyoung/Methods/Atlas126/HighDegree.lean:343:2: error: failed to synthesize
  Decidable (Axis1Correct 10 3 0 degreeCW1 degreeCCoeff degreeCS1)

Hint: Additional diagnostic information may be available using the `set_option diagnostics true` command.
elaboration took 103ms
Taeyoung/Methods/Atlas126/HighDegree.lean:358:2: error: failed to synthesize
  Decidable (Axis2Correct 10 3 0 degreeCW2 degreeCS1 degreeCS2)

Hint: Additional diagnostic information may be available using the `set_option diagnostics true` command.
elaboration took 103ms
Taeyoung/Methods/Atlas126/HighDegree.lean:373:2: error: failed to synthesize
  Decidable (Axis3Correct 10 3 0 degreeCW3 degreeCS2 degreeCS3)

Hint: Additional diagnostic information may be available using the `set_option diagnostics true` command.
tactic execution of Lean.Parser.Tactic.decide_cbv took 13.2s
type checking took 384ms
tactic execution of Lean.Parser.Tactic.decide_cbv took 7.53s
type checking took 309ms
ring took 135ms
type checking took 184ms
Taeyoung/Methods/Atlas126/HighDegree.lean:486:4: warning: This simp argument is unused:
  gammaLow

Hint: Omit it from the simp argument list.
  simp only [degreeJCoeffExpansion, sparseEval, IntTerm.toRat, degreeJCoeffTerms, List.map_cons,
      List.map_nil, List.sum_cons, List.sum_nil, degreeRemainder, target,
  ̵  ̵ ̵ ̵lowDensity, lowTriangle,
  ̲  ̲ ̲ ̲betaJ, gammaJ, lambdaJ,
  ̵  ̵ ̵ ̵g̵a̵m̵m̵a̵L̵o̵w̵,̵ ̵contactA, betaHigh, gammaHigh]

Note: This linter can be disabled with `set_option linter.unusedSimpArgs false`
Taeyoung/Methods/Atlas126/HighDegree.lean:486:14: warning: This simp argument is unused:
  contactA

Hint: Omit it from the simp argument list.
  simp only [degreeJCoeffExpansion, sparseEval, IntTerm.toRat, degreeJCoeffTerms, List.map_cons,
      List.map_nil, List.sum_cons, List.sum_nil, degreeRemainder, target,
  ̵  ̵ ̵ ̵lowDensity, lowTriangle,
  ̲  ̲ ̲ ̲betaJ, gammaJ, lambdaJ,
  ̵  ̵ ̵ ̵gammaLow, c̵o̵n̵t̵a̵c̵t̵A̵,̵ ̵betaHigh, gammaHigh]

Note: This linter can be disabled with `set_option linter.unusedSimpArgs false`
elaboration took 570ms
Taeyoung/Methods/Atlas126/HighDegree.lean:514:2: error: failed to synthesize
  Decidable (WeightsCorrect 10 (15 / 16) (1 / 16) degreeJW1)

Hint: Additional diagnostic information may be available using the `set_option diagnostics true` command.
Taeyoung/Methods/Atlas126/HighDegree.lean:525:2: error: failed to synthesize
  Decidable (WeightsCorrect 3 (15 / 16) (1 / 16) degreeJW2)

Hint: Additional diagnostic information may be available using the `set_option diagnostics true` command.
Taeyoung/Methods/Atlas126/HighDegree.lean:535:2: error: failed to synthesize
  Decidable (WeightsCorrect 0 0 1 degreeJW3)

Hint: Additional diagnostic information may be available using the `set_option diagnostics true` command.
elaboration took 137ms
Taeyoung/Methods/Atlas126/HighDegree.lean:550:2: error: failed to synthesize
  Decidable (Axis1Correct 10 3 0 degreeJW1 degreeJCoeff degreeJS1)

Hint: Additional diagnostic information may be available using the `set_option diagnostics true` command.
elaboration took 109ms
Taeyoung/Methods/Atlas126/HighDegree.lean:565:2: error: failed to synthesize
  Decidable (Axis2Correct 10 3 0 degreeJW2 degreeJS1 degreeJS2)

Hint: Additional diagnostic information may be available using the `set_option diagnostics true` command.
elaboration took 105ms
Taeyoung/Methods/Atlas126/HighDegree.lean:580:2: error: failed to synthesize
  Decidable (Axis3Correct 10 3 0 degreeJW3 degreeJS2 degreeJS3)

Hint: Additional diagnostic information may be available using the `set_option diagnostics true` command.
tactic execution of Lean.Parser.Tactic.decide_cbv took 14.3s
type checking took 390ms
Taeyoung/Methods/Atlas126/HighDegree.lean:620:23: error(lean.unknownIdentifier): Unknown identifier `gammaJ_nonneg`
Taeyoung/Methods/Atlas126/HighDegree.lean:620:47: error(lean.unknownIdentifier): Unknown identifier `lambdaJ_nonneg`
cumulative profiling times:
	attribute application 0.73ms
	compilation (IR) 12.4ms
	compilation (LCNF base) 204ms
	compilation (LCNF impure) 62.1ms
	compilation (LCNF mono) 133ms
	congr simp thm 14.9ms
	elaboration 3.14s
	fix level params 34.4ms
	import 6.06s
	initialization 27.1ms
	instantiate metavars 7.36ms
	interpretation 12.9s
	let-to-have transformation 10.6ms
	linting 68.9ms
	norm_num 730ms
	overlappingInstancesLinter 30.1ms
	parsing 55.5ms
	process pre-definitions 350ms
	ring 641ms
	share common exprs 308ms
	simp 474ms
	tactic execution 62.2s
	tacticAnalysis 169ms
	type checking 2.56s
	typeclass inference 20.8s
