interpretation of Mathlib.Tactic.ToAdditive.guessNameExt took 158ms
interpretation of Mathlib.Tactic.ToDual.guessNameExt took 163ms
import took 6.14s
cumulative profiling times:
	attribute application 0.0419ms
	blocked (unaccounted) 186ms
	compilation (IR) 0.66ms
	compilation (LCNF base) 5.8ms
	compilation (LCNF impure) 3.97ms
	compilation (LCNF mono) 6.46ms
	elaboration 50.3ms
	fix level params 0.0686ms
	import 6.14s
	initialization 27.6ms
	instantiate metavars 0.372ms
	interpretation 11.1s
	let-to-have transformation 0.61ms
	linting 3.81ms
	overlappingInstancesLinter 12.8ms
	parsing 3.5ms
	process pre-definitions 1.91ms
	share common exprs 0.488ms
	tactic execution 13.3ms
	tacticAnalysis 34.9ms
	type checking 12.4ms
	typeclass inference 31.3ms
