interpretation of Mathlib.Tactic.ToAdditive.guessNameExt took 164ms
interpretation of Mathlib.Tactic.ToDual.guessNameExt took 161ms
import took 6.23s
ring took 365ms
type checking took 202ms
cumulative profiling times:
	attribute application 0.141ms
	blocked (unaccounted) 4.29s
	compilation (IR) 1.09ms
	compilation (LCNF base) 11.2ms
	compilation (LCNF impure) 6.61ms
	compilation (LCNF mono) 9.68ms
	congr simp thm 6.05ms
	elaboration 106ms
	fix level params 4.21ms
	import 6.23s
	initialization 28.9ms
	instantiate metavars 1.62ms
	interpretation 11.3s
	let-to-have transformation 0.792ms
	linting 9.28ms
	norm_num 17.1ms
	overlappingInstancesLinter 15ms
	parsing 9.11ms
	process pre-definitions 34.2ms
	ring 381ms
	share common exprs 84.4ms
	simp 261ms
	tactic execution 85.2ms
	tacticAnalysis 47.6ms
	type checking 245ms
	typeclass inference 197ms
