Taeyoung/Methods/Atlas126/Cert/Junction4.lean:1303:96: warning: This simp argument is unused:
  gammaJ

Hint: Omit it from the simp argument list.
  simp only [sparseEval, IntTerm.toRat, leaf11CoeffTerms, junctionFace4Constraint2, lowDensity,
  ̲ g̵a̵m̵m̵a̵J̵,̵  ̲ ̲gammaHigh, List.map_cons, List.map_nil, List.sum_cons, List.sum_nil]

Note: This linter can be disabled with `set_option linter.unusedSimpArgs false`
Taeyoung/Methods/Atlas126/Cert/Junction4.lean:1303:104: warning: This simp argument is unused:
  gammaHigh

Hint: Omit it from the simp argument list.
  simp only [sparseEval, IntTerm.toRat, leaf11CoeffTerms, junctionFace4Constraint2, lowDensity,
  ̲  ̲ ̲ ̲gammaJ, g̵a̵m̵m̵a̵H̵i̵g̵h̵,̵ ̵List.map_cons, List.map_nil, List.sum_cons, List.sum_nil]

Note: This linter can be disabled with `set_option linter.unusedSimpArgs false`
Taeyoung/Methods/Atlas126/Cert/Junction4.lean:2063:96: warning: This simp argument is unused:
  gammaJ

Hint: Omit it from the simp argument list.
  simp only [sparseEval, IntTerm.toRat, leaf15CoeffTerms, junctionFace4Constraint2, lowDensity,
  ̲ g̵a̵m̵m̵a̵J̵,̵  ̲ ̲gammaHigh, List.map_cons, List.map_nil, List.sum_cons, List.sum_nil]

Note: This linter can be disabled with `set_option linter.unusedSimpArgs false`
Taeyoung/Methods/Atlas126/Cert/Junction4.lean:2063:104: warning: This simp argument is unused:
  gammaHigh

Hint: Omit it from the simp argument list.
  simp only [sparseEval, IntTerm.toRat, leaf15CoeffTerms, junctionFace4Constraint2, lowDensity,
  ̲  ̲ ̲ ̲gammaJ, g̵a̵m̵m̵a̵H̵i̵g̵h̵,̵ ̵List.map_cons, List.map_nil, List.sum_cons, List.sum_nil]

Note: This linter can be disabled with `set_option linter.unusedSimpArgs false`
Taeyoung/Methods/Atlas126/Cert/Junction4.lean:2823:96: warning: This simp argument is unused:
  gammaJ

Hint: Omit it from the simp argument list.
  simp only [sparseEval, IntTerm.toRat, leaf18CoeffTerms, junctionFace4Constraint2, lowDensity,
  ̲ g̵a̵m̵m̵a̵J̵,̵  ̲ ̲gammaHigh, List.map_cons, List.map_nil, List.sum_cons, List.sum_nil]

Note: This linter can be disabled with `set_option linter.unusedSimpArgs false`
Taeyoung/Methods/Atlas126/Cert/Junction4.lean:2823:104: warning: This simp argument is unused:
  gammaHigh

Hint: Omit it from the simp argument list.
  simp only [sparseEval, IntTerm.toRat, leaf18CoeffTerms, junctionFace4Constraint2, lowDensity,
  ̲  ̲ ̲ ̲gammaJ, g̵a̵m̵m̵a̵H̵i̵g̵h̵,̵ ̵List.map_cons, List.map_nil, List.sum_cons, List.sum_nil]

Note: This linter can be disabled with `set_option linter.unusedSimpArgs false`
Taeyoung/Methods/Atlas126/Cert/Junction4.lean:3064:96: warning: This simp argument is unused:
  gammaJ

Hint: Omit it from the simp argument list.
  simp only [sparseEval, IntTerm.toRat, leaf19CoeffTerms, junctionFace4Constraint2, lowDensity,
  ̲ g̵a̵m̵m̵a̵J̵,̵  ̲ ̲gammaHigh, List.map_cons, List.map_nil, List.sum_cons, List.sum_nil]

Note: This linter can be disabled with `set_option linter.unusedSimpArgs false`
Taeyoung/Methods/Atlas126/Cert/Junction4.lean:3064:104: warning: This simp argument is unused:
  gammaHigh

Hint: Omit it from the simp argument list.
  simp only [sparseEval, IntTerm.toRat, leaf19CoeffTerms, junctionFace4Constraint2, lowDensity,
  ̲  ̲ ̲ ̲gammaJ, g̵a̵m̵m̵a̵H̵i̵g̵h̵,̵ ̵List.map_cons, List.map_nil, List.sum_cons, List.sum_nil]

Note: This linter can be disabled with `set_option linter.unusedSimpArgs false`
Taeyoung/Methods/Atlas126/Cert/Junction4.lean:3305:96: warning: This simp argument is unused:
  gammaJ

Hint: Omit it from the simp argument list.
  simp only [sparseEval, IntTerm.toRat, leaf22CoeffTerms, junctionFace4Constraint2, lowDensity,
  ̲ g̵a̵m̵m̵a̵J̵,̵  ̲ ̲gammaHigh, List.map_cons, List.map_nil, List.sum_cons, List.sum_nil]

Note: This linter can be disabled with `set_option linter.unusedSimpArgs false`
Taeyoung/Methods/Atlas126/Cert/Junction4.lean:3305:104: warning: This simp argument is unused:
  gammaHigh

Hint: Omit it from the simp argument list.
  simp only [sparseEval, IntTerm.toRat, leaf22CoeffTerms, junctionFace4Constraint2, lowDensity,
  ̲  ̲ ̲ ̲gammaJ, g̵a̵m̵m̵a̵H̵i̵g̵h̵,̵ ̵List.map_cons, List.map_nil, List.sum_cons, List.sum_nil]

Note: This linter can be disabled with `set_option linter.unusedSimpArgs false`
Taeyoung/Methods/Atlas126/Cert/Junction4.lean:4065:96: warning: This simp argument is unused:
  gammaJ

Hint: Omit it from the simp argument list.
  simp only [sparseEval, IntTerm.toRat, leaf26CoeffTerms, junctionFace4Constraint2, lowDensity,
  ̲ g̵a̵m̵m̵a̵J̵,̵  ̲ ̲gammaHigh, List.map_cons, List.map_nil, List.sum_cons, List.sum_nil]

Note: This linter can be disabled with `set_option linter.unusedSimpArgs false`
Taeyoung/Methods/Atlas126/Cert/Junction4.lean:4065:104: warning: This simp argument is unused:
  gammaHigh

Hint: Omit it from the simp argument list.
  simp only [sparseEval, IntTerm.toRat, leaf26CoeffTerms, junctionFace4Constraint2, lowDensity,
  ̲  ̲ ̲ ̲gammaJ, g̵a̵m̵m̵a̵H̵i̵g̵h̵,̵ ̵List.map_cons, List.map_nil, List.sum_cons, List.sum_nil]

Note: This linter can be disabled with `set_option linter.unusedSimpArgs false`
Taeyoung/Methods/Atlas126/Cert/Junction4.lean:4825:96: warning: This simp argument is unused:
  gammaJ

Hint: Omit it from the simp argument list.
  simp only [sparseEval, IntTerm.toRat, leaf29CoeffTerms, junctionFace4Constraint2, lowDensity,
  ̲ g̵a̵m̵m̵a̵J̵,̵  ̲ ̲gammaHigh, List.map_cons, List.map_nil, List.sum_cons, List.sum_nil]

Note: This linter can be disabled with `set_option linter.unusedSimpArgs false`
Taeyoung/Methods/Atlas126/Cert/Junction4.lean:4825:104: warning: This simp argument is unused:
  gammaHigh

Hint: Omit it from the simp argument list.
  simp only [sparseEval, IntTerm.toRat, leaf29CoeffTerms, junctionFace4Constraint2, lowDensity,
  ̲  ̲ ̲ ̲gammaJ, g̵a̵m̵m̵a̵H̵i̵g̵h̵,̵ ̵List.map_cons, List.map_nil, List.sum_cons, List.sum_nil]

Note: This linter can be disabled with `set_option linter.unusedSimpArgs false`
Taeyoung/Methods/Atlas126/Cert/Junction4.lean:5066:96: warning: This simp argument is unused:
  gammaJ

Hint: Omit it from the simp argument list.
  simp only [sparseEval, IntTerm.toRat, leaf30CoeffTerms, junctionFace4Constraint2, lowDensity,
  ̲ g̵a̵m̵m̵a̵J̵,̵  ̲ ̲gammaHigh, List.map_cons, List.map_nil, List.sum_cons, List.sum_nil]

Note: This linter can be disabled with `set_option linter.unusedSimpArgs false`
Taeyoung/Methods/Atlas126/Cert/Junction4.lean:5066:104: warning: This simp argument is unused:
  gammaHigh

Hint: Omit it from the simp argument list.
  simp only [sparseEval, IntTerm.toRat, leaf30CoeffTerms, junctionFace4Constraint2, lowDensity,
  ̲  ̲ ̲ ̲gammaJ, g̵a̵m̵m̵a̵H̵i̵g̵h̵,̵ ̵List.map_cons, List.map_nil, List.sum_cons, List.sum_nil]

Note: This linter can be disabled with `set_option linter.unusedSimpArgs false`
Taeyoung/Methods/Atlas126/Cert/Junction4.lean:6493:96: warning: This simp argument is unused:
  gammaJ

Hint: Omit it from the simp argument list.
  simp only [sparseEval, IntTerm.toRat, leaf34CoeffTerms, junctionFace4Constraint2, lowDensity,
  ̲ g̵a̵m̵m̵a̵J̵,̵  ̲ ̲gammaHigh, List.map_cons, List.map_nil, List.sum_cons, List.sum_nil]

Note: This linter can be disabled with `set_option linter.unusedSimpArgs false`
Taeyoung/Methods/Atlas126/Cert/Junction4.lean:6493:104: warning: This simp argument is unused:
  gammaHigh

Hint: Omit it from the simp argument list.
  simp only [sparseEval, IntTerm.toRat, leaf34CoeffTerms, junctionFace4Constraint2, lowDensity,
  ̲  ̲ ̲ ̲gammaJ, g̵a̵m̵m̵a̵H̵i̵g̵h̵,̵ ̵List.map_cons, List.map_nil, List.sum_cons, List.sum_nil]

Note: This linter can be disabled with `set_option linter.unusedSimpArgs false`
Taeyoung/Methods/Atlas126/Cert/Junction4.lean:7920:96: warning: This simp argument is unused:
  gammaJ

Hint: Omit it from the simp argument list.
  simp only [sparseEval, IntTerm.toRat, leaf37CoeffTerms, junctionFace4Constraint2, lowDensity,
  ̲ g̵a̵m̵m̵a̵J̵,̵  ̲ ̲gammaHigh, List.map_cons, List.map_nil, List.sum_cons, List.sum_nil]

Note: This linter can be disabled with `set_option linter.unusedSimpArgs false`
Taeyoung/Methods/Atlas126/Cert/Junction4.lean:7920:104: warning: This simp argument is unused:
  gammaHigh

Hint: Omit it from the simp argument list.
  simp only [sparseEval, IntTerm.toRat, leaf37CoeffTerms, junctionFace4Constraint2, lowDensity,
  ̲  ̲ ̲ ̲gammaJ, g̵a̵m̵m̵a̵H̵i̵g̵h̵,̵ ̵List.map_cons, List.map_nil, List.sum_cons, List.sum_nil]

Note: This linter can be disabled with `set_option linter.unusedSimpArgs false`
Taeyoung/Methods/Atlas126/Cert/Junction4.lean:8680:96: warning: This simp argument is unused:
  gammaJ

Hint: Omit it from the simp argument list.
  simp only [sparseEval, IntTerm.toRat, leaf44CoeffTerms, junctionFace4Constraint2, lowDensity,
  ̲ g̵a̵m̵m̵a̵J̵,̵  ̲ ̲gammaHigh, List.map_cons, List.map_nil, List.sum_cons, List.sum_nil]

Note: This linter can be disabled with `set_option linter.unusedSimpArgs false`
Taeyoung/Methods/Atlas126/Cert/Junction4.lean:8680:104: warning: This simp argument is unused:
  gammaHigh

Hint: Omit it from the simp argument list.
  simp only [sparseEval, IntTerm.toRat, leaf44CoeffTerms, junctionFace4Constraint2, lowDensity,
  ̲  ̲ ̲ ̲gammaJ, g̵a̵m̵m̵a̵H̵i̵g̵h̵,̵ ̵List.map_cons, List.map_nil, List.sum_cons, List.sum_nil]

Note: This linter can be disabled with `set_option linter.unusedSimpArgs false`
Taeyoung/Methods/Atlas126/Cert/Junction4.lean:9440:96: warning: This simp argument is unused:
  gammaJ

Hint: Omit it from the simp argument list.
  simp only [sparseEval, IntTerm.toRat, leaf48CoeffTerms, junctionFace4Constraint2, lowDensity,
  ̲ g̵a̵m̵m̵a̵J̵,̵  ̲ ̲gammaHigh, List.map_cons, List.map_nil, List.sum_cons, List.sum_nil]

Note: This linter can be disabled with `set_option linter.unusedSimpArgs false`
Taeyoung/Methods/Atlas126/Cert/Junction4.lean:9440:104: warning: This simp argument is unused:
  gammaHigh

Hint: Omit it from the simp argument list.
  simp only [sparseEval, IntTerm.toRat, leaf48CoeffTerms, junctionFace4Constraint2, lowDensity,
  ̲  ̲ ̲ ̲gammaJ, g̵a̵m̵m̵a̵H̵i̵g̵h̵,̵ ̵List.map_cons, List.map_nil, List.sum_cons, List.sum_nil]

Note: This linter can be disabled with `set_option linter.unusedSimpArgs false`
Taeyoung/Methods/Atlas126/Cert/Junction4.lean:10200:96: warning: This simp argument is unused:
  gammaJ

Hint: Omit it from the simp argument list.
  simp only [sparseEval, IntTerm.toRat, leaf51CoeffTerms, junctionFace4Constraint2, lowDensity,
  ̲ g̵a̵m̵m̵a̵J̵,̵  ̲ ̲gammaHigh, List.map_cons, List.map_nil, List.sum_cons, List.sum_nil]

Note: This linter can be disabled with `set_option linter.unusedSimpArgs false`
Taeyoung/Methods/Atlas126/Cert/Junction4.lean:10200:104: warning: This simp argument is unused:
  gammaHigh

Hint: Omit it from the simp argument list.
  simp only [sparseEval, IntTerm.toRat, leaf51CoeffTerms, junctionFace4Constraint2, lowDensity,
  ̲  ̲ ̲ ̲gammaJ, g̵a̵m̵m̵a̵H̵i̵g̵h̵,̵ ̵List.map_cons, List.map_nil, List.sum_cons, List.sum_nil]

Note: This linter can be disabled with `set_option linter.unusedSimpArgs false`
Taeyoung/Methods/Atlas126/Cert/Junction4.lean:10441:96: warning: This simp argument is unused:
  gammaJ

Hint: Omit it from the simp argument list.
  simp only [sparseEval, IntTerm.toRat, leaf52CoeffTerms, junctionFace4Constraint2, lowDensity,
  ̲ g̵a̵m̵m̵a̵J̵,̵  ̲ ̲gammaHigh, List.map_cons, List.map_nil, List.sum_cons, List.sum_nil]

Note: This linter can be disabled with `set_option linter.unusedSimpArgs false`
Taeyoung/Methods/Atlas126/Cert/Junction4.lean:10441:104: warning: This simp argument is unused:
  gammaHigh

Hint: Omit it from the simp argument list.
  simp only [sparseEval, IntTerm.toRat, leaf52CoeffTerms, junctionFace4Constraint2, lowDensity,
  ̲  ̲ ̲ ̲gammaJ, g̵a̵m̵m̵a̵H̵i̵g̵h̵,̵ ̵List.map_cons, List.map_nil, List.sum_cons, List.sum_nil]

Note: This linter can be disabled with `set_option linter.unusedSimpArgs false`
Taeyoung/Methods/Atlas126/Cert/Junction4.lean:10682:96: warning: This simp argument is unused:
  gammaJ

Hint: Omit it from the simp argument list.
  simp only [sparseEval, IntTerm.toRat, leaf55CoeffTerms, junctionFace4Constraint2, lowDensity,
  ̲ g̵a̵m̵m̵a̵J̵,̵  ̲ ̲gammaHigh, List.map_cons, List.map_nil, List.sum_cons, List.sum_nil]

Note: This linter can be disabled with `set_option linter.unusedSimpArgs false`
Taeyoung/Methods/Atlas126/Cert/Junction4.lean:10682:104: warning: This simp argument is unused:
  gammaHigh

Hint: Omit it from the simp argument list.
  simp only [sparseEval, IntTerm.toRat, leaf55CoeffTerms, junctionFace4Constraint2, lowDensity,
  ̲  ̲ ̲ ̲gammaJ, g̵a̵m̵m̵a̵H̵i̵g̵h̵,̵ ̵List.map_cons, List.map_nil, List.sum_cons, List.sum_nil]

Note: This linter can be disabled with `set_option linter.unusedSimpArgs false`
Taeyoung/Methods/Atlas126/Cert/Junction4.lean:11442:96: warning: This simp argument is unused:
  gammaJ

Hint: Omit it from the simp argument list.
  simp only [sparseEval, IntTerm.toRat, leaf59CoeffTerms, junctionFace4Constraint2, lowDensity,
  ̲ g̵a̵m̵m̵a̵J̵,̵  ̲ ̲gammaHigh, List.map_cons, List.map_nil, List.sum_cons, List.sum_nil]

Note: This linter can be disabled with `set_option linter.unusedSimpArgs false`
Taeyoung/Methods/Atlas126/Cert/Junction4.lean:11442:104: warning: This simp argument is unused:
  gammaHigh

Hint: Omit it from the simp argument list.
  simp only [sparseEval, IntTerm.toRat, leaf59CoeffTerms, junctionFace4Constraint2, lowDensity,
  ̲  ̲ ̲ ̲gammaJ, g̵a̵m̵m̵a̵H̵i̵g̵h̵,̵ ̵List.map_cons, List.map_nil, List.sum_cons, List.sum_nil]

Note: This linter can be disabled with `set_option linter.unusedSimpArgs false`
Taeyoung/Methods/Atlas126/Cert/Junction4.lean:12202:96: warning: This simp argument is unused:
  gammaJ

Hint: Omit it from the simp argument list.
  simp only [sparseEval, IntTerm.toRat, leaf62CoeffTerms, junctionFace4Constraint2, lowDensity,
  ̲ g̵a̵m̵m̵a̵J̵,̵  ̲ ̲gammaHigh, List.map_cons, List.map_nil, List.sum_cons, List.sum_nil]

Note: This linter can be disabled with `set_option linter.unusedSimpArgs false`
Taeyoung/Methods/Atlas126/Cert/Junction4.lean:12202:104: warning: This simp argument is unused:
  gammaHigh

Hint: Omit it from the simp argument list.
  simp only [sparseEval, IntTerm.toRat, leaf62CoeffTerms, junctionFace4Constraint2, lowDensity,
  ̲  ̲ ̲ ̲gammaJ, g̵a̵m̵m̵a̵H̵i̵g̵h̵,̵ ̵List.map_cons, List.map_nil, List.sum_cons, List.sum_nil]

Note: This linter can be disabled with `set_option linter.unusedSimpArgs false`
Taeyoung/Methods/Atlas126/Cert/Junction4.lean:12443:96: warning: This simp argument is unused:
  gammaJ

Hint: Omit it from the simp argument list.
  simp only [sparseEval, IntTerm.toRat, leaf63CoeffTerms, junctionFace4Constraint2, lowDensity,
  ̲ g̵a̵m̵m̵a̵J̵,̵  ̲ ̲gammaHigh, List.map_cons, List.map_nil, List.sum_cons, List.sum_nil]

Note: This linter can be disabled with `set_option linter.unusedSimpArgs false`
Taeyoung/Methods/Atlas126/Cert/Junction4.lean:12443:104: warning: This simp argument is unused:
  gammaHigh

Hint: Omit it from the simp argument list.
  simp only [sparseEval, IntTerm.toRat, leaf63CoeffTerms, junctionFace4Constraint2, lowDensity,
  ̲  ̲ ̲ ̲gammaJ, g̵a̵m̵m̵a̵H̵i̵g̵h̵,̵ ̵List.map_cons, List.map_nil, List.sum_cons, List.sum_nil]

Note: This linter can be disabled with `set_option linter.unusedSimpArgs false`
Taeyoung/Methods/Atlas126/Cert/Junction4.lean:13870:96: warning: This simp argument is unused:
  gammaJ

Hint: Omit it from the simp argument list.
  simp only [sparseEval, IntTerm.toRat, leaf67CoeffTerms, junctionFace4Constraint2, lowDensity,
  ̲ g̵a̵m̵m̵a̵J̵,̵  ̲ ̲gammaHigh, List.map_cons, List.map_nil, List.sum_cons, List.sum_nil]

Note: This linter can be disabled with `set_option linter.unusedSimpArgs false`
Taeyoung/Methods/Atlas126/Cert/Junction4.lean:13870:104: warning: This simp argument is unused:
  gammaHigh

Hint: Omit it from the simp argument list.
  simp only [sparseEval, IntTerm.toRat, leaf67CoeffTerms, junctionFace4Constraint2, lowDensity,
  ̲  ̲ ̲ ̲gammaJ, g̵a̵m̵m̵a̵H̵i̵g̵h̵,̵ ̵List.map_cons, List.map_nil, List.su