interpretation of Mathlib.Tactic.ToAdditive.guessNameExt took 122ms
interpretation of Mathlib.Tactic.ToDual.guessNameExt took 119ms
import took 5.27s
simp took 65.8s
tactic execution of Lean.Parser.Tactic.simp took 2.77s
simp took 229ms
ring took 421ms
share common exprs took 185ms
type checking took 387ms
simp took 699ms
ring took 145ms
cumulative profiling times:
	attribute application 0.0505ms
	compilation (IR) 2.1ms
	compilation (LCNF base) 35.1ms
	compilation (LCNF impure) 12.2ms
	compilation (LCNF mono) 21.4ms
	congr simp thm 22.7ms
	elaboration 146ms
	fix level params 6.56ms
	import 5.27s
	initialization 26.7ms
	instantiate metavars 0.123ms
	interpretation 8.81s
	let-to-have transformation 0.0733ms
	linting 4.11ms
	norm_num 55.1ms
	overlappingInstancesLinter 10.1ms
	parsing 2.74ms
	process pre-definitions 72ms
	ring 566ms
	share common exprs 220ms
	simp 67.7s
	tactic execution 2.8s
	tacticAnalysis 25.6ms
	type checking 431ms
	typeclass inference 1.94s
