import took 1.74s
ring took 226ms
type checking took 121ms
type checking took 2.04s
type checking took 394ms
type checking took 120ms
type checking took 672ms
type checking took 544ms
type checking took 487ms
type checking took 148ms
interpretation of Mathlib.Tactic._aux_Mathlib_Tactic_Linarith_Frontend___elabRules_Mathlib_Tactic_linarith_1._boxed took 224ms
cumulative profiling times:
	attribute application 0.283ms
	blocked (unaccounted) 39.2s
	compilation (IR) 10.9ms
	compilation (LCNF base) 48.5ms
	compilation (LCNF impure) 57.4ms
	compilation (LCNF mono) 60.8ms
	congr simp thm 4.91ms
	elaboration 300ms
	fix level params 2.5ms
	import 1.74s
	initialization 26.2ms
	instantiate metavars 2.84ms
	interpretation 4.58s
	let-to-have transformation 0.726ms
	linting 43.1ms
	norm_num 172ms
	overlappingInstancesLinter 15.9ms
	parsing 65.4ms
	process pre-definitions 30.9ms
	ring 242ms
	share common exprs 45ms
	simp 140ms
	tactic execution 87.5ms
	tacticAnalysis 120ms
	type checking 4.61s
	typeclass inference 386ms
