import took 1.72s
ring took 204ms
type checking took 124ms
type checking took 1.98s
type checking took 390ms
type checking took 118ms
type checking took 717ms
type checking took 593ms
type checking took 544ms
type checking took 168ms
interpretation of Mathlib.Tactic._aux_Mathlib_Tactic_Linarith_Frontend___elabRules_Mathlib_Tactic_linarith_1._boxed took 186ms
type checking took 1.89s
type checking took 392ms
type checking took 116ms
type checking took 697ms
type checking took 689ms
type checking took 609ms
type checking took 151ms
type checking took 1.89s
type checking took 395ms
type checking took 702ms
type checking took 544ms
type checking took 449ms
type checking took 170ms
type checking took 2s
type checking took 438ms
type checking took 117ms
type checking took 645ms
type checking took 631ms
type checking took 553ms
type checking took 151ms
type checking took 1.93s
type checking took 395ms
type checking took 122ms
type checking took 645ms
type checking took 509ms
type checking took 514ms
type checking took 150ms
type checking took 503ms
type checking took 387ms
type checking took 103ms
type checking took 665ms
type checking took 643ms
type checking took 850ms
type checking took 295ms
type checking took 1.93s
type checking took 419ms
type checking took 114ms
type checking took 654ms
type checking took 526ms
type checking took 490ms
type checking took 149ms
type checking took 1.92s
type checking took 406ms
type checking took 104ms
type checking took 667ms
type checking took 621ms
type checking took 554ms
type checking took 163ms
type checking took 1.82s
type checking took 394ms
type checking took 609ms
type checking took 534ms
type checking took 465ms
type checking took 164ms
type checking took 1.89s
type checking took 400ms
type checking took 105ms
type checking took 621ms
type checking took 625ms
type checking took 614ms
type checking took 171ms
type checking took 1.91s
type checking took 463ms
type checking took 105ms
type checking took 635ms
type checking took 537ms
type checking took 424ms
type checking took 157ms
type checking took 472ms
type checking took 377ms
type checking took 115ms
type checking took 610ms
type checking took 541ms
compilation (LCNF mono) took 102ms
type checking took 828ms
type checking took 316ms
verification_runs/atlas126/Junction2Integer.lean:18909:60: warning: 'push_cast' tactic does nothing

Note: This linter can be disabled with `set_option linter.unusedTactic false`
verification_runs/atlas126/Junction2Integer.lean:18909:85: warning: 'push_cast' tactic does nothing

Note: This linter can be disabled with `set_option linter.unusedTactic false`
verification_runs/atlas126/Junction2Integer.lean:18909:110: warning: 'push_cast' tactic does nothing

Note: This linter can be disabled with `set_option linter.unusedTactic false`
verification_runs/atlas126/Junction2Integer.lean:18909:135: warning: 'push_cast' tactic does nothing

Note: This linter can be disabled with `set_option linter.unusedTactic false`
verification_runs/atlas126/Junction2Integer.lean:18909:160: warning: 'push_cast' tactic does nothing

Note: This linter can be disabled with `set_option linter.unusedTactic false`
verification_runs/atlas126/Junction2Integer.lean:18909:185: warning: 'push_cast' tactic does nothing

Note: This linter can be disabled with `set_option linter.unusedTactic false`
verification_runs/atlas126/Junction2Integer.lean:18915:60: warning: 'push_cast' tactic does nothing

Note: This linter can be disabled with `set_option linter.unusedTactic false`
verification_runs/atlas126/Junction2Integer.lean:18915:85: warning: 'push_cast' tactic does nothing

Note: This linter can be disabled with `set_option linter.unusedTactic false`
verification_runs/atlas126/Junction2Integer.lean:18915:110: warning: 'push_cast' tactic does nothing

Note: This linter can be disabled with `set_option linter.unusedTactic false`
verification_runs/atlas126/Junction2Integer.lean:18915:135: warning: 'push_cast' tactic does nothing

Note: This linter can be disabled with `set_option linter.unusedTactic false`
verification_runs/atlas126/Junction2Integer.lean:18915:160: warning: 'push_cast' tactic does nothing

Note: This linter can be disabled with `set_option linter.unusedTactic false`
verification_runs/atlas126/Junction2Integer.lean:18915:185: warning: 'push_cast' tactic does nothing

Note: This linter can be disabled with `set_option linter.unusedTactic false`
verification_runs/atlas126/Junction2Integer.lean:18923:60: warning: 'push_cast' tactic does nothing

Note: This linter can be disabled with `set_option linter.unusedTactic false`
verification_runs/atlas126/Junction2Integer.lean:18923:85: warning: 'push_cast' tactic does nothing

Note: This linter can be disabled with `set_option linter.unusedTactic false`
verification_runs/atlas126/Junction2Integer.lean:18923:110: warning: 'push_cast' tactic does nothing

Note: This linter can be disabled with `set_option linter.unusedTactic false`
verification_runs/atlas126/Junction2Integer.lean:18923:135: warning: 'push_cast' tactic does nothing

Note: This linter can be disabled with `set_option linter.unusedTactic false`
verification_runs/atlas126/Junction2Integer.lean:18923:160: warning: 'push_cast' tactic does nothing

Note: This linter can be disabled with `set_option linter.unusedTactic false`
verification_runs/atlas126/Junction2Integer.lean:18923:185: warning: 'push_cast' tactic does nothing

Note: This linter can be disabled with `set_option linter.unusedTactic false`
verification_runs/atlas126/Junction2Integer.lean:18929:60: warning: 'push_cast' tactic does nothing

Note: This linter can be disabled with `set_option linter.unusedTactic false`
verification_runs/atlas126/Junction2Integer.lean:18929:85: warning: 'push_cast' tactic does nothing

Note: This linter can be disabled with `set_option linter.unusedTactic false`
verification_runs/atlas126/Junction2Integer.lean:18929:110: warning: 'push_cast' tactic does nothing

Note: This linter can be disabled with `set_option linter.unusedTactic false`
verification_runs/atlas126/Junction2Integer.lean:18929:135: warning: 'push_cast' tactic does nothing

Note: This linter can be disabled with `set_option linter.unusedTactic false`
verification_runs/atlas126/Junction2Integer.lean:18929:160: warning: 'push_cast' tactic does nothing

Note: This linter can be disabled with `set_option linter.unusedTactic false`
verification_runs/atlas126/Junction2Integer.lean:18929:185: warning: 'push_cast' tactic does nothing

Note: This linter can be disabled with `set_option linter.unusedTactic false`
verification_runs/atlas126/Junction2Integer.lean:18935:57: warning: 'push_cast' tactic does nothing

Note: This linter can be disabled with `set_option linter.unusedTactic false`
verification_runs/atlas126/Junction2Integer.lean:18935:82: warning: 'push_cast' tactic does nothing

Note: This linter can be disabled with `set_option linter.unusedTactic false`
verification_runs/atlas126/Junction2Integer.lean:18935:107: warning: 'push_cast' tactic does nothing

Note: This linter can be disabled with `set_option linter.unusedTactic false`
verification_runs/atlas126/Junction2Integer.lean:18935:132: warning: 'push_cast' tactic does nothing

Note: This linter can be disabled with `set_option linter.unusedTactic false`
verification_runs/atlas126/Junction2Integer.lean:18935:157: warning: 'push_cast' tactic does nothing

Note: This linter can be disabled with `set_option linter.unusedTactic false`
verification_runs/atlas126/Junction2Integer.lean:18935:182: warning: 'push_cast' tactic does nothing

Note: This linter can be disabled with `set_option linter.unusedTactic false`
verification_runs/atlas126/Junction2Integer.lean:18941:55: warning: 'push_cast' tactic does nothing

Note: This linter can be disabled with `set_option linter.unusedTactic false`
verification_runs/atlas126/Junction2Integer.lean:18941:80: warning: 'push_cast' tactic does nothing

Note: This linter can be disabled with `set_option linter.unusedTactic false`
verification_runs/atlas126/Junction2Integer.lean:18941:105: warning: 'push_cast' tactic does nothing

Note: This linter can be disabled with `set_option linter.unusedTactic false`
verification_runs/atlas126/Junction2Integer.lean:18941:130: warning: 'push_cast' tactic does nothing

Note: This linter can be disabled with `set_option linter.unusedTactic false`
verification_runs/atlas126/Junction2Integer.lean:18941:155: warning: 'push_cast' tactic does nothing

Note: This linter can be disabled with `set_option linter.unusedTactic false`
verification_runs/atlas126/Junction2Integer.lean:18941:180: warning: 'push_cast' tactic does nothing

Note: This linter can be disabled with `set_option linter.unusedTactic false`
verification_runs/atlas126/Junction2Integer.lean:18955:61: warning: 'push_cast' tactic does nothing

Note: This linter can be disabled with `set_option linter.unusedTactic false`
verification_runs/atlas126/Junction2Integer.lean:18955:86: warning: 'push_cast' tactic does nothing

Note: This linter can be disabled with `set_option linter.unusedTactic false`
verification_runs/atlas126/Junction2Integer.lean:18955:111: warning: 'push_cast' tactic does nothing

Note: This linter can be disabled with `set_option linter.unusedTactic false`
verification_runs/atlas126/Junction2Integer.lean:18955:136: warning: 'push_cast' tactic does nothing

Note: This linter can be disabled with `set_option linter.unusedTactic false`
verification_runs/atlas126/Junction2Integer.lean:18955:161: warning: 'push_cast' tactic does nothing

Note: This linter can be disabled with `set_option linter.unusedTactic false`
verification_runs/atlas126/Junction2Integer.lean:18955:186: warning: 'push_cast' tactic does nothing

Note: This linter can be disabled with `set_option linter.unusedTactic false`
verification_runs/atlas126/Junction2Integer.lean:18961:61: warning: 'push_cast' tactic does nothing

Note: This linter can be disabled with `set_option linter.unusedTactic false`
verification_runs/atlas126/Junction2Integer.lean:18961:86: warning: 'push_cast' tactic does nothing

Note: This linter can be disabled with `set_option linter.unusedTactic false`
verification_runs/atlas126/Junction2Integer.lean:18961:111: warning: 'push_cast' tactic does nothing

Note: This linter can be disabled with `set_option linter.unusedTactic false`
verification_runs/atlas126/Junction2Integer.lean:18961:136: warning: 'push_cast' tactic does nothing

Note: This linter can be disabled with `set_option linter.unusedTactic false`
verification_runs/atlas126/Junction2Integer.lean:18961:161: warning: 'push_cast' tactic does nothing

Note: This linter can be disabled with `set_option linter.unusedTactic false`
verification_runs/atlas126/Junction2Integer.lean:18961:186: warning: 'push_cast' tactic does nothing

Note: This linter can be disabled with `set_option linter.unusedTactic false`
verification_runs/atlas126/Junction2Integer.lean:18969:61: warning: 'push_cast' tactic does nothing

Note: This linter can be disabled with `set_option linter.unusedTactic false`
verification_runs/atlas126/Junction2Integer.lean:18969:86: warning: 'push_cast' tactic does nothing

Note: This linter can be disabled with `set_option linter.unusedTactic false`
verification_runs/atlas126/Junction2Integer.lean:18969:111: warning: 'push_cast' tactic does nothing

Note: This linter can be disabled with `set_option linter.unusedTactic false`
verification_runs/atlas126/Junction2Integer.lean:18969:136: warning: 'push_cast' tactic does nothing

Note: This linter can be disabled with `set_option linter.unusedTactic false`
verification_runs/atlas126/Junction2Integer.lean:18969:161: warning: 'push_cast' tactic does nothing

Note: This linter can be disabled with `set_option linter.unusedTactic false`
verification_runs/atlas126/Junction2Integer.lean:18969:186: warning: 'push_cast' tactic does nothing

Note: This linter can be disabled with `set_option linter.unusedTactic false`
verification_runs/atlas126/Junction2Integer.lean:18975:61: warning: 'push_cast' tactic does nothing

Note: This linter can be disabled with `set_option linter.unusedTactic false`
verification_runs/atlas126/Junction2Integer.lean:18975:86: warning: 'push_cast' tactic does nothing

Note: This linter can be disabled with `set_option linter.unusedTactic false`
verification_runs/atlas126/Junction2Integer.lean:18975:111: warning: 'push_cast' tactic does nothing

Note: This linter can be disabled with `set_option linter.unusedTactic false`
verification_runs/atlas126/Junction2Integer.lean:18975:136: warning: 'push_cast' tactic does nothing

Note: This linter can be disabled with `set_option linter.unusedTactic false`
verification_runs/atlas126/Junction2Integer.lean:18975:161: warning: 'push_cast' tactic does nothing

Note: This linter can be disabled with `set_option linter.unusedTactic false`
verification_runs/atlas126/Junction2Integer.lean:18975:186: warning: 'push_cast' tactic does nothing

Note: This linter can be disabled with `set_option linter.unusedTactic false`
verification_runs/atlas126/Junction2Integer.lean:18981:57: warning: 'push_cast' tactic does nothing

Note: This linter can be disabled with `set_option linter.unusedTactic false`
verification_runs/atlas126/Junction2Integer.lean:18981:82: warning: 'push_cast' tactic does nothing

Note: This linter can be disabled with `set_option linter.unusedTactic false`
verification_runs/atlas126/Junction2Integer.lean:18981:107: warning: 'push_cast' tactic does nothing

Note: This linter can be disabled with `set_option linter.unusedTactic false`
verification_runs/atlas126/Junction2Integer.lean:18981:132: warning: 'push_cast' tactic does nothing

Note: This linter can be disabled with `set_option linter.unusedTactic false`
verification_runs/atlas126/Junction2Integer.lean:18981:157: warning: 'push_cast' tactic does nothing

Note: This linter can be disabled with `set_option linter.unusedTactic false`
verification_runs/atlas126/Junction2Integer.lean:18981:182: warning: 'push_cast' tactic does nothing

Note: This linter can be disabled with `set_option linter.unusedTactic false`
verification_runs/atlas126/Junction2Integer.lean:18987:55: warning: 'push_cast' tactic does nothing

Note: This linter can be disabled with `set_option linter.unusedTactic false`
verification_runs/atlas126/Junction2Integer.lean:18987:80: warning: 'push_cast' tactic does nothing

Note: This linter can be disabled with `set_option linter.unusedTactic false`
verification_runs/atlas126/Junction2Integer.lean:18987:105: warning: 'push_cast' tactic does nothing

Note: This linter can be disabled with `set_option linter.unusedTactic false`
verification_runs/atlas126/Junction2Integer.lean:18987:130: warning: 'push_cast' tactic does nothing

Note: This linter can be disabled with `set_option linter.unusedTactic false`
verification_runs/atlas126/Junction2Integer.lean:18987:155: warning: 'push_cast' tactic does nothing

Note: This linter can be disabled with `set_option linter.unusedTactic false`
verification_runs/atlas126/Junction2Integer.lean:18987:180: warning: 'push_cast' tactic does nothing

Note: This linter can be disabled with `set_option linter.unusedTactic false`
cumulative profiling times:
	attribute application 2.71ms
	blocked (unaccounted) 4.4e+03s
	compilation (IR) 109ms
	compilation (LCNF base) 570ms
	compilation (LCNF impure) 514ms
	compilation (LCNF mono) 1.14s
	congr simp thm 51.2ms
	elaboration 3.47s
	fix level params 9.35ms
	import 1.72s
	initialization 27.4ms
	instantiate metavars 31.8ms
	interpretation 14.4s
	let-to-have transformation 4.83ms
	linting 496ms
	norm_num 4.07s
	overlappingInstancesLinter 98ms
	parsing 845ms
	process pre-definitions 340ms
	ring 438ms
	share common exprs 175ms
	simp 462ms
	tactic execution 896ms
	tacticAnalysis 1.15s
	type checking 51.2s
	typeclass inference 7.08s
