'Taeyoung.Methods.PureChordal.pureChordal_satisfiesLowerBound' depends on axioms: [propext,
 Classical.choice,
 Quot.sound]
'Taeyoung.Methods.OddCycleC5.c5_shortCycle_bound' depends on axioms: [propext, Classical.choice, Quot.sound]
'Taeyoung.Methods.OddCycleC5.c5_homDensity_bound' depends on axioms: [propext, Classical.choice, Quot.sound]
'Taeyoung.Methods.OddCycleC5.isChromaticPolynomial_c5' depends on axioms: [propext, Classical.choice, Quot.sound]
'Taeyoung.Methods.OddCycleC5.isChromaticNumber_c5' depends on axioms: [propext, Classical.choice, Quot.sound]
'Taeyoung.Methods.OddCycleC5.c5_satisfiesLowerBound' depends on axioms: [propext, Classical.choice, Quot.sound]
'Taeyoung.Examples.Graph038.status' depends on axioms: [propext, Classical.choice, Quot.sound]
'Taeyoung.properAssignmentCount_attachVertex' depends on axioms: [propext, Classical.choice, Quot.sound]
'Taeyoung.isChromaticPolynomial_attachVertex' depends on axioms: [propext, Classical.choice, Quot.sound]
'Taeyoung.isChromaticPolynomial_top' depends on axioms: [propext, Classical.choice, Quot.sound]
'Taeyoung.Methods.Chromatic.paw_chromatic' depends on axioms: [propext, Classical.choice, Quot.sound]
'Taeyoung.Methods.Link.rootedTriangle_ge' depends on axioms: [propext, Classical.choice, Quot.sound]
'Taeyoung.Methods.Link.correlation_bound' depends on axioms: [propext, Classical.choice, Quot.sound]
'Taeyoung.Methods.Link.weighted_rootedTriangle' depends on axioms: [propext, Classical.choice, Quot.sound]
'Taeyoung.Methods.Link.linkMeasure_univ' depends on axioms: [propext, Classical.choice, Quot.sound]
'Taeyoung.integral_assignmentMeasure_withDensity' depends on axioms: [propext, Classical.choice, Quot.sound]
'Taeyoung.Methods.Link.integral_assignmentMeasure_linkMeasure' depends on axioms: [propext,
 Classical.choice,
 Quot.sound]
'Taeyoung.graphWeight_map' depends on axioms: [propext, Classical.choice, Quot.sound]
'Taeyoung.homDensity_map_castAdd' depends on axioms: [propext, Classical.choice, Quot.sound]
'Taeyoung.integral_assignmentMeasure_castAdd' depends on axioms: [propext, Classical.choice, Quot.sound]
'Taeyoung.measurePreserving_assignmentSplit' depends on axioms: [propext, Classical.choice, Quot.sound]
'Taeyoung.graphWeight_disjointUnion' depends on axioms: [propext, Classical.choice, Quot.sound]
'Taeyoung.homDensity_disjointUnion' depends on axioms: [propext, Classical.choice, Quot.sound]
'Taeyoung.properAssignmentCount_disjointUnion' depends on axioms: [propext, Classical.choice, Quot.sound]
'Taeyoung.isChromaticPolynomial_disjointUnion' depends on axioms: [propext, Classical.choice, Quot.sound]
'Taeyoung.isChromaticNumber_disjointUnion' depends on axioms: [propext, Classical.choice, Quot.sound]
'Taeyoung.chromaticTarget_mul' depends on axioms: [propext, Classical.choice, Quot.sound]
'Taeyoung.satisfiesLowerBound_disjointUnion' depends on axioms: [propext, Classical.choice, Quot.sound]
'Taeyoung.Methods.Components.homDensity_starTree' depends on axioms: [propext, Classical.choice, Quot.sound]
'Taeyoung.Methods.Components.atlas84_satisfiesLowerBound' depends on axioms: [propext, Classical.choice, Quot.sound]
'Taeyoung.Methods.rootedDensity_ge_tangent' depends on axioms: [propext, Classical.choice, Quot.sound]
'Taeyoung.Methods.coneGraph_bound' depends on axioms: [propext, Classical.choice, Quot.sound]
'Taeyoung.Examples.Graph084.status' depends on axioms: [propext, Classical.choice, Quot.sound]
'Taeyoung.Methods.Link.graphWeight_coneGraph' depends on axioms: [propext, Classical.choice, Quot.sound]
'Taeyoung.Methods.Link.homDensity_coneGraph' depends on axioms: [propext, Classical.choice, Quot.sound]
'Taeyoung.Methods.Link.rootedDensity_eq' depends on axioms: [propext, Classical.choice, Quot.sound]
'Taeyoung.Methods.Link.tangent_of_convex' depends on axioms: [propext, Classical.choice, Quot.sound]
'Taeyoung.Methods.CliqueLeaf.cliquePoly_tangent' depends on axioms: [propext, Classical.choice, Quot.sound]
'Taeyoung.Methods.CliqueLeaf.rootedTriangle_le_degree' depends on axioms: [propext, Classical.choice, Quot.sound]
'Taeyoung.Methods.CliqueLeaf.link_tangent' depends on axioms: [propext, Classical.choice, Quot.sound]
'Taeyoung.Methods.CliqueLeaf.rootedDensity_lower' depends on axioms: [propext, Classical.choice, Quot.sound]
'Taeyoung.Methods.CliqueLeaf.cliquePoly_shift' depends on axioms: [propext, Classical.choice, Quot.sound]
'Taeyoung.Methods.CliqueLeaf.cliqueLeaf_density' depends on axioms: [propext, Classical.choice, Quot.sound]
'Taeyoung.Methods.CliqueLeaf.chromaticTarget_cliqueLeaf' depends on axioms: [propext, Classical.choice, Quot.sound]
'Taeyoung.Methods.CliqueLeaf.satisfiesLowerBound_of_cliqueLeaf' depends on axioms: [propext,
 Classical.choice,
 Quot.sound]
'Taeyoung.Methods.CliqueLeaf.satisfiesLowerBound_41' depends on axioms: [propext, Classical.choice, Quot.sound]
'Taeyoung.Methods.CliqueLeaf.satisfiesLowerBound_42' depends on axioms: [propext, Classical.choice, Quot.sound]
'Taeyoung.Methods.CliqueLeaf.satisfiesLowerBound_51' depends on axioms: [propext, Classical.choice, Quot.sound]
'Taeyoung.Examples.Graph045.status' depends on axioms: [propext, Classical.choice, Quot.sound]
'Taeyoung.Examples.Graph133.status' depends on axioms: [propext, Classical.choice, Quot.sound]
'Taeyoung.Examples.Graph191.status' depends on axioms: [propext, Classical.choice, Quot.sound]
'Taeyoung.Methods.RootedTriangleTree.pow_le_moment' depends on axioms: [propext, Classical.choice, Quot.sound]
'Taeyoung.Methods.RootedTriangleTree.homDensity_pawRooted' depends on axioms: [propext, Classical.choice, Quot.sound]
'Taeyoung.Methods.RootedTriangleTree.paw_satisfiesLowerBound' depends on axioms: [propext, Classical.choice, Quot.sound]
'Taeyoung.Methods.RootedTriangleTree.satisfiesLowerBound_of_rootedTree' depends on axioms: [propext,
 Classical.choice,
 Quot.sound]
'Taeyoung.Methods.RootedTriangleTree.l2_satisfiesLowerBound' depends on axioms: [propext, Classical.choice, Quot.sound]
'Taeyoung.Methods.RootedTriangleTree.l3_satisfiesLowerBound' depends on axioms: [propext, Classical.choice, Quot.sound]
'Taeyoung.Methods.RootedTriangleTree.tail_bound' depends on axioms: [propext, Classical.choice, Quot.sound]
'Taeyoung.Methods.RootedTriangleTree.q1_satisfiesLowerBound' depends on axioms: [propext, Classical.choice, Quot.sound]
'Taeyoung.Examples.Graph036.status' depends on axioms: [propext, Classical.choice, Quot.sound]
'Taeyoung.Examples.Graph007.status' depends on axioms: [propext, Classical.choice, Quot.sound]
'Taeyoung.Examples.Graph015.status' depends on axioms: [propext, Classical.choice, Quot.sound]
'Taeyoung.Examples.Graph017.status' depends on axioms: [propext, Classical.choice, Quot.sound]
'Taeyoung.Examples.Graph018.status' depends on axioms: [propext, Classical.choice, Quot.sound]
'Taeyoung.Examples.Graph034.status' depends on axioms: [propext, Classical.choice, Quot.sound]
'Taeyoung.Examples.Graph042.status' depends on axioms: [propext, Classical.choice, Quot.sound]
'Taeyoung.Examples.Graph046.status' depends on axioms: [propext, Classical.choice, Quot.sound]
'Taeyoung.Examples.Graph047.status' depends on axioms: [propext, Classical.choice, Quot.sound]
'Taeyoung.Examples.Graph051.status' depends on axioms: [propext, Classical.choice, Quot.sound]
'Taeyoung.Examples.Graph052.status' depends on axioms: [propext, Classical.choice, Quot.sound]
'Taeyoung.Examples.Graph092.status' depends on axioms: [propext, Classical.choice, Quot.sound]
'Taeyoung.Examples.Graph106.status' depends on axioms: [propext, Classical.choice, Quot.sound]
'Taeyoung.Examples.Graph144.status' depends on axioms: [propext, Classical.choice, Quot.sound]
'Taeyoung.Examples.Graph150.status' depends on axioms: [propext, Classical.choice, Quot.sound]
'Taeyoung.Examples.Graph161.status' depends on axioms: [propext, Classical.choice, Quot.sound]
'Taeyoung.Examples.Graph162.status' depends on axioms: [propext, Classical.choice, Quot.sound]
'Taeyoung.Examples.Graph163.status' depends on axioms: [propext, Classical.choice, Quot.sound]
'Taeyoung.Examples.Graph164.status' depends on axioms: [propext, Classical.choice, Quot.sound]
'Taeyoung.Examples.Graph167.status' depends on axioms: [propext, Classical.choice, Quot.sound]
'Taeyoung.Examples.Graph195.status' depends on axioms: [propext, Classical.choice, Quot.sound]
'Taeyoung.Examples.Graph201.status' depends on axioms: [propext, Classical.choice, Quot.sound]
'Taeyoung.Examples.Graph202.status' depends on axioms: [propext, Classical.choice, Quot.sound]
'Taeyoung.Examples.Graph207.status' depends on axioms: [propext, Classical.choice, Quot.sound]
'Taeyoung.Examples.Graph208.status' depends on axioms: [propext, Classical.choice, Quot.sound]
'Taeyoung.Methods.PawCone.baseTarget_tangent' depends on axioms: [propext, Classical.choice, Quot.sound]
'Taeyoung.Methods.PawCone.coneGraph_baseTarget_bound' depends on axioms: [propext, Classical.choice, Quot.sound]
'Taeyoung.Methods.PawCone.satisfiesLowerBound_of_pawCone' depends on axioms: [propext, Classical.choice, Quot.sound]
'Taeyoung.Methods.PawCone.base_paw' depends on axioms: [propext, Classical.choice, Quot.sound]
'Taeyoung.Methods.PawCone.base_triangleEdge' depends on axioms: [propext, Classical.choice, Quot.sound]
'Taeyoung.Methods.PawCone.satisfiesLowerBound_49' depends on axioms: [propext, Classical.choice, Quot.sound]
'Taeyoung.Methods.PawCone.satisfiesLowerBound_156' depends on axioms: [propext, Classical.choice, Quot.sound]
'Taeyoung.Methods.PawCone.satisfiesLowerBound_165' depends on axioms: [propext, Classical.choice, Quot.sound]
'Taeyoung.Examples.Graph049.status' depends on axioms: [propext, Classical.choice, Quot.sound]
'Taeyoung.Examples.Graph156.status' depends on axioms: [propext, Classical.choice, Quot.sound]
'Taeyoung.Examples.Graph165.status' depends on axioms: [propext, Classical.choice, Quot.sound]
'Taeyoung.Methods.affineProd_tangent' depends on axioms: [propext, Classical.choice, Quot.sound]
'Taeyoung.Methods.affineProd_threshold' depends on axioms: [propext, Classical.choice, Quot.sound]
'Taeyoung.Methods.pow_mul_affineProd_shift' depends on axioms: [propext, Classical.choice, Quot.sound]
'Taeyoung.Methods.chromaticTarget_affineProd' depends on axioms: [propext, Classical.choice, Quot.sound]
'Taeyoung.Methods.BaseCone.coneGraph_pow_bound' depends on axioms: [propext, Classical.choice, Quot.sound]
'Taeyoung.Methods.BaseCone.coneGraph_affineProd_bound' depends on axioms: [propext, Classical.choice, Quot.sound]
'Taeyoung.Methods.BaseCone.satisfiesLowerBound_of_baseCone' depends on axioms: [propext, Classical.choice, Quot.sound]
'Taeyoung.Methods.BaseCone.base_diamond' depends on axioms: [propext, Classical.choice, Quot.sound]
'Taeyoung.Methods.BaseCone.satisfiesLowerBound_177' depends on axioms: [propext, Classical.choice, Quot.sound]
'Taeyoung.Methods.BaseCone.satisfiesLowerBound_179' depends on axioms: [propext, Classical.choice, Quot.sound]
'Taeyoung.Methods.BaseCone.satisfiesLowerBound_183' depends on axioms: [propext, Classical.choice, Quot.sound]
'Taeyoung.Methods.BaseCone.satisfiesLowerBound_200' depends on axioms: [propext, Classical.choice, Quot.sound]
'Taeyoung.Methods.BaseCone.satisfiesLowerBound_205' depends on axioms: [propext, Classical.choice, Quot.sound]
'Taeyoung.Examples.Graph177.status' depends on axioms: [propext, Classical.choice, Quot.sound]
'Taeyoung.Examples.Graph179.status' depends on axioms: [propext, Classical.choice, Quot.sound]
'Taeyoung.Examples.Graph183.status' depends on axioms: [propext, Classical.choice, Quot.sound]
'Taeyoung.Examples.Graph200.status' depends on axioms: [propext, Classical.choice, Quot.sound]
'Taeyoung.Examples.Graph205.status' depends on axioms: [propext, Classical.choice, Quot.sound]
'Taeyoung.Methods.ForestCone.base_starIsolate1' depends on axioms: [propext, Classical.choice, Quot.sound]
'Taeyoung.Methods.ForestCone.base_twoEdgesIsolate' depends on axioms: [propext, Classical.choice, Quot.sound]
'Taeyoung.Methods.ForestCone.base_40' depends on axioms: [propext, Classical.choice, Quot.sound]
'Taeyoung.Methods.ForestCone.satisfiesLowerBound_40' depends on axioms: [propext, Classical.choice, Quot.sound]
'Taeyoung.Methods.ForestCone.satisfiesLowerBound_111' depends on axioms: [propext, Classical.choice, Quot.sound]
'Taeyoung.Methods.ForestCone.satisfiesLowerBound_117' depends on axioms: [propext, Classical.choice, Quot.sound]
'Taeyoung.Methods.ForestCone.satisfiesLowerBound_135' depends on axioms: [propext, Classical.choice, Quot.sound]
'Taeyoung.Methods.ForestCone.satisfiesLowerBound_192' depends on axioms: [propext, Classical.choice, Quot.sound]
'Taeyoung.Examples.Graph040.status' depends on axioms: [propext, Classical.choice, Quot.sound]
'Taeyoung.Examples.Graph111.status' depends on axioms: [propext, Classical.choice, Quot.sound]
'Taeyoung.Examples.Graph117.status' depends on axioms: [propext, Classical.choice, Quot.sound]
'Taeyoung.Examples.Graph135.status' depends on axioms: [propext, Classical.choice, Quot.sound]
'Taeyoung.Examples.Graph192.status' depends on axioms: [propext, Classical.choice, Quot.sound]
'Taeyoung.Methods.Link.properAssignmentCount_coneGraph' depends on axioms: [propext, Classical.choice, Quot.sound]
'Taeyoung.Methods.Link.isChromaticPolynomial_coneGraph' depends on axioms: [propext, Classical.choice, Quot.sound]
'Taeyoung.Methods.Link.isChromaticNumber_coneGraph' depends on axioms: [propext, Classical.choice, Quot.sound]
'Taeyoung.Methods.OddCycleCone.c5Target_tangent' depends on axioms: [propext, Classical.choice, Quot.sound]
'Taeyoung.Methods.OddCycleCone.coneC5_bound' depends on axioms: [propext, Classical.choice, Quot.sound]
'Taeyoung.Methods.OddCycleCone.satisfiesLowerBound_187' depends on axioms: [propext, Classical.choice, Quot.sound]
'Taeyoung.Examples.Graph187.status' depends on axioms: [propext, Classical.choice, Quot.sound]
'Taeyoung.Methods.affineProd_forestRoots' depends on axioms: [propext, Classical.choice, Quot.sound]
'Taeyoung.Methods.BaseCone.satisfiesLowerBound_coneGraph_of_sidorenko' depends on axioms: [propext,
 Classical.choice,
 Quot.sound]
'Taeyoung.Methods.ForestCone.chrom136' depends on axioms: [propext, Classical.choice, Quot.sound]
'Taeyoung.Methods.ForestCone.num136' depends on axioms: [propext, Classical.choice, Quot.sound]
'Taeyoung.Methods.PathSidorenko.homDensity_p4Rooted' depends on axioms: [propext, Classical.choice, Quot.sound]
'Taeyoung.Methods.PathSidorenko.homDensity_p4Graph' depends on axioms: [propext, Classical.choice, Quot.sound]
'Taeyoung.Methods.PathSidorenko.ae_degE_ne_zero' depends on axioms: [propext, Classical.choice, Quot.sound]
'Taeyoung.Methods.PathSidorenko.ae_degE_ne_zero_snd' depends on axioms: [propext, Classical.choice, Quot.sound]
'Taeyoung.Methods.PathSidorenko.lintegral_edgeE_div_fst' depends on axioms: [propext, Classical.choice, Quot.sound]
'Taeyoung.Methods.PathSidorenko.pow_three_le_pathIntegral' depends on axioms: [propext, Classical.choice, Quot.sound]
'Taeyoung.Methods.ForestCone.satisfiesLowerBound_136' depends on axioms: [propext, Classical.choice, Quot.sound]
'Taeyoung.Examples.Graph136.status' depends on axioms: [propext, Classical.choice, Quot.sound]
'Taeyoung.Methods.Link.sub_mul_rpow_sub_nonneg' depends on axioms: [propext, Classical.choice, Quot.sound]
'Taeyoung.Methods.Link.rpow_le_momentR' depends on axioms: [propext, Classical.choice, Quot.sound]
'Taeyoung.Methods.Link.correlation_bound_rpow' depends on axioms: [propext, Classical.choice, Quot.sound]
'Taeyoung.Methods.Link.weighted_rootedTriangle_rpow' depends on axioms: [propext, Classical.choice, Quot.sound]
'Taeyoung.Methods.Link.sq_pageOp_le' depends on axioms: [propext, Classical.choice, Quot.sound]
'Taeyoung.Methods.Link.integral_edge_pageOp' depends on axioms: [propext, Classical.choice, Quot.sound]
'Taeyoung.Methods.Link.measurable_pageOp' depends on axioms: [propext, Classical.choice, Quot.sound]
'Taeyoung.Methods.Link.integral_prod_edge' depends on axioms: [propext, Classical.choice, Quot.sound]
'Taeyoung.Methods.PageBook.homDensity_book114' depends on axioms: [propext, Classical.choice, Quot.sound]
'Taeyoung.Methods.PageBook.book114_bound' depends on axioms: [propext, Classical.choice, Quot.sound]
'Taeyoung.Methods.PageBook.satisfiesLowerBound_114' depends on axioms: [propext, Classical.choice, Quot.sound]
'Taeyoung.Examples.Graph114.status' depends on axioms: [propext, Classical.choice, Quot.sound]
'Taeyoung.Methods.PageBook.homDensity_book41' depends on axioms: [propext, Classical.choice, Quot.sound]
'Taeyoung.Methods.PageBook.book41_bound' depends on axioms: [propext, Classical.choice, Quot.sound]
'Taeyoung.Methods.PageBook.satisfiesLowerBound_41'' depends on axioms: [propext, Classical.choice, Quot.sound]
'Taeyoung.Methods.PageBook.chrom193' depends on axioms: [propext, Classical.choice, Quot.sound]
'Taeyoung.Methods.PageBook.satisfiesLowerBound_193' depends on axioms: [propext, Classical.choice, Quot.sound]
'Taeyoung.Examples.Graph041.status' depends on axioms: [propext, Classical.choice, Quot.sound]
'Taeyoung.Examples.Graph193.status' depends on axioms: [propext, Classical.choice, Quot.sound]
'Taeyoung.Methods.Link.sq_pageOp_le'' depends on axioms: [propext, Classical.choice, Quot.sound]
'Taeyoung.Methods.Link.cube_pageOp_le' depends on axioms: [propext, Classical.choice, Quot.sound]
'Taeyoung.Methods.PageBook.homDensity_book138' depends on axioms: [propext, Classical.choice, Quot.sound]
'Taeyoung.Methods.PageBook.book138_bound' depends on axioms: [propext, Classical.choice, Quot.sound]
'Taeyoung.Methods.PageBook.satisfiesLowerBound_138' depends on axioms: [propext, Classical.choice, Quot.sound]
'Taeyoung.Examples.Graph138.status' depends on axioms: [propext, Classical.choice, Quot.sound]
'Taeyoung.Methods.DegreeBias.isProbabilityMeasure_degreeMeasure' depends on axioms: [propext,
 Classical.choice,
 Quot.sound]
'Taeyoung.Methods.DegreeBias.homDensity_degreeGraphon' depends on axioms: [propext, Classical.choice, Quot.sound]
'Taeyoung.Methods.DegreeBias.integral_degree_prod' depends on axioms: [propext, Classical.choice, Quot.sound]
'Taeyoung.Methods.DegreeBias.le_cliqueDensity_degreeGraphon' depends on axioms: [propext, Classical.choice, Quot.sound]
'Taeyoung.Methods.Whisker.homDensity_whisker3' depends on axioms: [propext, Classical.choice, Quot.sound]
'Taeyoung.Methods.Whisker.whisker3_bound' depends on axioms: [propext, Classical.choice, Quot.sound]
'Taeyoung.Methods.Whisker.satisfiesLowerBound_94' depends on axioms: [propext, Classical.choice, Quot.sound]
'Taeyoung.Examples.Graph094.status' depends on axioms: [propext, Classical.choice, Quot.sound]
'Taeyoung.Methods.Link.le_pageOp_zero' depends on axioms: [propext, Classical.choice, Quot.sound]
'Taeyoung.Methods.GeometricMean.lintegral_edgeE_div_geo' depends on axioms: [propext, Classical.choice, Quot.sound]
'Taeyoung.Methods.GeometricMean.sq_le_lintegral_edgeE_geo' depends on axioms: [propext, Classical.choice, Quot.sound]
'Taeyoung.Methods.GeometricMean.sq_le_integral_geoIntegrand' depends on axioms: [propext, Classical.choice, Quot.sound]
'Taeyoung.Methods.GeometricMean.two_mul_geoMean_le' depends on axioms: [propext, Classical.choice, Quot.sound]
'Taeyoung.Methods.TwoRoot.tangent_trunc' depends on axioms: [propext, Classical.choice, Quot.sound]
'Taeyoung.Methods.TwoRoot.target_le_integral_truncIntegrand' depends on axioms: [propext, Classical.choice, Quot.sound]
'Taeyoung.Methods.TwoRoot.max_le_pageOp_zero' depends on axioms: [propext, Classical.choice, Quot.sound]
'Taeyoung.Methods.TwoRoot.target_le_integral_pageIntegrand' depends on axioms: [propext, Classical.choice, Quot.sound]
'Taeyoung.Methods.TwoRoot.homDensity_book35' depends on axioms: [propext, Classical.choice, Quot.sound]
'Taeyoung.Methods.TwoRoot.book35_bound' depends on axioms: [propext, Classical.choice, Quot.sound]
'Taeyoung.Methods.TwoRoot.satisfiesLowerBound_35' depends on axioms: [propext, Classical.choice, Quot.sound]
'Taeyoung.Examples.Graph035.status' depends on axioms: [propext, Classical.choice, Quot.sound]
'Taeyoung.Methods.TwoRoot.homDensity_book93' depends on axioms: [propext, Classical.choice, Quot.sound]
'Taeyoung.Methods.TwoRoot.two_pageIntegrand_le' depends on axioms: [propext, Classical.choice, Quot.sound]
'Taeyoung.Methods.TwoRoot.book93_bound' depends on axioms: [propext, Classical.choice, Quot.sound]
'Taeyoung.Methods.TwoRoot.satisfiesLowerBound_93' depends on axioms: [propext, Classical.choice, Quot.sound]
'Taeyoung.Examples.Graph093.status' depends on axioms: [propext, Classical.choice, Quot.sound]
'Taeyoung.Methods.TwoRoot.homDensity_book112' depends on axioms: [propext, Classical.choice, Quot.sound]
'Taeyoung.Methods.TwoRoot.book112_bound' depends on axioms: [propext, Classical.choice, Quot.sound]
'Taeyoung.Methods.TwoRoot.satisfiesLowerBound_112' depends on axioms: [propext, Classical.choice, Quot.sound]
'Taeyoung.Examples.Graph112.status' depends on axioms: [propext, Classical.choice, Quot.sound]
'Taeyoung.Methods.TwoRoot.chrom180' depends on axioms: [propext, Classical.choice, Quot.sound]
'Taeyoung.Methods.TwoRoot.satisfiesLowerBound_180' depends on axioms: [propext, Classical.choice, Quot.sound]
'Taeyoung.Examples.Graph180.status' depends on axioms: [propext, Classical.choice, Quot.sound]
'Taeyoung.Methods.BookTail.sq_integral_mul_le' depends on axioms: [propext, Classical.choice, Quot.sound]
'Taeyoung.Methods.BookTail.integral_pathOp' depends on axioms: [propext, Classical.choice, Quot.sound]
'Taeyoung.Methods.BookTail.two_mul_sq_sub_le_integral_pathOp_mul_rootedTriangle' depends on axioms: [propext,
 Classical.choice,
 Quot.sound]
'Taeyoung.Methods.BookTail.weighted_le_integral_pathOp_mul_rootedTriangle' depends on axioms: [propext,
 Classical.choice,
 Quot.sound]
'Taeyoung.Methods.BookTail.firstPage_bound' depends on axioms: [propext, Classical.choice, Quot.sound]
'Taeyoung.Methods.BookTail.homDensity_book120' depends on axioms: [propext, Classical.choice, Quot.sound]
'Taeyoung.Methods.BookTail.integral_tailWeight' depends on axioms: [propext, Classical.choice, Quot.sound]
'Taeyoung.Methods.BookTail.integral_tailWeight_mul_pageOp' depends on axioms: [propext, Classical.choice, Quot.sound]
'Taeyoung.Methods.BookTail.book120_bound' depends on axioms: [propext, Classical.choice, Quot.sound]
'Taeyoung.Methods.BookTail.satisfiesLowerBound_120' depends on axioms: [propext, Classical.choice, Quot.sound]
'Taeyoung.Examples.Graph120.status' depends on axioms: [propext, Classical.choice, Quot.sound]
'Taeyoung.Methods.PageTail.integral_edge_pageWeightOp' depends on axioms: [propext, Classical.choice, Quot.sound]
'Taeyoung.Methods.PageTail.sq_pageWeightOp_sqrt_le' depends on axioms: [propext, Classical.choice, Quot.sound]
'Taeyoung.Methods.PageTail.tangent_sqrt' depends on axioms: [propext, Classical.choice, Quot.sound]
'Taeyoung.Methods.PageTail.sqrt_weighted_rootedTriangle' depends on axioms: [propext, Classical.choice, Quot.sound]
'Taeyoung.Methods.PageTail.homDensity_book123' depends on axioms: [propext, Classical.choice, Quot.sound]
'Taeyoung.Methods.PageTail.book123_bound' depends on axioms: [propext, Classical.choice, Quot.sound]
'Taeyoung.Methods.PageTail.satisfiesLowerBound_123' depends on axioms: [propext, Classical.choice, Quot.sound]
'Taeyoung.Examples.Graph123.status' depends on axioms: [propext, Classical.choice, Quot.sound]
'Taeyoung.Methods.K4Tail.Sfun_nonneg' depends on axioms: [propext, Classical.choice, Quot.sound]
'Taeyoung.Methods.K4Tail.plane_nonpos' depends on axioms: [propext, Classical.choice, Quot.sound]
'Taeyoung.Methods.K4Tail.plane_le_active' depends on axioms: [propext, Classical.choice, Quot.sound]
'Taeyoung.Methods.K4Tail.plane_le_trunc' depends on axioms: [propext, Classical.choice, Quot.sound]
'Taeyoung.Methods.K4Tail.goodman' depends on axioms: [propext, Classical.choice, Quot.sound]
'Taeyoung.Methods.K4Tail.mul_rootedK4_ge' depends on axioms: [propext, Classical.choice, Quot.sound]
'Taeyoung.Methods.K4Tail.plane_le_rootedK4' depends on axioms: [propext, Classical.choice, Quot.sound]
'Taeyoung.Methods.K4Tail.rootedK4_eq' depends on axioms: [propext, Classical.choice, Quot.sound]
'Taeyoung.Methods.K4Tail.homDensity_k4tail' depends on axioms: [propext, Classical.choice, Quot.sound]
'Taeyoung.Methods.K4Tail.integral_plane' depends on axioms: [propext, Classical.choice, Quot.sound]
'Taeyoung.Methods.K4Tail.k4tail_bound' depends on axioms: [propext, Classical.choice, Quot.sound]
'Taeyoung.Methods.K4Tail.satisfiesLowerBound_142' depends on axioms: [propext, Classical.choice, Quot.sound]
'Taeyoung.Examples.Graph142.status' depends on axioms: [propext, Classical.choice, Quot.sound]
'Taeyoung.Methods.integral_assignment_fin_two' depends on axioms: [propext, Classical.choice, Quot.sound]
'Taeyoung.Methods.integral_assignment_fin_four' depends on axioms: [propext, Classical.choice, Quot.sound]
'Taeyoung.Methods.integral_assignment_fin_six' depends on axioms: [propext, Classical.choice, Quot.sound]
'Taeyoung.Methods.CliqueDist.sq_sqrtMean_le' depends on axioms: [propext, Classical.choice, Quot.sound]
'Taeyoung.Methods.CliqueDist.integral_sqrtDegree_prod' depends on axioms: [propext, Classical.choice, Quot.sound]
'Taeyoung.Methods.CliqueDist.sq_le_sq_sqrtMean_mul_cliqueDensity' depends on axioms: [propext,
 Classical.choice,
 Quot.sound]
'Taeyoung.Methods.CliqueDist.homDensity_cliqueDist01' depends on axioms: [propext, Classical.choice, Quot.sound]
'Taeyoung.Methods.CliqueDist.homDensity_cliqueDist23' depends on axioms: [propext, Classical.choice, Quot.sound]
'Taeyoung.Methods.CliqueDist.cliqueDist01_bound' depends on axioms: [propext, Classical.choice, Quot.sound]
'Taeyoung.Methods.CliqueDist.satisfiesLowerBound_134' depends on axioms: [propext, Classical.choice, Quot.sound]
'Taeyoung.Examples.Graph134.status' depends on axioms: [propext, Classical.choice, Quot.sound]
'Taeyoung.Methods.CliqueDist.homDensity_diamondLeaf02' depends on axioms: [propext, Classical.choice, Quot.sound]
'Taeyoung.Methods.CliqueDist.homDensity_diamondLeaf13' depends on axioms: [propext, Classical.choice, Quot.sound]
'Taeyoung.Methods.CliqueDist.diamondLeaf02_bound' depends on axioms: [propext, Classical.choice, Quot.sound]
'Taeyoung.Methods.CliqueDist.satisfiesLowerBound_113' depends on axioms: [propext, Classical.choice, Quot.sound]
'Taeyoung.Examples.Graph113.status' depends on axioms: [propext, Classical.choice, Quot.sound]
'Taeyoung.Methods.MixedBranch.homDensity_r11' depends on axioms: [propext, Classical.choice, Quot.sound]
'Taeyoung.Methods.MixedBranch.r11_bound' depends on axioms: [propext, Classical.choice, Quot.sound]
'Taeyoung.Methods.MixedBranch.satisfiesLowerBound_95' depends on axioms: [propext, Classical.choice, Quot.sound]
'Taeyoung.Examples.Graph095.status' depends on axioms: [propext, Classical.choice, Quot.sound]
'Taeyoung.Methods.Broom.le_pathOp' depends on axioms: [propext, Classical.choice, Quot.sound]
'Taeyoung.Methods.Broom.sq_pathOp_le' depends on axioms: [propext, Classical.choice, Quot.sound]
'Taeyoung.Methods.Broom.plane_le_active' depends on axioms: [propext, Classical.choice, Quot.sound]
'Taeyoung.Methods.Broom.plane_nonpos' depends on axioms: [propext, Classical.choice, Quot.sound]
'Taeyoung.Methods.Broom.plane_le_rooted' depends on axioms: [propext, Classical.choice, Quot.sound]
'Taeyoung.Methods.Broom.homDensity_broom' depends on axioms: [propext, Classical.choice, Quot.sound]
'Taeyoung.Methods.Broom.integral_plane' depends on axioms: [propext, Classical.choice, Quot.sound]
'Taeyoung.Methods.Broom.broom_bound' depends on axioms: [propext, Classical.choice, Quot.sound]
'Taeyoung.Methods.Broom.satisfiesLowerBound_100' depends on axioms: [propext, Classical.choice, Quot.sound]
'Taeyoung.Examples.Graph100.status' depends on axioms: [propext, Classical.choice, Quot.sound]
'Taeyoung.Methods.AdjTail.leafTri_ge' depends on axioms: [propext, Classical.choice, Quot.sound]
'Taeyoung.Methods.AdjTail.shape_nonneg' depends on axioms: [propext, Classical.choice, Quot.sound]
'Taeyoung.Methods.AdjTail.plane_le_active' depends on axioms: [propext, Classical.choice, Quot.sound]
'Taeyoung.Methods.AdjTail.plane_nonpos' depends on axioms: [propext, Classical.choice, Quot.sound]
'Taeyoung.Methods.AdjTail.plane_le_rooted' depends on axioms: [propext, Classical.choice, Quot.sound]
'Taeyoung.Methods.AdjTail.homDensity_adjTail' depends on axioms: [propext, Classical.choice, Quot.sound]
'Taeyoung.Methods.AdjTail.integral_plane' depends on axioms: [propext, Classical.choice, Quot.sound]
'Taeyoung.Methods.AdjTail.adjTail_bound' depends on axioms: [propext, Classical.choice, Quot.sound]
'Taeyoung.Methods.AdjTail.satisfiesLowerBound_97' depends on axioms: [propext, Classical.choice, Quot.sound]
'Taeyoung.Examples.Graph097.status' depends on axioms: [propext, Classical.choice, Quot.sound]
'Taeyoung.Methods.OddLeaf.pow_rootMean_le' depends on axioms: [propext, Classical.choice, Quot.sound]
'Taeyoung.Methods.OddLeaf.integral_rootDegree_prod' depends on axioms: [propext, Classical.choice, Quot.sound]
'Taeyoung.Methods.OddLeaf.pow_seven_le_pow_rootEdge' depends on axioms: [propext, Classical.choice, Quot.sound]
'Taeyoung.Methods.OddLeaf.scalar_mono' depends on axioms: [propext, Classical.choice, Quot.sound]
'Taeyoung.Methods.OddLeaf.transfer' depends on axioms: [propext, Classical.choice, Quot.sound]
'Taeyoung.Methods.OddLeaf.homDensity_c5plus' depends on axioms: [propext, Classical.choice, Quot.sound]
'Taeyoung.Methods.OddLeaf.integral_cycle_degree' depends on axioms: [propext, Classical.choice, Quot.sound]
'Taeyoung.Methods.OddLeaf.prod_rootDegree_le' depends on axioms: [propext, Classical.choice, Quot.sound]
'Taeyoung.Methods.OddLeaf.integral_prod_rootDegree_le' depends on axioms: [propext, Classical.choice, Quot.sound]
'Taeyoung.Methods.OddLeaf.rootEdge_eq' depends on axioms: [propext, Classical.choice, Quot.sound]
'Taeyoung.Methods.OddLeaf.c5plus_bound' depends on axioms: [propext, Classical.choice, Quot.sound]
'Taeyoung.Methods.OddLeaf.satisfiesLowerBound_104' depends on axioms: [propext, Classical.choice, Quot.sound]
'Taeyoung.Examples.Graph104.status' depends on axioms: [propext, Classical.choice, Quot.sound]
'Taeyoung.Methods.OddLeaf.pow_le_pow_rootEdge' depends on axioms: [propext, Classical.choice, Quot.sound]
'Taeyoung.Methods.BowtieLeaf.le_biased' depends on axioms: [propext, Classical.choice, Quot.sound]
'Taeyoung.Methods.BowtieLeaf.transfer' depends on axioms: [propext, Classical.choice, Quot.sound]
'Taeyoung.Methods.BowtieLeaf.sq_integral_pairTri_le' depends on axioms: [propext, Classical.choice, Quot.sound]
'Taeyoung.Methods.BowtieLeaf.prod_pair_rootDegree' depends on axioms: [propext, Classical.choice, Quot.sound]
'Taeyoung.Methods.BowtieLeaf.integral_prod_rootDegree_le' depends on axioms: [propext, Classical.choice, Quot.sound]
'Taeyoung.Methods.BowtieLeaf.homDensity_bowtieLeaf' depends on axioms: [propext, Classical.choice, Quot.sound]
'Taeyoung.Methods.BowtieLeaf.prod_outer_rootDegree' depends on axioms: [propext, Classical.choice, Quot.sound]
'Taeyoung.Methods.BowtieLeaf.integral_outer_factor' depends on axioms: [propext, Classical.choice, Quot.sound]
'Taeyoung.Methods.BowtieLeaf.integral_outer_le' depends on axioms: [propext, Classical.choice, Quot.sound]
'Taeyoung.Methods.BowtieLeaf.bowtieLeaf_bound' depends on axioms: [propext, Classical.choice, Quot.sound]
'Taeyoung.Methods.BowtieLeaf.satisfiesLowerBound_119' depends on axioms: [propext, Classical.choice, Quot.sound]
'Taeyoung.Examples.Graph119.status' depends on axioms: [propext, Classical.choice, Quot.sound]
'Taeyoung.Methods.SelfAmalgam.integral_edgeProd' depends on axioms: [propext, Classical.choice, Quot.sound]
'Taeyoung.Methods.SelfAmalgam.sq_edge_page_le' depends on axioms: [propext, Classical.choice, Quot.sound]
'Taeyoung.Methods.SelfAmalgam.integral_edge_page_eq' depends on axioms: [propext, Classical.choice, Quot.sound]
'Taeyoung.Methods.SelfAmalgam.paw_le' depends on axioms: [propext, Classical.choice, Quot.sound]
'Taeyoung.Methods.SelfAmalgam.homDensity_amalgam' depends on axioms: [propext, Classical.choice, Quot.sound]
'Taeyoung.Methods.SelfAmalgam.amalgam_bound' depends on axioms: [propext, Classical.choice, Quot.sound]
'Taeyoung.Methods.SelfAmalgam.satisfiesLowerBound_115' depends on axioms: [propext, Classical.choice, Quot.sound]
'Taeyoung.Examples.Graph115.status' depends on axioms: [propext, Classical.choice, Quot.sound]
'Taeyoung.Methods.OddWalk.integral_walkIter_mul' depends on axioms: [propext, Classical.choice, Quot.sound]
'Taeyoung.Methods.OddWalk.integral_mul_log_div_le_log_integral' depends on axioms: [propext,
 Classical.choice,
 Quot.sound]
'Taeyoung.Methods.OddWalk.integral_mul_log_nonneg' depends on axioms: [propext, Classical.choice, Quot.sound]
'Taeyoung.Methods.OddWalk.integral_kEnd_right' depends on axioms: [propext, Classical.choice, Quot.sound]
'Taeyoung.Methods.OddWalk.integral_kEnd_left' depends on axioms: [propext, Classical.choice, Quot.sound]
'Taeyoung.Methods.OddWalk.integral_kMid_right' depends on axioms: [propext, Classical.choice, Quot.sound]
'Taeyoung.Methods.OddWalk.step_pointwise' depends on axioms: [propext, Classical.choice, Quot.sound]
'Taeyoung.Methods.OddWalk.chain_step' depends on axioms: [propext, Classical.choice, Quot.sound]
'Taeyoung.Methods.OddWalk.tree_entropy_identity' depends on axioms: [propext, Classical.choice, Quot.sound]
'Taeyoung.Methods.OddWalk.Eker_kEnd_swap' depends on axioms: [propext, Classical.choice, Quot.sound]
'Taeyoung.Methods.OddWalk.fold_one' depends on axioms: [propext, Classical.choice, Quot.sound]
'Taeyoung.Methods.OddWalk.fold_two' depends on axioms: [propext, Classical.choice, Quot.sound]
'Taeyoung.Methods.OddWalk.fold_three' depends on axioms: [propext, Classical.choice, Quot.sound]
'Taeyoung.Methods.OddWalk.pow_le_pow_of_regular' depends on axioms: [propext, Classical.choice, Quot.sound]
'Taeyoung.Methods.OddWalk.a3_pow_five_le_a5_pow_three' depends on axioms: [propext, Classical.choice, Quot.sound]
'Taeyoung.Methods.OddWalk.sq_mul_a3_le_a5' depends on axioms: [propext, Classical.choice, Quot.sound]
'Taeyoung.Methods.OddWalk.homDensity_r3' depends on axioms: [propext, Classical.choice, Quot.sound]
'Taeyoung.Methods.OddWalk.target_le_rooted' depends on axioms: [propext, Classical.choice, Quot.sound]
'Taeyoung.Methods.OddWalk.chrom102' depends on axioms: [propext, Classical.choice, Quot.sound]
'Taeyoung.Methods.OddWalk.num102' depends on axioms: [propext, Classical.choice, Quot.sound]
'Taeyoung.Methods.OddWalk.satisfiesLowerBound_102' depends on axioms: [propext, Classical.choice, Quot.sound]
'Taeyoung.Examples.Graph102.status' depends on axioms: [propext, Classical.choice, Quot.sound]
'Taeyoung.Methods.PagePawBranch.rpow_mul_le_integral_third' depends on axioms: [propext, Classical.choice, Quot.sound]
'Taeyoung.Methods.PagePawBranch.sq_branchOp_le' depends on axioms: [propext, Classical.choice, Quot.sound]
'Taeyoung.Methods.PagePawBranch.sq_edge_le' depends on axioms: [propext, Classical.choice, Quot.sound]
'Taeyoung.Methods.PagePawBranch.cube_edge_le' depends on axioms: [propext, Classical.choice, Quot.sound]
'Taeyoung.Methods.PagePawBranch.integral_edge_degree_pageOp' depends on axioms: [propext, Classical.choice, Quot.sound]
'Taeyoung.Methods.PagePawBranch.integral_edge_branchOp' depends on axioms: [propext, Classical.choice, Quot.sound]
'Taeyoung.Methods.PagePawBranch.branch_bound' depends on axioms: [propext, Classical.choice, Quot.sound]
'Taeyoung.Methods.PagePawBranch.key_new' depends on axioms: [propext, Classical.choice, Quot.sound]
'Taeyoung.Methods.PagePawBranch.key_page' depends on axioms: [propext, Classical.choice, Quot.sound]
'Taeyoung.Methods.PagePawBranch.homDensity_bookNew' depends on axioms: [propext, Classical.choice, Quot.sound]
'Taeyoung.Methods.PagePawBranch.homDensity_bookPage' depends on axioms: [propext, Classical.choice, Quot.sound]
'Taeyoung.Methods.PagePawBranch.bookNew_bound' depends on axioms: [propext, Classical.choice, Quot.sound]
'Taeyoung.Methods.PagePawBranch.bookPage_bound' depends on axioms: [propext, Classical.choice, Quot.sound]
'Taeyoung.Methods.PagePawBranch.chromNew' depends on axioms: [propext, Classical.choice, Quot.sound]
'Taeyoung.Methods.PagePawBranch.chromPage' depends on axioms: [propext, Classical.choice, Quot.sound]
'Taeyoung.Methods.PagePawBranch.numNew' depends on axioms: [propext, Classical.choice, Quot.sound]
'Taeyoung.Methods.PagePawBranch.numPage' depends on axioms: [propext, Classical.choice, Quot.sound]
'Taeyoung.Methods.PagePawBranch.satisfiesLowerBound_bookNew' depends on axioms: [propext, Classical.choice, Quot.sound]
'Taeyoung.Methods.PagePawBranch.satisfiesLowerBound_bookPage' depends on axioms: [propext, Classical.choice, Quot.sound]
'Taeyoung.Examples.Graph137.status' depends on axioms: [propext, Classical.choice, Quot.sound]
'Taeyoung.Examples.Graph139.status' depends on axioms: [propext, Classical.choice, Quot.sound]
'OddCycleBound.triangleDensityLowerBound_twoThirds' depends on axioms: [propext, Classical.choice, Quot.sound]
'Taeyoung.Methods.TriangleDensity.cliqueDensity_three_eq' depends on axioms: [propext, Classical.choice, Quot.sound]
'Taeyoung.Methods.TriangleDensity.edgeDensity_bridge' depends on axioms: [propext, Classical.choice, Quot.sound]
'Taeyoung.Methods.TriangleDensity.trace_compPow_bridge' depends on axioms: [propext, Classical.choice, Quot.sound]
'Taeyoung.Methods.TriangleDensity.fisherParam_mem' depends on axioms: [propext, Classical.choice, Quot.sound]
'Taeyoung.Methods.TriangleDensity.fisherParam_quadratic' depends on axioms: [propext, Classical.choice, Quot.sound]
'Taeyoung.Methods.TriangleDensity.fisher_triangle_bound' depends on axioms: [propext, Classical.choice, Quot.sound]
'Taeyoung.Methods.TriangleDensity.goodman_triangle_bound' depends on axioms: [propext, Classical.choice, Quot.sound]
'Taeyoung.Methods.Atlas148.line_le_edgeFn' depends on axioms: [propext, Classical.choice, Quot.sound]
'Taeyoung.Methods.Atlas148.two_geoDeg_le' depends on axioms: [propext, Classical.choice, Quot.sound]
'Taeyoung.Methods.Atlas148.pageOp_zero_le_geoDeg' depends on axioms: [propext, Classical.choice, Quot.sound]
'Taeyoung.Methods.Atlas148.sq_le_integral_edge_geoDeg' depends on axioms: [propext, Classical.choice, Quot.sound]
'Taeyoung.Methods.Atlas148.linear_estimate' depends on axioms: [propext, Classical.choice, Quot.sound]
'Taeyoung.Methods.Atlas148.two_term_bessel' depends on axioms: [propext, Classical.choice, Quot.sound]
'Taeyoung.Methods.Atlas148.fibOp_sq_lower' depends on axioms: [propext, Classical.choice, Quot.sound]
'Taeyoung.Methods.Atlas148.high_bound' depends on axioms: [propext, Classical.choice, Quot.sound]
'Taeyoung.Methods.Atlas148.homDensity_graph148' depends on axioms: [propext, Classical.choice, Quot.sound]
'Taeyoung.Methods.Atlas148.bigT_eq' depends on axioms: [propext, Classical.choice, Quot.sound]
'Taeyoung.Methods.Atlas148.homDensity_graph148_high' depends on axioms: [propext, Classical.choice, Quot.sound]
'Taeyoung.Methods.Atlas148.low_comparison' depends on axioms: [propext, Classical.choice, Quot.sound]
'Taeyoung.Methods.Atlas148.cross_mono' depends on axioms: [propext, Classical.choice, Quot.sound]
'Taeyoung.Methods.Atlas148.paw_scalar_fisher' depends on axioms: [propext, Classical.choice, Quot.sound]
'Taeyoung.Methods.Atlas148.paw_scalar_goodman' depends on axioms: [propext, Classical.choice, Quot.sound]
'Taeyoung.Methods.Atlas148.cube_cubeMoment_le' depends on axioms: [propext, Classical.choice, Quot.sound]
'Taeyoung.Methods.Atlas148.pow_five_le_fracEdge_cube' depends on axioms: [propext, Classical.choice, Quot.sound]
'Taeyoung.Methods.Atlas148.triGeo_le_pawG' depends on axioms: [propext, Classical.choice, Quot.sound]
'Taeyoung.Methods.Atlas148.tilt_edge_eq' depends on axioms: [propext, Classical.choice, Quot.sound]
'Taeyoung.Methods.Atlas148.tilt_triangle_eq' depends on axioms: [propext, Classical.choice, Quot.sound]
'Taeyoung.Methods.Atlas148.sq_pawG_le_bigT' depends on axioms: [propext, Classical.choice, Quot.sound]
'Taeyoung.Methods.Atlas148.pawG_ge' depends on axioms: [propext, Classical.choice, Quot.sound]
'Taeyoung.Methods.Atlas148.homDensity_graph148_low' depends on axioms: [propext, Classical.choice, Quot.sound]
'Taeyoung.Methods.Atlas148.homDensity_graph148_bound' depends on axioms: [propext, Classical.choice, Quot.sound]
'Taeyoung.Methods.Atlas148.chrom148' depends on axioms: [propext, Classical.choice, Quot.sound]
'Taeyoung.Methods.Atlas148.num148' depends on axioms: [propext, Classical.choice, Quot.sound]
'Taeyoung.Methods.Atlas148.satisfiesLowerBound_148' depends on axioms: [propext, Classical.choice, Quot.sound]
'Taeyoung.Examples.Graph148.status' depends on axioms: [propext, Classical.choice, Quot.sound]
'Taeyoung.Methods.Atlas145.sq_armOne_le' depends on axioms: [propext, Classical.choice, Quot.sound]
'Taeyoung.Methods.Atlas145.homDensity_frame145' depends on axioms: [propext, Classical.choice, Quot.sound]
'Taeyoung.Methods.Atlas145.homDensity_frameAdj' depends on axioms: [propext, Classical.choice, Quot.sound]
'Taeyoung.Methods.Atlas145.homDensity_frameAdj_le' depends on axioms: [propext, Classical.choice, Quot.sound]
'Taeyoung.Methods.Atlas145.homDensity_frame145_bound' depends on axioms: [propext, Classical.choice, Quot.sound]
'Taeyoung.Methods.Atlas145.chrom145' depends on axioms: [propext, Classical.choice, Quot.sound]
'Taeyoung.Methods.Atlas145.num145' depends on axioms: [propext, Classical.choice, Quot.sound]
'Taeyoung.Methods.Atlas145.satisfiesLowerBound_145' depends on axioms: [propext, Classical.choice, Quot.sound]
'Taeyoung.Examples.Graph145.status' depends on axioms: [propext, Classical.choice, Quot.sound]
'Taeyoung.Methods.Atlas160.Sfun_nonneg' depends on axioms: [propext, Classical.choice, Quot.sound]
'Taeyoung.Methods.Atlas160.plane_nonpos' depends on axioms: [propext, Classical.choice, Quot.sound]
'Taeyoung.Methods.Atlas160.plane_le_active' depends on axioms: [propext, Classical.choice, Quot.sound]
'Taeyoung.Methods.Atlas160.face_half' depends on axioms: [propext, Classical.choice, Quot.sound]
'Taeyoung.Methods.Atlas160.face_low' depends on axioms: [propext, Classical.choice, Quot.sound]
'Taeyoung.Methods.Atlas160.plane_le_neg' depends on axioms: [propext, Classical.choice, Quot.sound]
'Taeyoung.Methods.Atlas160.degree_add_sub_le_pathOp' depends on axioms: [propext, Classical.choice, Quot.sound]
'Taeyoung.Methods.Atlas160.rootedK4_le_cube' depends on axioms: [propext, Classical.choice, Quot.sound]
'Taeyoung.Methods.Atlas160.plane_le_signed' depends on axioms: [propext, Classical.choice, Quot.sound]
'Taeyoung.Methods.Atlas160.pathOp_add_sub_le_pageB' depends on axioms: [propext, Classical.choice, Quot.sound]
'Taeyoung.Methods.Atlas160.integral_pairK' depends on axioms: [propext, Classical.choice, Quot.sound]
'Taeyoung.Methods.Atlas160.pairK_symm' depends on axioms: [propext, Classical.choice, Quot.sound]
'Taeyoung.Methods.Atlas160.homDensity_graph160' depends on axioms: [propext, Classical.choice, Quot.sound]
'Taeyoung.Methods.Atlas160.integral_pairK_fst' depends on axioms: [propext, Classical.choice, Quot.sound]
'Taeyoung.Methods.Atlas160.integral_pairK_snd' depends on axioms: [propext, Classical.choice, Quot.sound]
'Taeyoung.Methods.Atlas160.integral_pairK_const' depends on axioms: [propext, Classical.choice, Quot.sound]
'Taeyoung.Methods.Atlas160.signed_le_homDensity_graph160' depends on axioms: [propext, Classical.choice, Quot.sound]
'Taeyoung.Methods.Atlas160.integral_plane' depends on axioms: [propext, Classical.choice, Quot.sound]
'Taeyoung.Methods.Atlas160.graph160_bound' depends on axioms: [propext, Classical.choice, Quot.sound]
'Taeyoung.Methods.Atlas160.chrom160' depends on axioms: [propext, Classical.choice, Quot.sound]
'Taeyoung.Methods.Atlas160.num160' depends on axioms: [propext, Classical.choice, Quot.sound]
'Taeyoung.Methods.Atlas160.satisfiesLowerBound_160' depends on axioms: [propext, Classical.choice, Quot.sound]
'Taeyoung.Methods.Atlas178.four_fifths_le' depends on axioms: [propext, Classical.choice, Quot.sound]
'Taeyoung.Methods.Atlas178.cubicL_nonneg' depends on axioms: [propext, Classical.choice, Quot.sound]
'Taeyoung.Methods.Atlas178.quinticH_nonneg' depends on axioms: [propext, Classical.choice, Quot.sound]
'Taeyoung.Methods.Atlas178.phiU_nonneg' depends on axioms: [propext, Classical.choice, Quot.sound]
'Taeyoung.Methods.Atlas178.bigM_nonneg' depends on axioms: [propext, Classical.choice, Quot.sound]
'Taeyoung.Methods.Atlas178.res₁_nonneg' depends on axioms: [propext, Classical.choice, Quot.sound]
'Taeyoung.Methods.Atlas178.res₂_nonneg' depends on axioms: [propext, Classical.choice, Quot.sound]
'Taeyoung.Methods.Atlas178.rootedTriangle_le_sq_degree' depends on axioms: [propext, Classical.choice, Quot.sound]
'Taeyoung.Methods.Atlas178.pathOp_sub_le_rootedTriangle' depends on axioms: [propext, Classical.choice, Quot.sound]
'Taeyoung.Methods.Atlas178.rootedTriangle_mul_le_degree_mul_rootedK4' depends on axioms: [propext,
 Classical.choice,
 Quot.sound]
'Taeyoung.Methods.Atlas178.plane_one_pointwise' depends on axioms: [propext, Classical.choice, Quot.sound]
'Taeyoung.Methods.Atlas178.sqrt_mul_le_two_mul_halfTri' depends on axioms: [propext, Classical.choice, Quot.sound]
'Taeyoung.Methods.Atlas178.sq_halfTri_ge' depends on axioms: [propext, Classical.choice, Quot.sound]
'Taeyoung.Methods.Atlas178.halfGoodman_le' depends on axioms: [propext, Classical.choice, Quot.sound]
'Taeyoung.Methods.Atlas178.plane_two_pointwise' depends on axioms: [propext, Classical.choice, Quot.sound]
'Taeyoung.Methods.Atlas178.halfK4_ge' depends on axioms: [propext, Classical.choice, Quot.sound]
'Taeyoung.Methods.Atlas178.sq_pageK_half_le' depends on axioms: [propext, Classical.choice, Quot.sound]
'Taeyoung.Methods.Atlas178.homDensity_graph178' depends on axioms: [propext, Classical.choice, Quot.sound]
'Taeyoung.Methods.Atlas178.integral_spineA_mul_pageK' depends on axioms: [propext, Classical.choice, Quot.sound]
'Taeyoung.Methods.Atlas178.sq_halfK4_le' depends on axioms: [propext, Classical.choice, Quot.sound]
'Taeyoung.Methods.Atlas178.graph178_bound' depends on axioms: [propext, Classical.choice, Quot.sound]
'Taeyoung.Methods.Atlas178.chrom178' depends on axioms: [propext, Classical.choice, Quot.sound]
'Taeyoung.Methods.Atlas178.num178' depends on axioms: [propext, Classical.choice, Quot.sound]
'Taeyoung.Methods.Atlas178.satisfiesLowerBound_178' depends on axioms: [propext, Classical.choice, Quot.sound]
'Taeyoung.Examples.Graph178.status' depends on axioms: [propext, Classical.choice, Quot.sound]
'Taeyoung.Methods.Atlas126.pairOp_symm' depends on axioms: [propext, Classical.choice, Quot.sound]
'Taeyoung.Methods.Atlas126.integral_pairOp' depends on axioms: [propext, Classical.choice, Quot.sound]
'Taeyoung.Methods.Atlas126.integral_row_mul_pairOp' depends on axioms: [propext, Classical.choice, Quot.sound]
'Taeyoung.Methods.Atlas126.rootedTriangle_le_pathOp' depends on axioms: [propext, Classical.choice, Quot.sound]
'Taeyoung.Methods.Atlas126.sq_pathOp_le_rootedC4' depends on axioms: [propext, Classical.choice, Quot.sound]
'Taeyoung.Methods.Atlas126.projection' depends on axioms: [propext, Classical.choice, Quot.sound]
'Taeyoung.Methods.Atlas126.homDensity_graph126' depends on axioms: [propext, Classical.choice, Quot.sound]
'Taeyoung.Methods.Atlas126.plane_le_rooted' depends on axioms: [propext, Classical.choice, Quot.sound]
'Taeyoung.Methods.Atlas126.graph126_bound' depends on axioms: [propext, Classical.choice, Quot.sound]
'Taeyoung.Methods.Atlas126.chrom126' depends on axioms: [propext, Classical.choice, Quot.sound]
'Taeyoung.Methods.Atlas126.num126' depends on axioms: [propext, Classical.choice, Quot.sound]
'Taeyoung.Methods.Atlas126.satisfiesLowerBound_126_of_bound' depends on axioms: [propext, Classical.choice, Quot.sound]
'Taeyoung.Methods.RootedSOS.identity_add_rat_correction_quadratic_nonneg' depends on axioms: [propext,
 Classical.choice,
 Quot.sound]
'Taeyoung.Methods.RootedSOS.factoredRatGramForm_nonneg' depends on axioms: [propext, Classical.choice, Quot.sound]
'Taeyoung.Methods.RootedSOS.sum_bernoulliWeight' depends on axioms: [propext, Classical.choice, Quot.sound]
'Taeyoung.Methods.RootedSOS.bernoulli_monomial' depends on axioms: [propext, Classical.choice, Quot.sound]
'Taeyoung.Methods.RootedSOS.bernoulli_indicator_product' depends on axioms: [propext, Classical.choice, Quot.sound]
'Taeyoung.Methods.RootedSOS.bernoulli_interval_sos_nonneg' depends on axioms: [propext, Classical.choice, Quot.sound]
'Taeyoung.Methods.RootedSOS.Atlas43Data.header_eq' depends on axioms: [propext, Quot.sound]
'Taeyoung.Methods.RootedSOS.Atlas43Gram.C₀_row_dominant' depends on axioms: [propext, Classical.choice, Quot.sound]
'Taeyoung.Methods.RootedSOS.Atlas43Gram.C₁_row_dominant' depends on axioms: [propext, Classical.choice, Quot.sound]
'Taeyoung.Methods.RootedSOS.Atlas43PSD.gram₀_nonneg' depends on axioms: [propext, Classical.choice, Quot.sound]
'Taeyoung.Methods.RootedSOS.Atlas43PSD.gram₁_nonneg' depends on axioms: [propext, Classical.choice, Quot.sound]
'Taeyoung.Methods.RootedSOS.Atlas43Flags.bernoulli_rootedFlag_product' depends on axioms: [propext,
 Classical.choice,
 Quot.sound]
'Taeyoung.Methods.RootedSOS.Atlas43Flags.certificateSOS_nonneg' depends on axioms: [propext,
 Classical.choice,
 Quot.sound]
'Taeyoung.Methods.RootedSOS.Atlas43Coefficients.common_gram₀_rational_exact' depends on axioms: [propext,
 Classical.choice,
 Quot.sound]
'Taeyoung.Methods.RootedSOS.Atlas43Coefficients.common_gram₁_rational_exact' depends on axioms: [propext,
 Classical.choice,
 Quot.sound]
'Taeyoung.Methods.RootedSOS.Atlas43Coefficients.certificate_identity' depends on axioms: [propext,
 Classical.choice,
 Quot.sound]
'Taeyoung.Methods.RootedSOS.Atlas43.certificateIdentity' depends on axioms: [propext, Classical.choice, Quot.sound]
'Taeyoung.Methods.RootedSOS.Atlas43.house_bound_of_certificateIdentity' depends on axioms: [propext,
 Classical.choice,
 Quot.sound]
'Taeyoung.Methods.RootedSOS.Atlas43.satisfiesLowerBound_house_of_certificateIdentity' depends on axioms: [propext,
 Classical.choice,
 Quot.sound]
'Taeyoung.Methods.RootedSOS.Atlas43.satisfiesLowerBound_house' depends on axioms: [propext,
 Classical.choice,
 Quot.sound]
'Taeyoung.Methods.RootedSOS.Atlas196.satisfiesLowerBound_coneHouse' depends on axioms: [propext,
 Classical.choice,
 Quot.sound]
'Taeyoung.Methods.RootedSOS.House.houseChromaticPolynomial' depends on axioms: [propext, Classical.choice, Quot.sound]
'Taeyoung.Methods.RootedSOS.House.houseChromaticNumber' depends on axioms: [propext, Classical.choice, Quot.sound]
'Taeyoung.Methods.RootedSOS.House.satisfiesLowerBound_house_of_bound' depends on axioms: [propext,
 Classical.choice,
 Quot.sound]
'Taeyoung.Examples.Graph043.status' depends on axioms: [propext, Classical.choice, Quot.sound]
'Taeyoung.Examples.Graph196.status' depends on axioms: [propext, Classical.choice, Quot.sound]
'Taeyoung.Examples.Graph160.status' depends on axioms: [propext, Classical.choice, Quot.sound]
'Taeyoung.Methods.Negative.properAssignmentCount_eq' depends on axioms: [propext, Classical.choice, Quot.sound]
'Taeyoung.Methods.Negative.properAssignmentCount_graph129_three' depends on axioms: [propext,
 Classical.choice,
 Quot.sound]
'Taeyoung.Methods.Negative.surjCount_eq_zero' depends on axioms: [propext, Classical.choice, Quot.sound]
'Taeyoung.Methods.Negative.surjCount_card' depends on axioms: [propext, Classical.choice, Quot.sound]
'Taeyoung.Methods.Negative.card_image_fiber' depends on axioms: [propext, Classical.choice, Quot.sound]
'Taeyoung.Methods.Negative.properAssignmentCount_eq_sum' depends on axioms: [propext, Classical.choice, Quot.sound]
'Taeyoung.Methods.Negative.isChromaticPolynomial_of_surjCount' depends on axioms: [propext,
 Classical.choice,
 Quot.sound]
'Taeyoung.Methods.Negative.surjCount_graph129_four' depends on axioms: [propext, Classical.choice, Quot.sound]
'Taeyoung.Methods.Negative.graphWeight_tensorTuran' depends on axioms: [propext, Classical.choice, Quot.sound]
'Taeyoung.Methods.Negative.homDensity_tensorTuran' depends on axioms: [propext, Classical.choice, Quot.sound]
'Taeyoung.Methods.Negative.edgeDensity_tensorTuran' depends on axioms: [propext, Classical.choice, Quot.sound]
'Taeyoung.Methods.Negative.violatesLowerBound_of_tensor' depends on axioms: [propext, Classical.choice, Quot.sound]
'Taeyoung.Methods.Negative.homDensity_of_natWeight' depends on axioms: [propext, Classical.choice, Quot.sound]
'Taeyoung.Methods.Negative.cliqueDensity_two_of_natWeight' depends on axioms: [propext, Classical.choice, Quot.sound]
'Taeyoung.Methods.Negative.violatesLowerBound_of_finiteUniform' depends on axioms: [propext,
 Classical.choice,
 Quot.sound]
'Taeyoung.Methods.Negative.cliqueDensity_twoScale' depends on axioms: [propext, Classical.choice, Quot.sound]
'Taeyoung.Methods.Negative.cliqueDensity_oneDiag' depends on axioms: [propext, Classical.choice, Quot.sound]
'Taeyoung.Methods.Negative.homDensity_166' depends on axioms: [propext, Classical.choice, Quot.sound]
'Taeyoung.Methods.Negative.homDensity_172' depends on axioms: [propext, Classical.choice, Quot.sound]
'Taeyoung.Methods.Negative.homDensity_206' depends on axioms: [propext, Classical.choice, Quot.sound]
'Taeyoung.Methods.Negative.violatesLowerBound_166' depends on axioms: [propext, Classical.choice, Quot.sound]
'Taeyoung.Methods.Negative.violatesLowerBound_172' depends on axioms: [propext, Classical.choice, Quot.sound]
'Taeyoung.Methods.Negative.violatesLowerBound_206' depends on axioms: [propext, Classical.choice, Quot.sound]
'Taeyoung.Methods.Negative.weightedMeasure_univ' depends on axioms: [propext, Classical.choice, Quot.sound]
'Taeyoung.Methods.Negative.homDensity_weighted' depends on axioms: [propext, Classical.choice, Quot.sound]
'Taeyoung.Methods.Negative.homDensity_152' depends on axioms: [propext, Classical.choice, Quot.sound]
'Taeyoung.Methods.Negative.cliqueDensity_152' depends on axioms: [propext, Classical.choice, Quot.sound]
'Taeyoung.Methods.Negative.violatesLowerBound_152' depends on axioms: [propext, Classical.choice, Quot.sound]
'Taeyoung.Examples.Graph152.status' depends on axioms: [propext, Classical.choice, Quot.sound]
'Taeyoung.Examples.Graph166.status' depends on axioms: [propext, Classical.choice, Quot.sound]
'Taeyoung.Examples.Graph172.status' depends on axioms: [propext, Classical.choice, Quot.sound]
'Taeyoung.Examples.Graph206.status' depends on axioms: [propext, Classical.choice, Quot.sound]
'Taeyoung.Examples.Graph048.status' depends on axioms: [propext, Classical.choice, Quot.sound]
'Taeyoung.Examples.Graph050.status' depends on axioms: [propext, Classical.choice, Quot.sound]
'Taeyoung.Examples.Graph129.status' depends on axioms: [propext, Classical.choice, Quot.sound]
'Taeyoung.Examples.Graph140.status' depends on axioms: [propext, Classical.choice, Quot.sound]
'Taeyoung.Examples.Graph141.status' depends on axioms: [propext, Classical.choice, Quot.sound]
'Taeyoung.Examples.Graph143.status' depends on axioms: [propext, Classical.choice, Quot.sound]
'Taeyoung.Examples.Graph149.status' depends on axioms: [propext, Classical.choice, Quot.sound]
'Taeyoung.Examples.Graph158.status' depends on axioms: [propext, Classical.choice, Quot.sound]
'Taeyoung.Examples.Graph159.status' depends on axioms: [propext, Classical.choice, Quot.sound]
'Taeyoung.Examples.Graph170.status' depends on axioms: [propext, Classical.choice, Quot.sound]
'Taeyoung.Examples.Graph173.status' depends on axioms: [propext, Classical.choice, Quot.sound]
'Taeyoung.Examples.Graph182.status' depends on axioms: [propext, Classical.choice, Quot.sound]
'Taeyoung.Examples.Graph184.status' depends on axioms: [propext, Classical.choice, Quot.sound]
'Taeyoung.Examples.Graph186.status' depends on axioms: [propext, Classical.choice, Quot.sound]
'Taeyoung.Examples.Graph189.status' depends on axioms: [propext, Classical.choice, Quot.sound]
'Taeyoung.Examples.Graph190.status' depends on axioms: [propext, Classical.choice, Quot.sound]
'Taeyoung.Examples.Graph197.status' depends on axioms: [propext, Classical.choice, Quot.sound]
'Taeyoung.Examples.Graph198.status' depends on axioms: [propext, Classical.choice, Quot.sound]
'Taeyoung.Examples.Graph204.status' depends on axioms: [propext, Classical.choice, Quot.sound]
'Taeyoung.Examples.Graph126.status' depends on axioms: [propext, Classical.choice, Quot.sound]
'Taeyoung.Examples.Graph118.status' depends on axioms: [propext, Classical.choice, Quot.sound]
'Taeyoung.Examples.Graph122.status' depends on axioms: [propext, Classical.choice, Quot.sound]
'Taeyoung.Examples.Graph124.status' depends on axioms: [propext, Classical.choice, Quot.sound]
'Taeyoung.Examples.Graph181.status' depends on axioms: [propext, Classical.choice, Quot.sound]
'Taeyoung.Examples.Graph157.status' depends on axioms: [propext, Classical.choice, Quot.sound]
'Taeyoung.Examples.Graph169.status' depends on axioms: [propext, Classical.choice, Quot.sound]
'Taeyoung.Examples.Graph194.status' depends on axioms: [propext, Classical.choice, Quot.sound]
'Taeyoung.Examples.Graph185.status' depends on axioms: [propext, Classical.choice, Quot.sound]
'Taeyoung.Examples.Graph199.status' depends on axioms: [propext, Classical.choice, Quot.sound]
'Taeyoung.Examples.Graph130.status' depends on axioms: [propext, Classical.choice, Quot.sound]
'Taeyoung.Examples.Graph203.status' depends on axioms: [propext, Classical.choice, Quot.sound]
'Taeyoung.Examples.Graph147.status' depends on axioms: [propext, Classical.choice, Quot.sound]
'Taeyoung.Examples.Graph168.status' depends on axioms: [propext, Classical.choice, Quot.sound]
'Taeyoung.Examples.Graph151.status' depends on axioms: [propext, Classical.choice, Quot.sound]
