Taeyoung.Methods.RootedSOS.Atlas43Data: 34.3s, 2.77 GiB private, exit 0
Taeyoung.Methods.RootedSOS.Atlas43GramBase: 14.1s, 3.20 GiB private, exit 0
Taeyoung.Methods.RootedSOS.Atlas43GramC0Rows00: 37.7s, 4.86 GiB private, exit 0
Taeyoung.Methods.RootedSOS.Atlas43GramC0Rows10: 92.2s, 6.18 GiB private, exit 0
Taeyoung.Methods.RootedSOS.Atlas43GramC0Rows20: 133.1s, 7.27 GiB private, exit 0
Taeyoung.Methods.RootedSOS.Atlas43GramC0Rows30: 137.5s, 8.09 GiB private, exit 0
Taeyoung.Methods.RootedSOS.Atlas43GramC0Rows40: 154.0s, 8.68 GiB private, exit 0
Taeyoung.Methods.RootedSOS.Atlas43GramC0Rows50: 169.9s, 9.12 GiB private, exit 0
Taeyoung.Methods.RootedSOS.Atlas43GramC0Rows60: 181.9s, 9.43 GiB private, exit 0
Taeyoung.Methods.RootedSOS.Atlas43GramC0Rows70: 211.8s, 9.76 GiB private, exit 0
Taeyoung.Methods.RootedSOS.Atlas43GramC0Rows80: 202.4s, 9.85 GiB private, exit 0
Taeyoung.Methods.RootedSOS.Atlas43GramC0Rows90: 197.0s, 9.91 GiB private, exit 0
Taeyoung.Methods.RootedSOS.Atlas43GramC0Rows100: 142.8s, 9.91 GiB private, exit 0
Taeyoung.Methods.RootedSOS.Atlas43GramC1Rows00: 132.3s, 7.89 GiB private, exit 0
Taeyoung.Methods.RootedSOS.Atlas43GramC1Rows10: 139.5s, 8.05 GiB private, exit 0
Taeyoung.Methods.RootedSOS.Atlas43GramC1Rows20: 144.2s, 8.15 GiB private, exit 0
Taeyoung.Methods.RootedSOS.Atlas43GramC1Rows30: 148.8s, 8.18 GiB private, exit 0
Taeyoung.Methods.RootedSOS.Atlas43GramC1Rows40: 116.6s, 8.21 GiB private, exit 0
Taeyoung.Methods.RootedSOS.Atlas43Gram: 5.8s, 3.20 GiB private, exit 0
Taeyoung.Methods.RootedSOS.Atlas43PSD: 4.9s, 3.20 GiB private, exit 0
Taeyoung.Methods.RootedSOS.Atlas43Flags: 19.2s, 6.67 GiB private, exit 0
Taeyoung.Methods.RootedSOS.Atlas43FixedDensityRows00: 25.3s, 7.99 GiB private, exit 0
Taeyoung.Methods.RootedSOS.Atlas43FixedDensityRows08: 27.0s, 8.27 GiB private, exit 0
Taeyoung.Methods.RootedSOS.Atlas43FixedDensityRows16: 27.6s, 8.29 GiB private, exit 0
Taeyoung.Methods.RootedSOS.Atlas43FixedDensityRows24: 28.2s, 8.38 GiB private, exit 0
Taeyoung.Methods.RootedSOS.Atlas43FixedDensityRows32: 27.6s, 8.36 GiB private, exit 0
Taeyoung.Methods.RootedSOS.Atlas43FixedDensityRows40: 28.2s, 8.49 GiB private, exit 0
Taeyoung.Methods.RootedSOS.Atlas43FixedDensityRows48: 27.4s, 8.32 GiB private, exit 0
Taeyoung.Methods.RootedSOS.Atlas43FixedDensityRows56: 29.7s, 8.79 GiB private, exit 0
Taeyoung.Methods.RootedSOS.Atlas43FixedDensity: 6.8s, 4.46 GiB private, exit 0
Taeyoung.Methods.RootedSOS.Atlas43ClassificationData: 2.9s, 2.03 GiB private, exit 0
Taeyoung.Methods.RootedSOS.Atlas43CoresBase: 6.8s, 4.47 GiB private, exit 0
Taeyoung.Methods.RootedSOS.Atlas43CoresRows00: 51.9s, 13.39 GiB private, exit 0
Taeyoung.Methods.RootedSOS.Atlas43CoresRows08: 55.4s, 13.98 GiB private, exit 0
Taeyoung.Methods.RootedSOS.Atlas43CoresRows16: 58.6s, 14.11 GiB private, exit 0
Taeyoung.Methods.RootedSOS.Atlas43CoresRows24: 64.4s, 14.71 GiB private, exit 0
Taeyoung.Methods.RootedSOS.Atlas43CoresRows32: 63.5s, 14.17 GiB private, exit 0
Taeyoung.Methods.RootedSOS.Atlas43CoresRows40: 63.4s, 14.81 GiB private, exit 0
Taeyoung.Methods.RootedSOS.Atlas43CoresRows48: 69.0s, 14.83 GiB private, exit 0
Taeyoung.Methods.RootedSOS.Atlas43CoresRows56: 66.1s, 15.02 GiB private, exit 1
