Taeyoung\Methods\RootedSOS\Induced\Six\Hom10.lean:23:30: error(lean.synthInstanceFailed): failed to synthesize instance of type class
  Fintype ↑graph.edgeSet

Hint: Type class instance resolution failures can be inspected with the `set_option trace.Meta.synthInstance true` command.
Taeyoung\Methods\RootedSOS\Induced\Six\Hom10.lean:33:48: error: Application type mismatch: The argument
  finProdFinEquiv (0, i)
has type
  Fin (?m.11 * 512)
but is expected to have type
  Fin 512
in the application
  completion (finProdFinEquiv (0, i))
Taeyoung\Methods\RootedSOS\Induced\Six\Hom10.lean:37:10: error(lean.unknownIdentifier): Unknown identifier `block_000`
Taeyoung\Methods\RootedSOS\Induced\Six\Hom10.lean:42:6: error: Tactic `rewrite` failed: Did not find an occurrence of the pattern
  ∑ i, ?m.51 i
in the target expression
  ↑countCode =
    11772615386685881744275774183515907035298149101071948590508901454243077843159974142409895607997864622489712354660785898719648182721901869090002043995353576069651660561336922278161255221810935274677777862647287973119819627578195594634458622413071555038190687176376191049002956296071125292682583676439158394422092995380198868719763189456372759707309612478688004710274671214506235949840578075406974273805413453966080085695720883643403041448209980290611419590054992056996097262927942361421916263896013039863736794571436304112131569625760920258484319602866863282262702178777588302876766255933142189848176166374328980120371739266136093981782060742694180354020043346365898457154212422635989093117771479854883714536260933869384436264676431125055850453629009920 +
      ∑ a, 65537 ^ ↑(host (completion a))

⊢ ↑countCode =
    11772615386685881744275774183515907035298149101071948590508901454243077843159974142409895607997864622489712354660785898719648182721901869090002043995353576069651660561336922278161255221810935274677777862647287973119819627578195594634458622413071555038190687176376191049002956296071125292682583676439158394422092995380198868719763189456372759707309612478688004710274671214506235949840578075406974273805413453966080085695720883643403041448209980290611419590054992056996097262927942361421916263896013039863736794571436304112131569625760920258484319602866863282262702178777588302876766255933142189848176166374328980120371739266136093981782060742694180354020043346365898457154212422635989093117771479854883714536260933869384436264676431125055850453629009920 +
      ∑ a, 65537 ^ ↑(host (completion a))
Taeyoung\Methods\RootedSOS\Induced\Six\Hom10.lean:47:42: error(lean.synthInstanceFailed): failed to synthesize instance of type class
  DecidableRel graph.Adj

Hint: Type class instance resolution failures can be inspected with the `set_option trace.Meta.synthInstance true` command.
Taeyoung\Methods\RootedSOS\Induced\Six\Hom10.lean:49:6: error(lean.synthInstanceFailed): failed to synthesize instance of type class
  DecidableRel graph.Adj

Hint: Type class instance resolution failures can be inspected with the `set_option trace.Meta.synthInstance true` command.
Taeyoung\Methods\RootedSOS\Induced\Six\Hom10.lean:48:54: error: unsolved goals
Ω : Type u_1
inst✝¹ : MeasurableSpace Ω
μ : Measure Ω
inst✝ : IsProbabilityMeasure μ
W : Graphon Ω μ
⊢ sorry = ∑ a, density (host (completion a)) W
Taeyoung\Methods\RootedSOS\Induced\Six\Hom10.lean:56:46: error(lean.synthInstanceFailed): failed to synthesize instance of type class
  DecidableRel graph.Adj

Hint: Type class instance resolution failures can be inspected with the `set_option trace.Meta.synthInstance true` command.
Taeyoung\Methods\RootedSOS\Induced\Six\Hom10.lean:60:26: error: No goals to be solved
Taeyoung\Methods\RootedSOS\Induced\Six\Hom10.lean:57:57: error: unsolved goals
Ω : Type u_1
inst✝¹ : MeasurableSpace Ω
μ : Measure Ω
inst✝ : IsProbabilityMeasure μ
W : Graphon Ω μ
⊢ IsProbabilityMeasure μ
'Taeyoung.Methods.RootedSOS.Induced.Six.Hom10.density_expansion' depends on axioms: [propext,
 sorryAx,
 Classical.choice,
 Quot.sound]
