integer face bases [(64, 50, 15), (104, 98, 13), (68, 62, 6), (60, 60, 1), (12, 12, 1), (32, 23, 4), (52, 48, 5), (34, 30, 3), (30, 30, 1), (6, 6, 1)]
S4 slice 4: source=90 multiplicity=90
S4 slice 31: source=240 multiplicity=150
S4 slice 22: source=336 multiplicity=96
S4 slice 211: source=352 multiplicity=90
S4 slice 1111: source=112 multiplicity=22
Young slice 4: rows=24 columns=1 multiplicity=32 maxabs=24
Young slice 31: rows=6 columns=2 multiplicity=52 maxabs=6
Young slice 22: rows=4 columns=4 multiplicity=34 maxabs=8
Young slice 211: rows=2 columns=6 multiplicity=30 maxabs=2
Young slice 1111: rows=1 columns=24 multiplicity=6 maxabs=2
equations reconstructed 407 4.58
small coefficient matrix 407 12390 max 49268736 seconds 7.56
approximate minimum eigenvalues [6.0583345700070476e-09, 2.0282551230619304e-08, 1.0029267161964791e-07, 1.4078995814483285e-05, 7.797582708359826e-06, 4.2317718511538094e-07, 7.739101607390393e-07, 4.306458556101469e-06, 0.00014270114325238312, 0.00037805007235991103]
ALL coefficient equations exact 407 rank 398 common denominator digits 16 seconds 9.91
exact PSD 0 relative DD margin 0.9999998698601342 seconds 9.92
exact PSD 1 relative DD margin 0.9999991825596263 seconds 9.94
exact PSD 2 relative DD margin 0.9999995205036813 seconds 9.94
exact PSD 3 relative DD margin 0.9999990719089492 seconds 9.95
exact PSD 4 relative DD margin 0.9999998257797547 seconds 9.95
exact PSD 5 relative DD margin 0.9999999292336497 seconds 9.97
exact PSD 6 relative DD margin 0.9999993900815711 seconds 9.97
exact PSD 7 relative DD margin 0.9999998262150108 seconds 9.97
exact PSD 8 relative DD margin 0.9999996228283325 seconds 9.97
exact PSD 9 relative DD margin 0.9999999302331862 seconds 9.97
wrote experiments\atlas157_compact_face_candidate.json bytes 1549515 seconds 9.98
