integer face bases [(64, 46, 12), (104, 93, 12), (68, 58, 6), (60, 59, 2), (12, 12, 1), (32, 20, 4), (52, 44, 8), (34, 27, 7), (30, 29, 2), (6, 6, 1)]
S4 slice 4: source=90 multiplicity=90
S4 slice 31: source=240 multiplicity=150
S4 slice 22: source=336 multiplicity=96
S4 slice 211: source=352 multiplicity=90
S4 slice 1111: source=112 multiplicity=22
Young slice 4: rows=24 columns=1 multiplicity=32 maxabs=24
Young slice 31: rows=6 columns=2 multiplicity=52 maxabs=6
Young slice 22: rows=4 columns=4 multiplicity=34 maxabs=8
Young slice 211: rows=2 columns=6 multiplicity=30 maxabs=2
Young slice 1111: rows=1 columns=24 multiplicity=6 maxabs=2
equations reconstructed 407 4.47
small coefficient matrix 407 11045 max 4349952 seconds 7.19
approximate minimum eigenvalues [2.704286966708536e-10, 7.645817477927526e-10, 1.3213532495976339e-08, 9.492740494576237e-07, 6.108307695642209e-06, 1.1251564658431946e-07, 2.0172656716631212e-07, 3.136785613018678e-07, 8.631099499993757e-06, 4.2465159779841905e-05]
ALL coefficient equations exact 407 rank 396 common denominator digits 17 seconds 9.28
exact PSD 0 relative DD margin 0.999999728948278 seconds 9.28
exact PSD 1 relative DD margin 0.9999987304219295 seconds 9.3
exact PSD 2 relative DD margin 0.9999996614601396 seconds 9.31
exact PSD 3 relative DD margin 0.9999993834253641 seconds 9.31
exact PSD 4 relative DD margin 0.9999999142498115 seconds 9.31
exact PSD 5 relative DD margin 0.9999999318973231 seconds 9.33
exact PSD 6 relative DD margin 0.99999956737262 seconds 9.33
exact PSD 7 relative DD margin 0.999999843935522 seconds 9.33
exact PSD 8 relative DD margin 0.9999996274483588 seconds 9.33
exact PSD 9 relative DD margin 0.9999999456978726 seconds 9.33
wrote experiments\atlas124_compact_face_candidate.json bytes 1416461 seconds 9.34
