Taeyoung\Methods\Atlas126\HighDegree.lean:67:24: warning: This simp argument is unused:
  betaHigh

Hint: Omit it from the simp argument list.
  simp only [degreeACoeffExpansion, sparseEval, IntTerm.toRat, degreeACoeffTerms, List.map_cons,
      List.map_nil, List.sum_cons, List.sum_nil, degreeRemainder, target,
  ̵  ̵ ̵ ̵lowDensity, lowTriangle,
  ̲  ̲ ̲ ̲betaA, gammaA, lambdaA,
  ̵  ̵ ̵ ̵gammaLow, contactA, b̵e̵t̵a̵H̵i̵gh̵,̵ ̵g̵ammaHigh]

Note: This linter can be disabled with `set_option linter.unusedSimpArgs false`
Taeyoung\Methods\Atlas126\HighDegree.lean:67:34: warning: This simp argument is unused:
  gammaHigh

Hint: Omit it from the simp argument list.
  simp only [degreeACoeffExpansion, sparseEval, IntTerm.toRat, degreeACoeffTerms, List.map_cons,
      List.map_nil, List.sum_cons, List.sum_nil, degreeRemainder, target,
  ̵  ̵ ̵ ̵lowDensity, lowTriangle,
  ̲  ̲ ̲ ̲betaA, gammaA, lambdaA,
  ̵  ̵ ̵ ̵gammaLow, contactA, betaHigh,̵ ̵g̵a̵m̵m̵a̵H̵i̵g̵h̵]

Note: This linter can be disabled with `set_option linter.unusedSimpArgs false`
Taeyoung\Methods\Atlas126\HighDegree.lean:253:4: warning: This simp argument is unused:
  gammaLow

Hint: Omit it from the simp argument list.
  simp only [degreeCCoeffExpansion, sparseEval, IntTerm.toRat, degreeCCoeffTerms, List.map_cons,
      List.map_nil, List.sum_cons, List.sum_nil, degreeRemainder, target,
  ̵  ̵ ̵ ̵lowDensity, lowTriangle,
  ̲  ̲ ̲ ̲betaC, gammaC, lambdaC,
  ̵  ̵ ̵ ̵g̵a̵m̵m̵a̵L̵o̵w̵,̵ ̵contactA, betaHigh, gammaHigh]

Note: This linter can be disabled with `set_option linter.unusedSimpArgs false`
Taeyoung\Methods\Atlas126\HighDegree.lean:253:14: warning: This simp argument is unused:
  contactA

Hint: Omit it from the simp argument list.
  simp only [degreeCCoeffExpansion, sparseEval, IntTerm.toRat, degreeCCoeffTerms, List.map_cons,
      List.map_nil, List.sum_cons, List.sum_nil, degreeRemainder, target,
  ̵  ̵ ̵ ̵lowDensity, lowTriangle,
  ̲  ̲ ̲ ̲betaC, gammaC, lambdaC,
  ̵  ̵ ̵ ̵gammaLow, c̵o̵n̵t̵a̵c̵t̵A̵,̵ ̵betaHigh, gammaHigh]

Note: This linter can be disabled with `set_option linter.unusedSimpArgs false`
Taeyoung\Methods\Atlas126\HighDegree.lean:253:24: warning: This simp argument is unused:
  betaHigh

Hint: Omit it from the simp argument list.
  simp only [degreeCCoeffExpansion, sparseEval, IntTerm.toRat, degreeCCoeffTerms, List.map_cons,
      List.map_nil, List.sum_cons, List.sum_nil, degreeRemainder, target,
  ̵  ̵ ̵ ̵lowDensity, lowTriangle,
  ̲  ̲ ̲ ̲betaC, gammaC, lambdaC,
  ̵  ̵ ̵ ̵gammaLow, contactA, b̵e̵t̵a̵H̵i̵gh̵,̵ ̵g̵ammaHigh]

Note: This linter can be disabled with `set_option linter.unusedSimpArgs false`
Taeyoung\Methods\Atlas126\HighDegree.lean:253:34: warning: This simp argument is unused:
  gammaHigh

Hint: Omit it from the simp argument list.
  simp only [degreeCCoeffExpansion, sparseEval, IntTerm.toRat, degreeCCoeffTerms, List.map_cons,
      List.map_nil, List.sum_cons, List.sum_nil, degreeRemainder, target,
  ̵  ̵ ̵ ̵lowDensity, lowTriangle,
  ̲  ̲ ̲ ̲betaC, gammaC, lambdaC,
  ̵  ̵ ̵ ̵gammaLow, contactA, betaHigh,̵ ̵g̵a̵m̵m̵a̵H̵i̵g̵h̵]

Note: This linter can be disabled with `set_option linter.unusedSimpArgs false`
Taeyoung\Methods\Atlas126\HighDegree.lean:447:4: warning: This simp argument is unused:
  gammaLow

Hint: Omit it from the simp argument list.
  simp only [degreeJCoeffExpansion, sparseEval, IntTerm.toRat, degreeJCoeffTerms, List.map_cons,
      List.map_nil, List.sum_cons, List.sum_nil, degreeRemainder, target,
  ̵  ̵ ̵ ̵lowDensity, lowTriangle,
  ̲  ̲ ̲ ̲betaJ, gammaJ, lambdaJ,
  ̵  ̵ ̵ ̵g̵a̵m̵m̵a̵L̵o̵w̵,̵ ̵contactA, betaHigh, gammaHigh]

Note: This linter can be disabled with `set_option linter.unusedSimpArgs false`
Taeyoung\Methods\Atlas126\HighDegree.lean:447:14: warning: This simp argument is unused:
  contactA

Hint: Omit it from the simp argument list.
  simp only [degreeJCoeffExpansion, sparseEval, IntTerm.toRat, degreeJCoeffTerms, List.map_cons,
      List.map_nil, List.sum_cons, List.sum_nil, degreeRemainder, target,
  ̵  ̵ ̵ ̵lowDensity, lowTriangle,
  ̲  ̲ ̲ ̲betaJ, gammaJ, lambdaJ,
  ̵  ̵ ̵ ̵gammaLow, c̵o̵n̵t̵a̵c̵t̵A̵,̵ ̵betaHigh, gammaHigh]

Note: This linter can be disabled with `set_option linter.unusedSimpArgs false`
