integer face bases [(64, 46, 12), (104, 93, 12), (68, 58, 6), (60, 59, 2), (12, 12, 1), (32, 20, 4), (52, 44, 8), (34, 27, 7), (30, 29, 2), (6, 6, 1)]
S4 slice 4: source=90 multiplicity=90
S4 slice 31: source=240 multiplicity=150
S4 slice 22: source=336 multiplicity=96
S4 slice 211: source=352 multiplicity=90
S4 slice 1111: source=112 multiplicity=22
Young slice 4: rows=24 columns=1 multiplicity=32 maxabs=24
Young slice 31: rows=6 columns=2 multiplicity=52 maxabs=6
Young slice 22: rows=4 columns=4 multiplicity=34 maxabs=8
Young slice 211: rows=2 columns=6 multiplicity=30 maxabs=2
Young slice 1111: rows=1 columns=24 multiplicity=6 maxabs=2
equations reconstructed 407 4.5
small coefficient matrix 407 11045 max 4349952 seconds 7.25
approximate minimum eigenvalues [1.259066929912735e-09, 1.160798772633638e-08, 5.01343389388294e-08, 2.977416155335097e-06, 1.215781016578614e-05, 3.7460348840922304e-08, 6.706255675444289e-08, 1.0555946310857007e-07, 9.806638233083056e-06, 7.558082735379082e-05]
ALL coefficient equations exact 407 rank 396 common denominator digits 16 seconds 9.27
exact PSD 0 relative DD margin 0.9999999167893032 seconds 9.28
exact PSD 1 relative DD margin 0.9999994746787847 seconds 9.3
exact PSD 2 relative DD margin 0.9999998107983767 seconds 9.31
exact PSD 3 relative DD margin 0.9999994738036903 seconds 9.31
exact PSD 4 relative DD margin 0.9999999244386603 seconds 9.31
exact PSD 5 relative DD margin 0.9999999575157235 seconds 9.33
exact PSD 6 relative DD margin 0.9999996717704753 seconds 9.33
exact PSD 7 relative DD margin 0.9999998852310533 seconds 9.33
exact PSD 8 relative DD margin 0.9999997691687549 seconds 9.33
exact PSD 9 relative DD margin 0.9999999717520317 seconds 9.33
wrote experiments\atlas118_compact_face_candidate.json bytes 1377209 seconds 9.34
