integer face bases [(64, 60, 9), (104, 102, 5), (68, 66, 6), (60, 60, 1), (12, 12, 1), (32, 32, 1), (52, 52, 1), (34, 34, 1), (30, 30, 1), (6, 6, 1)]
S4 slice 4: source=90 multiplicity=90
S4 slice 31: source=240 multiplicity=150
S4 slice 22: source=336 multiplicity=96
S4 slice 211: source=352 multiplicity=90
S4 slice 1111: source=112 multiplicity=22
Young slice 4: rows=24 columns=1 multiplicity=32 maxabs=24
Young slice 31: rows=6 columns=2 multiplicity=52 maxabs=6
Young slice 22: rows=4 columns=4 multiplicity=34 maxabs=8
Young slice 211: rows=2 columns=6 multiplicity=30 maxabs=2
Young slice 1111: rows=1 columns=24 multiplicity=6 maxabs=2
equations reconstructed 407 5.03
small coefficient matrix 407 14189 max 1337472000 seconds 8.31
approximate minimum eigenvalues [2.572056829420903e-10, 5.122099671174021e-10, 1.6953006625335828e-09, 7.730297631623862e-07, 2.660031021913507e-07, 1.0220451011526537e-08, 2.99725061436442e-07, 1.5078500059326737e-07, 7.719328289972187e-07, 3.057324454613943e-07]
ALL coefficient equations exact 407 rank 406 common denominator digits 19 seconds 11.28
exact PSD 0 relative DD margin 0.999999637058408 seconds 11.3
exact PSD 1 relative DD margin 0.9999994482365555 seconds 11.33
exact PSD 2 relative DD margin 0.9999993219795233 seconds 11.34
exact PSD 3 relative DD margin 0.9999990151517315 seconds 11.34
exact PSD 4 relative DD margin 0.9999998717990657 seconds 11.34
exact PSD 5 relative DD margin 0.9999997826013675 seconds 11.36
exact PSD 6 relative DD margin 0.9999989727925228 seconds 11.36
exact PSD 7 relative DD margin 0.999999585547064 seconds 11.36
exact PSD 8 relative DD margin 0.9999993835929801 seconds 11.38
exact PSD 9 relative DD margin 0.9999999167609053 seconds 11.38
wrote experiments\atlas188_compact_middle_candidate.json bytes 2008490 seconds 11.39
