integer face bases [(64, 50, 15), (104, 98, 13), (68, 62, 6), (60, 60, 1), (12, 12, 1), (32, 23, 4), (52, 48, 5), (34, 30, 3), (30, 30, 1), (6, 6, 1)]
S4 slice 4: source=90 multiplicity=90
S4 slice 31: source=240 multiplicity=150
S4 slice 22: source=336 multiplicity=96
S4 slice 211: source=352 multiplicity=90
S4 slice 1111: source=112 multiplicity=22
Young slice 4: rows=24 columns=1 multiplicity=32 maxabs=24
Young slice 31: rows=6 columns=2 multiplicity=52 maxabs=6
Young slice 22: rows=4 columns=4 multiplicity=34 maxabs=8
Young slice 211: rows=2 columns=6 multiplicity=30 maxabs=2
Young slice 1111: rows=1 columns=24 multiplicity=6 maxabs=2
equations reconstructed 407 4.73
small coefficient matrix 407 12390 max 53747712 seconds 7.78
approximate minimum eigenvalues [7.962591199597385e-10, 1.0015411703428224e-09, 3.6304272640824767e-09, 2.2821283441072408e-06, 9.230061447787867e-07, 8.903752994422308e-09, 1.9913816609646243e-08, 4.7991436560614715e-08, 2.4818130175852513e-06, 1.1971394386148778e-06]
ALL coefficient equations exact 407 rank 398 common denominator digits 17 seconds 10.3
exact PSD 0 relative DD margin 0.9999996765127668 seconds 10.31
exact PSD 1 relative DD margin 0.9999989637714528 seconds 10.33
exact PSD 2 relative DD margin 0.9999993679574556 seconds 10.34
exact PSD 3 relative DD margin 0.9999982615670405 seconds 10.36
exact PSD 4 relative DD margin 0.9999998580036831 seconds 10.36
exact PSD 5 relative DD margin 0.9999997338312364 seconds 10.36
exact PSD 6 relative DD margin 0.9999992392964309 seconds 10.36
exact PSD 7 relative DD margin 0.9999998001243668 seconds 10.38
exact PSD 8 relative DD margin 0.9999992253499532 seconds 10.38
exact PSD 9 relative DD margin 0.9999998863994375 seconds 10.38
wrote experiments\atlas188_compact_upper_candidate.json bytes 1630960 seconds 10.39
