'Taeyoung.Methods.RootedSOS.CompactS4.sum_five_squares' depends on axioms: [propext, Classical.choice, Quot.sound]
Taeyoung\Methods\RootedSOS\CompactS4\FlatBlocks.lean:38:38: warning: This simp argument is unused:
  Nat.add_assoc

Hint: Omit it from the simp argument list.
  simp [blockIndex0, finProdFinEquiv,̵ ̵N̵a̵t̵.̵a̵d̵d̵_̵a̵s̵s̵o̵c̵]

Note: This linter can be disabled with `set_option linter.unusedSimpArgs false`
Taeyoung\Methods\RootedSOS\CompactS4\FlatBlocks.lean:38:57: warning: 'omega' tactic does nothing

Note: This linter can be disabled with `set_option linter.unusedTactic false`
Taeyoung\Methods\RootedSOS\CompactS4\FlatBlocks.lean:38:57: warning: this tactic is never executed

Note: This linter can be disabled with `set_option linter.unreachableTactic false`
'Taeyoung.Methods.RootedSOS.CompactS4.blockCode0' depends on axioms: [propext, Classical.choice, Quot.sound]
Taeyoung\Methods\RootedSOS\CompactS4\FlatBlocks.lean:59:57: warning: 'omega' tactic does nothing

Note: This linter can be disabled with `set_option linter.unusedTactic false`
Taeyoung\Methods\RootedSOS\CompactS4\FlatBlocks.lean:59:57: warning: this tactic is never executed

Note: This linter can be disabled with `set_option linter.unreachableTactic false`
'Taeyoung.Methods.RootedSOS.CompactS4.blockCode1' depends on axioms: [propext, Classical.choice, Quot.sound]
Taeyoung\Methods\RootedSOS\CompactS4\FlatBlocks.lean:80:53: warning: Used `tac1 <;> tac2` where `(tac1; tac2)` would suffice

Note: This linter can be disabled with `set_option linter.unnecessarySeqFocus false`
'Taeyoung.Methods.RootedSOS.CompactS4.blockCode2' depends on axioms: [propext, Classical.choice, Quot.sound]
Taeyoung\Methods\RootedSOS\CompactS4\FlatBlocks.lean:101:53: warning: Used `tac1 <;> tac2` where `(tac1; tac2)` would suffice

Note: This linter can be disabled with `set_option linter.unnecessarySeqFocus false`
'Taeyoung.Methods.RootedSOS.CompactS4.blockCode3' depends on axioms: [propext, Classical.choice, Quot.sound]
Taeyoung\Methods\RootedSOS\CompactS4\FlatBlocks.lean:122:53: warning: Used `tac1 <;> tac2` where `(tac1; tac2)` would suffice

Note: This linter can be disabled with `set_option linter.unnecessarySeqFocus false`
'Taeyoung.Methods.RootedSOS.CompactS4.blockCode4' depends on axioms: [propext, Classical.choice, Quot.sound]
'Taeyoung.Methods.RootedSOS.CompactS4.sum_five_blocks' depends on axioms: [propext, Classical.choice, Quot.sound]
