Taeyoung\Methods\RootedSOS\Induced\Bernstein.lean:24:2: warning: 'push_cast' tactic does nothing

Note: This linter can be disabled with `set_option linter.unusedTactic false`
Try this:
  [apply] ring_nf
  
  The `ring` tactic failed to close the goal. Use `ring_nf` to obtain a normal form.
    
  Note that `ring` works primarily in *commutative* rings. If you have a noncommutative ring, abelian group or module, consider using `noncomm_ring`, `abel` or `module` instead.
Taeyoung\Methods\RootedSOS\Induced\Bernstein.lean:28:76: error: unsolved goals
a : ℤ
s : ℝ
⊢ ↑a - ↑a * s ^ 2 * 10 + ↑a * s ^ 2 * ↑(Nat.choose 5 2) + ↑a * s ^ 3 * 20 - ↑a * s ^ 3 * ↑(Nat.choose 5 2) * 3 +
                ↑a * s ^ 3 * ↑(Nat.choose 5 3) -
              ↑a * s ^ 4 * 10 +
            ↑a * s ^ 4 * ↑(Nat.choose 5 2) * 3 -
          ↑a * s ^ 4 * ↑(Nat.choose 5 3) * 2 -
        ↑a * s ^ 5 * ↑(Nat.choose 5 2) +
      ↑a * s ^ 5 * ↑(Nat.choose 5 3) =
    ↑a
Taeyoung\Methods\RootedSOS\Induced\Bernstein.lean:45:2: warning: 'push_cast' tactic does nothing

Note: This linter can be disabled with `set_option linter.unusedTactic false`
Taeyoung\Methods\RootedSOS\Induced\Bernstein.lean:51:2: warning: 'push_cast' tactic does nothing

Note: This linter can be disabled with `set_option linter.unusedTactic false`
