integer face bases [(64, 50, 15), (104, 98, 13), (68, 62, 6), (60, 60, 1), (12, 12, 1), (32, 23, 4), (52, 48, 5), (34, 30, 3), (30, 30, 1), (6, 6, 1)]
S4 slice 4: source=90 multiplicity=90
S4 slice 31: source=240 multiplicity=150
S4 slice 22: source=336 multiplicity=96
S4 slice 211: source=352 multiplicity=90
S4 slice 1111: source=112 multiplicity=22
Young slice 4: rows=24 columns=1 multiplicity=32 maxabs=24
Young slice 31: rows=6 columns=2 multiplicity=52 maxabs=6
Young slice 22: rows=4 columns=4 multiplicity=34 maxabs=8
Young slice 211: rows=2 columns=6 multiplicity=30 maxabs=2
Young slice 1111: rows=1 columns=24 multiplicity=6 maxabs=2
equations reconstructed 407 4.64
small coefficient matrix 407 12390 max 49268736 seconds 7.62
approximate minimum eigenvalues [1.5734038403600958e-09, 5.7614636799392795e-09, 1.4227644471640352e-08, 1.7059579883090724e-05, 5.776736631704743e-06, 1.7400816453367836e-06, 3.995259490622206e-06, 1.2162828317235602e-05, 3.804818163876079e-05, 0.00044931894045738925]
ALL coefficient equations exact 407 rank 398 common denominator digits 16 seconds 9.91
exact PSD 0 relative DD margin 0.999999163221987 seconds 9.91
exact PSD 1 relative DD margin 0.9999977036897357 seconds 9.94
exact PSD 2 relative DD margin 0.999997924997466 seconds 9.94
exact PSD 3 relative DD margin 0.999996918039883 seconds 9.95
exact PSD 4 relative DD margin 0.9999998534400603 seconds 9.95
exact PSD 5 relative DD margin 0.9999997428717545 seconds 9.95
exact PSD 6 relative DD margin 0.9999990701033665 seconds 9.95
exact PSD 7 relative DD margin 0.9999996337990614 seconds 9.95
exact PSD 8 relative DD margin 0.9999990060592002 seconds 9.95
exact PSD 9 relative DD margin 0.9999998551342872 seconds 9.95
wrote experiments\atlas169_compact_face_candidate.json bytes 1531705 seconds 9.97
