integer face bases [(64, 50, 15), (104, 98, 13), (68, 62, 6), (60, 60, 1), (12, 12, 1), (32, 23, 4), (52, 48, 5), (34, 30, 3), (30, 30, 1), (6, 6, 1)]
S4 slice 4: source=90 multiplicity=90
S4 slice 31: source=240 multiplicity=150
S4 slice 22: source=336 multiplicity=96
S4 slice 211: source=352 multiplicity=90
S4 slice 1111: source=112 multiplicity=22
Young slice 4: rows=24 columns=1 multiplicity=32 maxabs=24
Young slice 31: rows=6 columns=2 multiplicity=52 maxabs=6
Young slice 22: rows=4 columns=4 multiplicity=34 maxabs=8
Young slice 211: rows=2 columns=6 multiplicity=30 maxabs=2
Young slice 1111: rows=1 columns=24 multiplicity=6 maxabs=2
equations reconstructed 407 4.58
small coefficient matrix 407 12390 max 49268736 seconds 7.53
approximate minimum eigenvalues [4.270746609374508e-09, 1.2132112441777085e-08, 7.015997840062262e-08, 7.071183441243612e-06, 4.215097623415489e-06, 3.7813209715479055e-07, 6.833950553767578e-07, 3.741086511695553e-06, 9.309336024308758e-05, 0.0003031497266795376]
ALL coefficient equations exact 407 rank 398 common denominator digits 16 seconds 9.95
exact PSD 0 relative DD margin 0.9999998745759459 seconds 9.95
exact PSD 1 relative DD margin 0.9999993000181618 seconds 9.97
exact PSD 2 relative DD margin 0.9999995705813919 seconds 9.98
exact PSD 3 relative DD margin 0.9999992363701093 seconds 10.0
exact PSD 4 relative DD margin 0.9999999177905198 seconds 10.0
exact PSD 5 relative DD margin 0.9999999098640369 seconds 10.0
exact PSD 6 relative DD margin 0.9999995295096906 seconds 10.0
exact PSD 7 relative DD margin 0.9999998720331156 seconds 10.0
exact PSD 8 relative DD margin 0.9999996595948497 seconds 10.0
exact PSD 9 relative DD margin 0.9999999466512594 seconds 10.0
wrote experiments\atlas181_compact_face_candidate.json bytes 1547986 seconds 10.02
