integer face bases [(64, 50, 15), (104, 98, 13), (68, 62, 6), (60, 60, 1), (12, 12, 1), (32, 23, 4), (52, 48, 5), (34, 30, 3), (30, 30, 1), (6, 6, 1)]
S4 slice 4: source=90 multiplicity=90
S4 slice 31: source=240 multiplicity=150
S4 slice 22: source=336 multiplicity=96
S4 slice 211: source=352 multiplicity=90
S4 slice 1111: source=112 multiplicity=22
Young slice 4: rows=24 columns=1 multiplicity=32 maxabs=24
Young slice 31: rows=6 columns=2 multiplicity=52 maxabs=6
Young slice 22: rows=4 columns=4 multiplicity=34 maxabs=8
Young slice 211: rows=2 columns=6 multiplicity=30 maxabs=2
Young slice 1111: rows=1 columns=24 multiplicity=6 maxabs=2
equations reconstructed 407 4.55
small coefficient matrix 407 12390 max 49268736 seconds 7.48
approximate minimum eigenvalues [7.543465732381838e-10, 2.0765399868588314e-09, 6.391108832517773e-09, 1.199331436601194e-05, 4.052470894584341e-06, 1.1496739998704697e-06, 3.075870587261784e-06, 7.312762562982494e-06, 2.1677046171728932e-05, 0.00022823207824975138]
ALL coefficient equations exact 407 rank 398 common denominator digits 16 seconds 9.8
exact PSD 0 relative DD margin 0.9999993161680085 seconds 9.83
exact PSD 1 relative DD margin 0.9999977489373699 seconds 9.84
exact PSD 2 relative DD margin 0.9999974458992887 seconds 9.84
exact PSD 3 relative DD margin 0.9999971175799173 seconds 9.86
exact PSD 4 relative DD margin 0.9999997449246042 seconds 9.86
exact PSD 5 relative DD margin 0.9999997862138186 seconds 9.86
exact PSD 6 relative DD margin 0.9999990569778572 seconds 9.88
exact PSD 7 relative DD margin 0.9999996534277608 seconds 9.88
exact PSD 8 relative DD margin 0.999998833159532 seconds 9.88
exact PSD 9 relative DD margin 0.9999997518359771 seconds 9.88
wrote experiments\atlas185_compact_face_candidate.json bytes 1589888 seconds 9.89
