Taeyoung\Methods\Atlas126\HighBoundaries.lean:112:41: warning: Variable name `z` is not explicitly referenced.

The binding can be removed (if unused) or named `_` (if used implicitly).

Note: This linter can be disabled with `set_option linter.unusedVariables false`
Taeyoung\Methods\Atlas126\HighBoundaries.lean:116:41: warning: Variable name `z` is not explicitly referenced.

The binding can be removed (if unused) or named `_` (if used implicitly).

Note: This linter can be disabled with `set_option linter.unusedVariables false`
Taeyoung\Methods\Atlas126\HighBoundaries.lean:218:2: error: (deterministic) timeout at `«synthesize pending MVars»`, maximum number of heartbeats (200000) has been reached

Note: Use `set_option maxHeartbeats <num>` to set the limit.

Hint: Additional diagnostic information may be available using the `set_option diagnostics true` command.
Taeyoung\Methods\Atlas126\HighBoundaries.lean:312:114: error: Function expected at
  highTHTarget
but this term has type
  ?m.1

Note: Expected a function because this term is being applied to the argument
  x

Hint: The identifier `highTHTarget` is unknown, and Lean's `autoImplicit` option causes an unknown identifier to be treated as an implicitly bound variable with an unknown type. However, the unknown type cannot be a function, and a function is what Lean expects here. This is often the result of a typo or a missing `import` or `open` statement.
Taeyoung\Methods\Atlas126\HighBoundaries.lean:313:54: error: Invalid argument: Variable `highTHTarget` is not a proposition or let-declaration
Try this:
  [apply] ring_nf
  
  The `ring` tactic failed to close the goal. Use `ring_nf` to obtain a normal form.
    
  Note that `ring` works primarily in *commutative* rings. If you have a noncommutative ring, abelian group or module, consider using `noncomm_ring`, `abel` or `module` instead.
Taeyoung\Methods\Atlas126\HighBoundaries.lean:312:136: error: unsolved goals
x✝ : Sort u_1
highTHTarget : x✝
x d u : ℝ
⊢ ⋯ + ⋯ + ⋯ * (98 / 729) + ⋯ * u ^ 2 * (76 / 243) + d ^ 3 * x ^ 2 * u ^ 3 * (56 / 243) + d ^ 3 * x ^ 3 * (-67 / 729) +
                                                                                              d ^ 3 * x ^ 3 * u *
                                                                                                (-94 / 729) +
                                                                                            d ^ 3 * x ^ 3 * u ^ 2 *
                                                                                              (-116 / 729) +
                                                                                          d ^ 3 * x ^ 3 * u ^ 3 *
                                                                                            (-8 / 81) +
                                                                                        d ^ 3 * x ^ 4 * (91 / 729) +
                                                                                      d ^ 3 * x ^ 4 * u * (2 / 27) +
                                                                                    d ^ 3 * x ^ 4 * u ^ 2 * (20 / 729) +
                                                                                  d ^ 3 * x ^ 4 * u ^ 3 * (8 / 729) +
                                                                                d ^ 3 * x ^ 5 * (-1 / 729) +
                                                                              d ^ 3 * x ^ 5 * u * (4 / 729) +
                                                                            d ^ 3 * x ^ 6 * (-25 / 729) +
                                                                          d ^ 3 * x ^ 6 * u * (-4 / 243) +
                                                                        d ^ 3 * x ^ 7 * (2 / 729) +
                                                                      d ^ 3 * u * (28 / 729) +
                                                                    d ^ 3 * u ^ 2 * (56 / 729) +
                                                                  d ^ 3 * u ^ 3 * (16 / 243) +
                                                                d ^ 4 * (-2 / 243) +
                                                              d ^ 4 * x * (14 / 729) +
                                                            d ^ 4 * x * u * (16 / 243) +
                                                          d ^ 4 * x * u ^ 2 * (32 / 243) +
                                                        d ^ 4 * x * u ^ 3 * (64 / 729) +
                                                      d ^ 4 * x ^ 2 * (-4 / 243) +
                                                    d ^ 4 * x ^ 2 * u * (-8 / 81) +
                                                  d ^ 4 * x ^ 2 * u ^ 2 * (-16 / 81) +
                                                d ^ 4 * x ^ 2 * u ^ 3 * (-32 / 243) +
                                              d ^ 4 * x ^ 3 * (22 / 729) +
                                            d ^ 4 * x ^ 3 * u * (16 / 243) +
                                          d ^ 4 * x ^ 3 * u ^ 2 * (32 / 243) +
                                        d ^ 4 * x ^ 3 * u ^ 3 * (64 / 729) +
                                      d ^ 4 * x ^ 4 * (-38 / 729) +
                                    d ^ 4 * x ^ 4 * u * (-4 / 243) +
                                  d ^ 4 * x ^ 4 * u ^ 2 * (-8 / 243) +
                                d ^ 4 * x ^ 4 * u ^ 3 * (-16 / 729) +
                              d ^ 4 * x ^ 5 * (2 / 81) +
                            d ^ 4 * x ^ 6 * (8 / 729) +
                          d ^ 4 * x ^ 7 * (-2 / 243) +
                        d ^ 4 * u * (-4 / 243) +
                      d ^ 4 * u ^ 2 * (-8 / 243) +
                    d ^ 4 * u ^ 3 * (-16 / 729) +
                  x * (17 / 243) +
                x ^ 2 * (73 / 486) +
              x ^ 3 * (55 / 324) +
            x ^ 4 * (173 / 1944) +
          x ^ 5 * (23 / 1944) +
        x ^ 6 * (-11 / 1944) +
      x ^ 7 * (-1 / 648) =
    sorry
