integer face bases [(64, 50, 15), (104, 98, 13), (68, 62, 6), (60, 60, 1), (12, 12, 1), (32, 23, 4), (52, 48, 5), (34, 30, 3), (30, 30, 1), (6, 6, 1)]
S4 slice 4: source=90 multiplicity=90
S4 slice 31: source=240 multiplicity=150
S4 slice 22: source=336 multiplicity=96
S4 slice 211: source=352 multiplicity=90
S4 slice 1111: source=112 multiplicity=22
Young slice 4: rows=24 columns=1 multiplicity=32 maxabs=24
Young slice 31: rows=6 columns=2 multiplicity=52 maxabs=6
Young slice 22: rows=4 columns=4 multiplicity=34 maxabs=8
Young slice 211: rows=2 columns=6 multiplicity=30 maxabs=2
Young slice 1111: rows=1 columns=24 multiplicity=6 maxabs=2
equations reconstructed 407 4.58
small coefficient matrix 407 12390 max 53747712 seconds 7.52
approximate minimum eigenvalues [1.7060347782973556e-09, 4.653101273042053e-09, 1.4224440274303855e-08, 1.4344549297803198e-05, 5.730492780468357e-06, 5.4440284227148396e-08, 2.3055674306752503e-07, 3.995855969070103e-07, 1.5098277010402177e-05, 8.515689610844717e-06]
ALL coefficient equations exact 407 rank 398 common denominator digits 17 seconds 9.88
exact PSD 0 relative DD margin 0.9999996887087647 seconds 9.88
exact PSD 1 relative DD margin 0.9999986051747918 seconds 9.91
exact PSD 2 relative DD margin 0.9999992759067381 seconds 9.91
exact PSD 3 relative DD margin 0.999998071697928 seconds 9.92
exact PSD 4 relative DD margin 0.9999997916155159 seconds 9.92
exact PSD 5 relative DD margin 0.9999996959573254 seconds 9.92
exact PSD 6 relative DD margin 0.9999991326969772 seconds 9.92
exact PSD 7 relative DD margin 0.9999997105010514 seconds 9.92
exact PSD 8 relative DD margin 0.9999991527978168 seconds 9.94
exact PSD 9 relative DD margin 0.999999890610524 seconds 9.94
wrote experiments\atlas130_compact_upper_candidate.json bytes 1631202 seconds 9.95
