integer face bases [(64, 57, 29), (104, 101, 5), (68, 65, 6), (60, 60, 1), (12, 12, 1), (32, 32, 1), (52, 52, 1), (34, 34, 1), (30, 30, 1), (6, 6, 1)]
S4 slice 4: source=90 multiplicity=90
S4 slice 31: source=240 multiplicity=150
S4 slice 22: source=336 multiplicity=96
S4 slice 211: source=352 multiplicity=90
S4 slice 1111: source=112 multiplicity=22
Young slice 4: rows=24 columns=1 multiplicity=32 maxabs=24
Young slice 31: rows=6 columns=2 multiplicity=52 maxabs=6
Young slice 22: rows=4 columns=4 multiplicity=34 maxabs=8
Young slice 211: rows=2 columns=6 multiplicity=30 maxabs=2
Young slice 1111: rows=1 columns=24 multiplicity=6 maxabs=2
equations reconstructed 407 4.39
small coefficient matrix 407 13844 max 230916096 seconds 7.49
approximate minimum eigenvalues [6.840612589852978e-11, 2.851732937859665e-09, 7.606637348301793e-09, 1.5330197756421315e-06, 6.606647675848527e-07, 4.436529202652125e-08, 8.395933450021491e-07, 3.611129707324163e-07, 1.5588070729621352e-06, 3.21126596338758e-06]
ALL coefficient equations exact 407 rank 405 common denominator digits 18 seconds 10.02
exact PSD 0 relative DD margin 0.9999995218554578 seconds 10.02
exact PSD 1 relative DD margin 0.9999985486393645 seconds 10.05
exact PSD 2 relative DD margin 0.9999990706272155 seconds 10.06
exact PSD 3 relative DD margin 0.9999988483395723 seconds 10.06
exact PSD 4 relative DD margin 0.9999999300110469 seconds 10.06
exact PSD 5 relative DD margin 0.9999997558720505 seconds 10.06
exact PSD 6 relative DD margin 0.9999986084691503 seconds 10.08
exact PSD 7 relative DD margin 0.99999972429628 seconds 10.08
exact PSD 8 relative DD margin 0.9999993463658164 seconds 10.08
exact PSD 9 relative DD margin 0.9999999831797163 seconds 10.08
wrote experiments\atlas127_compact_lower_candidate.json bytes 1873286 seconds 10.09
