G0_4: factor=(64, 57) maxabs=2443284 rounding=5.000e-09
G0_31: factor=(104, 101) maxabs=5970807 rounding=4.999e-09
G0_22: factor=(68, 65) maxabs=3043052 rounding=5.000e-09
G0_211: factor=(60, 60) maxabs=3614622 rounding=4.993e-09
G0_1111: factor=(12, 12) maxabs=2504622 rounding=4.903e-09
G1_4: factor=(32, 32) maxabs=2146909 rounding=4.994e-09
G1_31: factor=(52, 52) maxabs=6497523 rounding=4.995e-09
G1_22: factor=(34, 34) maxabs=2983042 rounding=4.997e-09
G1_211: factor=(30, 30) maxabs=5875198 rounding=4.998e-09
G1_1111: factor=(6, 6) maxabs=1673625 rounding=4.809e-09
S4 slice 4: source=90 multiplicity=90
S4 slice 31: source=240 multiplicity=150
S4 slice 22: source=336 multiplicity=96
S4 slice 211: source=352 multiplicity=90
S4 slice 1111: source=112 multiplicity=22
Young slice 4: rows=24 columns=1 multiplicity=32 maxabs=24
Young slice 31: rows=6 columns=2 multiplicity=52 maxabs=6
Young slice 22: rows=4 columns=4 multiplicity=34 maxabs=8
Young slice 211: rows=2 columns=6 multiplicity=30 maxabs=2
Young slice 1111: rows=1 columns=24 multiplicity=6 maxabs=2
equations=407 rank=405 variables=13844 preliminary_max=3.662e-04
DD margins=[0.9958500532974176, 0.9959503865207839, 0.9974709623148025, 0.9978694189076198, 0.9996574474818088, 0.9990262876758063, 0.9990254641534615, 0.999235899025788, 0.9993118046105129, 0.99989082906]
all 407 exact equations verified (405 defining, 2 redundant checks)
wrote experiments\atlas127_exact_lower_interval_sos.json (4953092 bytes)
