G0_4: factor=(64, 50) maxabs=782488 rounding=4.996e-09
G0_31: factor=(104, 98) maxabs=3569328 rounding=5.000e-09
G0_22: factor=(68, 62) maxabs=1409325 rounding=4.998e-09
G0_211: factor=(60, 60) maxabs=3730735 rounding=5.000e-09
G0_1111: factor=(12, 12) maxabs=2501213 rounding=4.850e-09
G1_4: factor=(32, 23) maxabs=627489 rounding=4.984e-09
G1_31: factor=(52, 48) maxabs=3459910 rounding=4.993e-09
G1_22: factor=(34, 30) maxabs=1400269 rounding=4.998e-09
G1_211: factor=(30, 30) maxabs=3624442 rounding=4.996e-09
G1_1111: factor=(6, 6) maxabs=2499722 rounding=4.979e-09
S4 slice 4: source=90 multiplicity=90
S4 slice 31: source=240 multiplicity=150
S4 slice 22: source=336 multiplicity=96
S4 slice 211: source=352 multiplicity=90
S4 slice 1111: source=112 multiplicity=22
Young slice 4: rows=24 columns=1 multiplicity=32 maxabs=24
Young slice 31: rows=6 columns=2 multiplicity=52 maxabs=6
Young slice 22: rows=4 columns=4 multiplicity=34 maxabs=8
Young slice 211: rows=2 columns=6 multiplicity=30 maxabs=2
Young slice 1111: rows=1 columns=24 multiplicity=6 maxabs=2
equations=407 rank=398 variables=12390 preliminary_max=2.977e-05
DD margins=[0.9997217795315338, 0.9997139841756207, 0.9997512494335594, 0.9998340465292566, 0.9999635689115346, 0.9999661518022963, 0.999972200788908, 0.9999692692845495, 0.999977322157109, 0.9999942415508928]
all 407 exact equations verified (398 defining, 9 redundant checks)
wrote experiments\atlas127_exact_upper_interval_sos.json (4373648 bytes)
