S4 slice 4: source=90 multiplicity=90
S4 slice 31: source=240 multiplicity=150
S4 slice 22: source=336 multiplicity=96
S4 slice 211: source=352 multiplicity=90
S4 slice 1111: source=112 multiplicity=22
Young slice 4: rows=24 columns=1 multiplicity=32 maxabs=24
Young slice 31: rows=6 columns=2 multiplicity=52 maxabs=6
Young slice 22: rows=4 columns=4 multiplicity=34 maxabs=8
Young slice 211: rows=2 columns=6 multiplicity=30 maxabs=2
Young slice 1111: rows=1 columns=24 multiplicity=6 maxabs=2
atlas=127 interval=[1/2,2/3] basis=352 blocks0={'4': 57, '31': 101, '22': 65, '211': 60, '1111': 12} blocks1={'4': 32, '31': 52, '22': 34, '211': 30, '1111': 6} equations=407 rank=405 augmented=405
status=optimal objective=2.2432031116897546e-05
G0_4: min=2.24324e-05 rank1e-7=57
G0_31: min=2.24329e-05 rank1e-7=101
G0_22: min=2.24326e-05 rank1e-7=65
G0_211: min=2.24343e-05 rank1e-7=60
G0_1111: min=2.59165e-05 rank1e-7=12
G1_4: min=2.24319e-05 rank1e-7=32
G1_31: min=2.24319e-05 rank1e-7=52
G1_22: min=2.24319e-05 rank1e-7=34
G1_211: min=2.24437e-05 rank1e-7=30
G1_1111: min=1.22105e-04 rank1e-7=6
max_residual=1.799102e-07
