S4 slice 4: source=90 multiplicity=90
S4 slice 31: source=240 multiplicity=150
S4 slice 22: source=336 multiplicity=96
S4 slice 211: source=352 multiplicity=90
S4 slice 1111: source=112 multiplicity=22
Young slice 4: rows=24 columns=1 multiplicity=32 maxabs=24
Young slice 31: rows=6 columns=2 multiplicity=52 maxabs=6
Young slice 22: rows=4 columns=4 multiplicity=34 maxabs=8
Young slice 211: rows=2 columns=6 multiplicity=30 maxabs=2
Young slice 1111: rows=1 columns=24 multiplicity=6 maxabs=2
atlas=127 interval=[2/3,1] basis=352 blocks0={'4': 50, '31': 98, '22': 62, '211': 60, '1111': 12} blocks1={'4': 23, '31': 48, '22': 30, '211': 30, '1111': 6} equations=407 rank=398 augmented=398
status=optimal objective=0.00014721726940369079
G0_4: min=1.47217e-04 rank1e-7=50
G0_31: min=1.47217e-04 rank1e-7=98
G0_22: min=1.47217e-04 rank1e-7=62
G0_211: min=1.47217e-04 rank1e-7=60
G0_1111: min=6.28837e-04 rank1e-7=12
G1_4: min=2.59105e-04 rank1e-7=23
G1_31: min=1.69866e-04 rank1e-7=48
G1_22: min=1.73160e-04 rank1e-7=30
G1_211: min=3.21611e-04 rank1e-7=30
G1_1111: min=7.16885e-03 rank1e-7=6
max_residual=1.131695e-11
