integer face bases [(64, 50, 15), (104, 98, 13), (68, 62, 6), (60, 60, 1), (12, 12, 1), (32, 23, 4), (52, 48, 5), (34, 30, 3), (30, 30, 1), (6, 6, 1)]
S4 slice 4: source=90 multiplicity=90
S4 slice 31: source=240 multiplicity=150
S4 slice 22: source=336 multiplicity=96
S4 slice 211: source=352 multiplicity=90
S4 slice 1111: source=112 multiplicity=22
Young slice 4: rows=24 columns=1 multiplicity=32 maxabs=24
Young slice 31: rows=6 columns=2 multiplicity=52 maxabs=6
Young slice 22: rows=4 columns=4 multiplicity=34 maxabs=8
Young slice 211: rows=2 columns=6 multiplicity=30 maxabs=2
Young slice 1111: rows=1 columns=24 multiplicity=6 maxabs=2
equations reconstructed 407 4.38
small coefficient matrix 407 12390 max 53747712 seconds 7.23
approximate minimum eigenvalues [1.5832262640074895e-09, 7.236002748523401e-09, 5.8621242821159066e-08, 1.0871441830989443e-05, 1.7631078144826918e-05, 2.2897263241352398e-07, 4.178663357601888e-07, 1.9902778436588455e-06, 2.3819885036482317e-05, 0.00019316109814951707]
ALL coefficient equations exact 407 rank 398 common denominator digits 17 seconds 9.52
exact PSD 0 relative DD margin 0.9999999046544676 seconds 9.53
exact PSD 1 relative DD margin 0.9999993903269474 seconds 9.55
exact PSD 2 relative DD margin 0.9999997330311515 seconds 9.56
exact PSD 3 relative DD margin 0.9999995045772003 seconds 9.56
exact PSD 4 relative DD margin 0.9999999284338826 seconds 9.56
exact PSD 5 relative DD margin 0.9999999412965955 seconds 9.58
exact PSD 6 relative DD margin 0.9999996320907228 seconds 9.58
exact PSD 7 relative DD margin 0.9999998445127704 seconds 9.58
exact PSD 8 relative DD margin 0.9999996993316602 seconds 9.58
exact PSD 9 relative DD margin 0.9999999487883339 seconds 9.58
wrote experiments\atlas127_compact_upper_candidate.json bytes 1568818 seconds 9.59
