integer face bases [(64, 60, 9), (104, 102, 5), (68, 66, 6), (60, 60, 1), (12, 12, 1), (32, 32, 1), (52, 52, 1), (34, 34, 1), (30, 30, 1), (6, 6, 1)]
S4 slice 4: source=90 multiplicity=90
S4 slice 31: source=240 multiplicity=150
S4 slice 22: source=336 multiplicity=96
S4 slice 211: source=352 multiplicity=90
S4 slice 1111: source=112 multiplicity=22
Young slice 4: rows=24 columns=1 multiplicity=32 maxabs=24
Young slice 31: rows=6 columns=2 multiplicity=52 maxabs=6
Young slice 22: rows=4 columns=4 multiplicity=34 maxabs=8
Young slice 211: rows=2 columns=6 multiplicity=30 maxabs=2
Young slice 1111: rows=1 columns=24 multiplicity=6 maxabs=2
equations reconstructed 407 4.41
small coefficient matrix 407 14189 max 55037657088 seconds 7.58
approximate minimum eigenvalues [3.3368570443010203e-10, 6.619449287309234e-10, 2.6882811515482125e-09, 1.0129711133288377e-06, 3.924079949822225e-07, 2.312956895432886e-08, 3.938868974117785e-07, 1.9943084173447687e-07, 1.012486788236281e-06, 4.115141395515437e-07]
ALL coefficient equations exact 407 rank 406 common denominator digits 23 seconds 10.23
exact PSD 0 relative DD margin 0.9999996619010597 seconds 10.25
exact PSD 1 relative DD margin 0.9999993381224096 seconds 10.27
exact PSD 2 relative DD margin 0.9999994159611081 seconds 10.28
exact PSD 3 relative DD margin 0.9999989438626541 seconds 10.3
exact PSD 4 relative DD margin 0.9999998903933711 seconds 10.3
exact PSD 5 relative DD margin 0.9999997899884078 seconds 10.3
exact PSD 6 relative DD margin 0.999999136128781 seconds 10.31
exact PSD 7 relative DD margin 0.9999994907195806 seconds 10.31
exact PSD 8 relative DD margin 0.9999992965536743 seconds 10.31
exact PSD 9 relative DD margin 0.9999999465330414 seconds 10.31
wrote experiments\atlas174_compact_middle_candidate.json bytes 2357670 seconds 10.33
