integer face bases [(64, 50, 15), (104, 98, 13), (68, 62, 6), (60, 60, 1), (12, 12, 1), (32, 23, 4), (52, 48, 5), (34, 30, 3), (30, 30, 1), (6, 6, 1)]
S4 slice 4: source=90 multiplicity=90
S4 slice 31: source=240 multiplicity=150
S4 slice 22: source=336 multiplicity=96
S4 slice 211: source=352 multiplicity=90
S4 slice 1111: source=112 multiplicity=22
Young slice 4: rows=24 columns=1 multiplicity=32 maxabs=24
Young slice 31: rows=6 columns=2 multiplicity=52 maxabs=6
Young slice 22: rows=4 columns=4 multiplicity=34 maxabs=8
Young slice 211: rows=2 columns=6 multiplicity=30 maxabs=2
Young slice 1111: rows=1 columns=24 multiplicity=6 maxabs=2
equations reconstructed 407 4.39
small coefficient matrix 407 12390 max 53747712 seconds 7.3
approximate minimum eigenvalues [6.103326965463432e-10, 1.7539112919754229e-09, 5.893935442883368e-09, 2.3516483736530036e-06, 2.3339955722092574e-06, 2.3538472117599692e-08, 3.237367173215913e-08, 7.427202196699823e-08, 5.8231001375087265e-06, 2.3813757741210666e-06]
ALL coefficient equations exact 407 rank 398 common denominator digits 17 seconds 9.49
exact PSD 0 relative DD margin 0.9999996230265523 seconds 9.5
exact PSD 1 relative DD margin 0.9999987377278875 seconds 9.5
exact PSD 2 relative DD margin 0.9999993490687827 seconds 9.53
exact PSD 3 relative DD margin 0.9999981737551256 seconds 9.53
exact PSD 4 relative DD margin 0.9999998279800303 seconds 9.53
exact PSD 5 relative DD margin 0.9999997306934503 seconds 9.53
exact PSD 6 relative DD margin 0.9999993615031777 seconds 9.55
exact PSD 7 relative DD margin 0.999999767717528 seconds 9.55
exact PSD 8 relative DD margin 0.999999280186063 seconds 9.55
exact PSD 9 relative DD margin 0.9999999253394439 seconds 9.55
wrote experiments\atlas174_compact_upper_candidate.json bytes 1631004 seconds 9.56
