integer face bases [(64, 50, 18), (104, 98, 10), (68, 62, 9), (60, 60, 1), (12, 12, 1), (32, 23, 4), (52, 48, 5), (34, 30, 3), (30, 30, 1), (6, 6, 1)]
S4 slice 4: source=90 multiplicity=90
S4 slice 31: source=240 multiplicity=150
S4 slice 22: source=336 multiplicity=96
S4 slice 211: source=352 multiplicity=90
S4 slice 1111: source=112 multiplicity=22
Young slice 4: rows=24 columns=1 multiplicity=32 maxabs=24
Young slice 31: rows=6 columns=2 multiplicity=52 maxabs=6
Young slice 22: rows=4 columns=4 multiplicity=34 maxabs=8
Young slice 211: rows=2 columns=6 multiplicity=30 maxabs=2
Young slice 1111: rows=1 columns=24 multiplicity=6 maxabs=2
equations reconstructed 407 4.67
small coefficient matrix 407 12390 max 297271296 seconds 7.72
approximate minimum eigenvalues [1.123154188598655e-09, 4.750883782014523e-09, 8.485992949751072e-09, 1.4329424518829387e-05, 5.580607666717359e-06, 8.80003193835661e-08, 3.0889586099328487e-07, 8.282433102110867e-07, 1.537421114529315e-05, 7.57509577906516e-06]
ALL coefficient equations exact 407 rank 398 common denominator digits 16 seconds 10.2
exact PSD 0 relative DD margin 0.9999997610493878 seconds 10.2
exact PSD 1 relative DD margin 0.9999986756741017 seconds 10.23
exact PSD 2 relative DD margin 0.9999993687982631 seconds 10.25
exact PSD 3 relative DD margin 0.9999977389073283 seconds 10.25
exact PSD 4 relative DD margin 0.9999997751078765 seconds 10.25
exact PSD 5 relative DD margin 0.9999996114674382 seconds 10.25
exact PSD 6 relative DD margin 0.9999990557731854 seconds 10.27
exact PSD 7 relative DD margin 0.9999996100106331 seconds 10.27
exact PSD 8 relative DD margin 0.9999991050061592 seconds 10.27
exact PSD 9 relative DD margin 0.999999830955487 seconds 10.27
wrote experiments\atlas203_compact_upper_candidate.json bytes 1561119 seconds 10.28
