integer face bases [(64, 60, 9), (104, 102, 5), (68, 66, 6), (60, 60, 1), (12, 12, 1), (32, 32, 1), (52, 52, 1), (34, 34, 1), (30, 30, 1), (6, 6, 1)]
S4 slice 4: source=90 multiplicity=90
S4 slice 31: source=240 multiplicity=150
S4 slice 22: source=336 multiplicity=96
S4 slice 211: source=352 multiplicity=90
S4 slice 1111: source=112 multiplicity=22
Young slice 4: rows=24 columns=1 multiplicity=32 maxabs=24
Young slice 31: rows=6 columns=2 multiplicity=52 maxabs=6
Young slice 22: rows=4 columns=4 multiplicity=34 maxabs=8
Young slice 211: rows=2 columns=6 multiplicity=30 maxabs=2
Young slice 1111: rows=1 columns=24 multiplicity=6 maxabs=2
equations reconstructed 407 4.44
small coefficient matrix 407 14189 max 21743271936 seconds 7.56
approximate minimum eigenvalues [3.6032132346484714e-10, 9.345190716486574e-10, 2.609976616979867e-09, 1.0841531483844738e-06, 3.618909280862661e-07, 2.135957450865062e-08, 4.2442815529047457e-07, 2.3809346034387882e-07, 1.0841777078345477e-06, 4.352149746731348e-07]
ALL coefficient equations exact 407 rank 406 common denominator digits 22 seconds 10.17
exact PSD 0 relative DD margin 0.9999995764866482 seconds 10.19
exact PSD 1 relative DD margin 0.9999992100289234 seconds 10.22
exact PSD 2 relative DD margin 0.9999992089860796 seconds 10.23
exact PSD 3 relative DD margin 0.9999988777491577 seconds 10.23
exact PSD 4 relative DD margin 0.9999998753765318 seconds 10.25
exact PSD 5 relative DD margin 0.9999997664459748 seconds 10.25
exact PSD 6 relative DD margin 0.9999991196637616 seconds 10.25
exact PSD 7 relative DD margin 0.9999995425587325 seconds 10.25
exact PSD 8 relative DD margin 0.9999992770778073 seconds 10.27
exact PSD 9 relative DD margin 0.9999998688702509 seconds 10.27
wrote experiments\atlas171_compact_middle_candidate.json bytes 2266556 seconds 10.28
