integer face bases [(64, 50, 15), (104, 98, 13), (68, 62, 6), (60, 60, 1), (12, 12, 1), (32, 23, 4), (52, 48, 5), (34, 30, 3), (30, 30, 1), (6, 6, 1)]
S4 slice 4: source=90 multiplicity=90
S4 slice 31: source=240 multiplicity=150
S4 slice 22: source=336 multiplicity=96
S4 slice 211: source=352 multiplicity=90
S4 slice 1111: source=112 multiplicity=22
Young slice 4: rows=24 columns=1 multiplicity=32 maxabs=24
Young slice 31: rows=6 columns=2 multiplicity=52 maxabs=6
Young slice 22: rows=4 columns=4 multiplicity=34 maxabs=8
Young slice 211: rows=2 columns=6 multiplicity=30 maxabs=2
Young slice 1111: rows=1 columns=24 multiplicity=6 maxabs=2
equations reconstructed 407 4.41
small coefficient matrix 407 12390 max 53747712 seconds 7.3
approximate minimum eigenvalues [1.8937135741550077e-09, 5.3908157211999865e-09, 2.2271173788287103e-08, 1.567435409634371e-05, 5.437125865219877e-06, 5.5186371743016935e-08, 2.326250895984845e-07, 3.062678337005109e-07, 1.6586292397967824e-05, 8.043732202085991e-06]
ALL coefficient equations exact 407 rank 398 common denominator digits 17 seconds 9.5
exact PSD 0 relative DD margin 0.9999997198887295 seconds 9.52
exact PSD 1 relative DD margin 0.9999988839228136 seconds 9.53
exact PSD 2 relative DD margin 0.9999993380758597 seconds 9.55
exact PSD 3 relative DD margin 0.9999982653875195 seconds 9.56
exact PSD 4 relative DD margin 0.9999998751770846 seconds 9.56
exact PSD 5 relative DD margin 0.9999996917293735 seconds 9.56
exact PSD 6 relative DD margin 0.99999924271149 seconds 9.56
exact PSD 7 relative DD margin 0.9999997276394719 seconds 9.56
exact PSD 8 relative DD margin 0.999999021538471 seconds 9.56
exact PSD 9 relative DD margin 0.9999999166075833 seconds 9.56
wrote experiments\atlas171_compact_upper_candidate.json bytes 1606041 seconds 9.58
