Taeyoung\Methods\RootedSOS\CompactS4\Atlas130\LowerCertificate.lean:12:21: warning: Used `tac1 <;> tac2` where `(tac1; tac2)` would suffice

Note: This linter can be disabled with `set_option linter.unnecessarySeqFocus false`
Taeyoung\Methods\RootedSOS\CompactS4\Atlas130\LowerCertificate.lean:18:21: warning: Used `tac1 <;> tac2` where `(tac1; tac2)` would suffice

Note: This linter can be disabled with `set_option linter.unnecessarySeqFocus false`
Taeyoung\Methods\RootedSOS\CompactS4\Atlas130\LowerCertificate.lean:64:6: error: Tactic `rewrite` failed: Did not find an occurrence of the pattern
  right (↑j + 4 * ↑i) 0
in the target expression
  ↑(right (↑(Induced.Six.blockIndex00 i j)) 0) * (1 - s) ^ 2 +
        ↑(right (↑(Induced.Six.blockIndex00 i j)) 1) * s * (1 - s) +
      ↑(right (↑(Induced.Six.blockIndex00 i j)) 2) * s ^ 2 =
    ↑(Block00.H ↑i ↑j) * (1 - s) ^ 2 +
        (↑(Block00.H (↑i) (4 + ↑j)) + ↑(Block00.H (4 + ↑i) ↑j) + ↑(Block01.H ↑i ↑j)) * s * (1 - s) +
      ↑(Block00.H (4 + ↑i) (4 + ↑j)) * s ^ 2

i j : Fin 4
s : ℝ
h0 : right (↑j + 4 * ↑i) 0 = Block00.H ↑i ↑j
h1 : right (↑j + 4 * ↑i) 1 = Block00.H (↑i) (4 + ↑j) + Block00.H (4 + ↑i) ↑j + Block01.H ↑i ↑j
h2 : right (↑j + 4 * ↑i) 2 = Block00.H (4 + ↑i) (4 + ↑j)
⊢ ↑(right (↑(Induced.Six.blockIndex00 i j)) 0) * (1 - s) ^ 2 +
        ↑(right (↑(Induced.Six.blockIndex00 i j)) 1) * s * (1 - s) +
      ↑(right (↑(Induced.Six.blockIndex00 i j)) 2) * s ^ 2 =
    ↑(Block00.H ↑i ↑j) * (1 - s) ^ 2 +
        (↑(Block00.H (↑i) (4 + ↑j)) + ↑(Block00.H (4 + ↑i) ↑j) + ↑(Block01.H ↑i ↑j)) * s * (1 - s) +
      ↑(Block00.H (4 + ↑i) (4 + ↑j)) * s ^ 2
Taeyoung\Methods\RootedSOS\CompactS4\Atlas130\LowerCertificate.lean:103:6: error: Tactic `rewrite` failed: Did not find an occurrence of the pattern
  right (16 + ↑j + 20 * ↑i) 0
in the target expression
  ↑(right (↑(Induced.Six.blockIndex01 i j)) 0) * (1 - s) ^ 2 +
        ↑(right (↑(Induced.Six.blockIndex01 i j)) 1) * s * (1 - s) +
      ↑(right (↑(Induced.Six.blockIndex01 i j)) 2) * s ^ 2 =
    ↑(Block02.H ↑i ↑j) * (1 - s) ^ 2 +
        (↑(Block02.H (↑i) (20 + ↑j)) + ↑(Block02.H (20 + ↑i) ↑j) + ↑(Block03.H ↑i ↑j)) * s * (1 - s) +
      ↑(Block02.H (20 + ↑i) (20 + ↑j)) * s ^ 2

i j : Fin 20
s : ℝ
h0 : right (16 + ↑j + 20 * ↑i) 0 = Block02.H ↑i ↑j
h1 : right (16 + ↑j + 20 * ↑i) 1 = Block02.H (↑i) (20 + ↑j) + Block02.H (20 + ↑i) ↑j + Block03.H ↑i ↑j
h2 : right (16 + ↑j + 20 * ↑i) 2 = Block02.H (20 + ↑i) (20 + ↑j)
⊢ ↑(right (↑(Induced.Six.blockIndex01 i j)) 0) * (1 - s) ^ 2 +
        ↑(right (↑(Induced.Six.blockIndex01 i j)) 1) * s * (1 - s) +
      ↑(right (↑(Induced.Six.blockIndex01 i j)) 2) * s ^ 2 =
    ↑(Block02.H ↑i ↑j) * (1 - s) ^ 2 +
        (↑(Block02.H (↑i) (20 + ↑j)) + ↑(Block02.H (20 + ↑i) ↑j) + ↑(Block03.H ↑i ↑j)) * s * (1 - s) +
      ↑(Block02.H (20 + ↑i) (20 + ↑j)) * s ^ 2
Taeyoung\Methods\RootedSOS\CompactS4\Atlas130\LowerCertificate.lean:145:6: error: Tactic `rewrite` failed: Did not find an occurrence of the pattern
  right (416 + ↑j + 20 * ↑i) 0
in the target expression
  ↑(right (↑(Induced.Six.blockIndex02 i j)) 0) * (1 - s) ^ 2 +
        ↑(right (↑(Induced.Six.blockIndex02 i j)) 1) * s * (1 - s) +
      ↑(right (↑(Induced.Six.blockIndex02 i j)) 2) * s ^ 2 =
    ↑(Block04.H ↑i ↑j) * (1 - s) ^ 2 +
        (↑(Block04.H (↑i) (20 + ↑j)) + ↑(Block04.H (20 + ↑i) ↑j) + ↑(Block05.H ↑i ↑j)) * s * (1 - s) +
      ↑(Block04.H (20 + ↑i) (20 + ↑j)) * s ^ 2

i j : Fin 20
s : ℝ
h0 : right (416 + ↑j + 20 * ↑i) 0 = Block04.H ↑i ↑j
h1 : right (416 + ↑j + 20 * ↑i) 1 = Block04.H (↑i) (20 + ↑j) + Block04.H (20 + ↑i) ↑j + Block05.H ↑i ↑j
h2 : right (416 + ↑j + 20 * ↑i) 2 = Block04.H (20 + ↑i) (20 + ↑j)
⊢ ↑(right (↑(Induced.Six.blockIndex02 i j)) 0) * (1 - s) ^ 2 +
        ↑(right (↑(Induced.Six.blockIndex02 i j)) 1) * s * (1 - s) +
      ↑(right (↑(Induced.Six.blockIndex02 i j)) 2) * s ^ 2 =
    ↑(Block04.H ↑i ↑j) * (1 - s) ^ 2 +
        (↑(Block04.H (↑i) (20 + ↑j)) + ↑(Block04.H (20 + ↑i) ↑j) + ↑(Block05.H ↑i ↑j)) * s * (1 - s) +
      ↑(Block04.H (20 + ↑i) (20 + ↑j)) * s ^ 2
Taeyoung\Methods\RootedSOS\CompactS4\Atlas130\LowerCertificate.lean:190:6: error: Tactic `rewrite` failed: Did not find an occurrence of the pattern
  right (816 + ↑j + 16 * ↑i) 0
in the target expression
  ↑(right (↑(Induced.Six.blockIndex03 i j)) 0) * (1 - s) ^ 2 +
        ↑(right (↑(Induced.Six.blockIndex03 i j)) 1) * s * (1 - s) +
      ↑(right (↑(Induced.Six.blockIndex03 i j)) 2) * s ^ 2 =
    ↑(Block06.H ↑i ↑j) * (1 - s) ^ 2 +
        (↑(Block06.H (↑i) (16 + ↑j)) + ↑(Block06.H (16 + ↑i) ↑j) + ↑(Block07.H ↑i ↑j)) * s * (1 - s) +
      ↑(Block06.H (16 + ↑i) (16 + ↑j)) * s ^ 2

i j : Fin 16
s : ℝ
h0 : right (816 + ↑j + 16 * ↑i) 0 = Block06.H ↑i ↑j
h1 : right (816 + ↑j + 16 * ↑i) 1 = Block06.H (↑i) (16 + ↑j) + Block06.H (16 + ↑i) ↑j + Block07.H ↑i ↑j
h2 : right (816 + ↑j + 16 * ↑i) 2 = Block06.H (16 + ↑i) (16 + ↑j)
⊢ ↑(right (↑(Induced.Six.blockIndex03 i j)) 0) * (1 - s) ^ 2 +
        ↑(right (↑(Induced.Six.blockIndex03 i j)) 1) * s * (1 - s) +
      ↑(right (↑(Induced.Six.blockIndex03 i j)) 2) * s ^ 2 =
    ↑(Block06.H ↑i ↑j) * (1 - s) ^ 2 +
        (↑(Block06.H (↑i) (16 + ↑j)) + ↑(Block06.H (16 + ↑i) ↑j) + ↑(Block07.H ↑i ↑j)) * s * (1 - s) +
      ↑(Block06.H (16 + ↑i) (16 + ↑j)) * s ^ 2
Taeyoung\Methods\RootedSOS\CompactS4\Atlas130\LowerCertificate.lean:238:6: error: Tactic `rewrite` failed: Did not find an occurrence of the pattern
  right (1072 + ↑j + 16 * ↑i) 0
in the target expression
  ↑(right (↑(Induced.Six.blockIndex04 i j)) 0) * (1 - s) ^ 2 +
        ↑(right (↑(Induced.Six.blockIndex04 i j)) 1) * s * (1 - s) +
      ↑(right (↑(Induced.Six.blockIndex04 i j)) 2) * s ^ 2 =
    ↑(Block08.H ↑i ↑j) * (1 - s) ^ 2 +
        (↑(Block08.H (↑i) (16 + ↑j)) + ↑(Block08.H (16 + ↑i) ↑j) + ↑(Block09.H ↑i ↑j)) * s * (1 - s) +
      ↑(Block08.H (16 + ↑i) (16 + ↑j)) * s ^ 2

i j : Fin 16
s : ℝ
h0 : right (1072 + ↑j + 16 * ↑i) 0 = Block08.H ↑i ↑j
h1 : right (1072 + ↑j + 16 * ↑i) 1 = Block08.H (↑i) (16 + ↑j) + Block08.H (16 + ↑i) ↑j + Block09.H ↑i ↑j
h2 : right (1072 + ↑j + 16 * ↑i) 2 = Block08.H (16 + ↑i) (16 + ↑j)
⊢ ↑(right (↑(Induced.Six.blockIndex04 i j)) 0) * (1 - s) ^ 2 +
        ↑(right (↑(Induced.Six.blockIndex04 i j)) 1) * s * (1 - s) +
      ↑(right (↑(Induced.Six.blockIndex04 i j)) 2) * s ^ 2 =
    ↑(Block08.H ↑i ↑j) * (1 - s) ^ 2 +
        (↑(Block08.H (↑i) (16 + ↑j)) + ↑(Block08.H (16 + ↑i) ↑j) + ↑(Block09.H ↑i ↑j)) * s * (1 - s) +
      ↑(Block08.H (16 + ↑i) (16 + ↑j)) * s ^ 2
Taeyoung\Methods\RootedSOS\CompactS4\Atlas130\LowerCertificate.lean:289:6: error: Tactic `rewrite` failed: Did not find an occurrence of the pattern
  right (1328 + ↑j + 16 * ↑i) 0
in the target expression
  ↑(right (↑(Induced.Six.blockIndex05 i j)) 0) * (1 - s) ^ 2 +
        ↑(right (↑(Induced.Six.blockIndex05 i j)) 1) * s * (1 - s) +
      ↑(right (↑(Induced.Six.blockIndex05 i j)) 2) * s ^ 2 =
    ↑(Block10.H ↑i ↑j) * (1 - s) ^ 2 +
        (↑(Block10.H (↑i) (16 + ↑j)) + ↑(Block10.H (16 + ↑i) ↑j) + ↑(Block11.H ↑i ↑j)) * s * (1 - s) +
      ↑(Block10.H (16 + ↑i) (16 + ↑j)) * s ^ 2

i j : Fin 16
s : ℝ
h0 : right (1328 + ↑j + 16 * ↑i) 0 = Block10.H ↑i ↑j
h1 : right (1328 + ↑j + 16 * ↑i) 1 = Block10.H (↑i) (16 + ↑j) + Block10.H (16 + ↑i) ↑j + Block11.H ↑i ↑j
h2 : right (1328 + ↑j + 16 * ↑i) 2 = Block10.H (16 + ↑i) (16 + ↑j)
⊢ ↑(right (↑(Induced.Six.blockIndex05 i j)) 0) * (1 - s) ^ 2 +
        ↑(right (↑(Induced.Six.blockIndex05 i j)) 1) * s * (1 - s) +
      ↑(right (↑(Induced.Six.blockIndex05 i j)) 2) * s ^ 2 =
    ↑(Block10.H ↑i ↑j) * (1 - s) ^ 2 +
        (↑(Block10.H (↑i) (16 + ↑j)) + ↑(Block10.H (16 + ↑i) ↑j) + ↑(Block11.H ↑i ↑j)) * s * (1 - s) +
      ↑(Block10.H (16 + ↑i) (16 + ↑j)) * s ^ 2
Taeyoung\Methods\RootedSOS\CompactS4\Atlas130\LowerCertificate.lean:343:6: error: Tactic `rewrite` failed: Did not find an occurrence of the pattern
  right (1584 + ↑j + 16 * ↑i) 0
in the target expression
  ↑(right (↑(Induced.Six.blockIndex06 i j)) 0) * (1 - s) ^ 2 +
        ↑(right (↑(Induced.Six.blockIndex06 i j)) 1) * s * (1 - s) +
      ↑(right (↑(Induced.Six.blockIndex06 i j)) 2) * s ^ 2 =
    ↑(Block12.H ↑i ↑j) * (1 - s) ^ 2 +
        (↑(Block12.H (↑i) (16 + ↑j)) + ↑(Block12.H (16 + ↑i) ↑j) + ↑(Block13.H ↑i ↑j)) * s * (1 - s) +
      ↑(Block12.H (16 + ↑i) (16 + ↑j)) * s ^ 2

i j : Fin 16
s : ℝ
h0 : right (1584 + ↑j + 16 * ↑i) 0 = Block12.H ↑i ↑j
h1 : right (1584 + ↑j + 16 * ↑i) 1 = Block12.H (↑i) (16 + ↑j) + Block12.H (16 + ↑i) ↑j + Block13.H ↑i ↑j
h2 : right (1584 + ↑j + 16 * ↑i) 2 = Block12.H (16 + ↑i) (16 + ↑j)
⊢ ↑(right (↑(Induced.Six.blockIndex06 i j)) 0) * (1 - s) ^ 2 +
        ↑(right (↑(Induced.Six.blockIndex06 i j)) 1) * s * (1 - s) +
      ↑(right (↑(Induced.Six.blockIndex06 i j)) 2) * s ^ 2 =
    ↑(Block12.H ↑i ↑j) * (1 - s) ^ 2 +
        (↑(Block12.H (↑i) (16 + ↑j)) + ↑(Block12.H (16 + ↑i) ↑j) + ↑(Block13.H ↑i ↑j)) * s * (1 - s) +
      ↑(Block12.H (16 + ↑i) (16 + ↑j)) * s ^ 2
Taeyoung\Methods\RootedSOS\CompactS4\Atlas130\LowerCertificate.lean:400:6: error: Tactic `rewrite` failed: Did not find an occurrence of the pattern
  right (1840 + ↑j + 16 * ↑i) 0
in the target expression
  ↑(right (↑(Induced.Six.blockIndex07 i j)) 0) * (1 - s) ^ 2 +
        ↑(right (↑(Induced.Six.blockIndex07 i j)) 1) * s * (1 - s) +
      ↑(right (↑(Induced.Six.blockIndex07 i j)) 2) * s ^ 2 =
    ↑(Block14.H ↑i ↑j) * (1 - s) ^ 2 +
        (↑(Block14.H (↑i) (16 + ↑j)) + ↑(Block14.H (16 + ↑i) ↑j) + ↑(Block15.H ↑i ↑j)) * s * (1 - s) +
      ↑(Block14.H (16 + ↑i) (16 + ↑j)) * s ^ 2

i j : Fin 16
s : ℝ
h0 : right (1840 + ↑j + 16 * ↑i) 0 = Block14.H ↑i ↑j
h1 : right (1840 + ↑j + 16 * ↑i) 1 = Block14.H (↑i) (16 + ↑j) + Block14.H (16 + ↑i) ↑j + Block15.H ↑i ↑j
h2 : right (1840 + ↑j + 16 * ↑i) 2 = Block14.H (16 + ↑i) (16 + ↑j)
⊢ ↑(right (↑(Induced.Six.blockIndex07 i j)) 0) * (1 - s) ^ 2 +
        ↑(right (↑(Induced.Six.blockIndex07 i j)) 1) * s * (1 - s) +
      ↑(right (↑(Induced.Six.blockIndex07 i j)) 2) * s ^ 2 =
    ↑(Block14.H ↑i ↑j) * (1 - s) ^ 2 +
        (↑(Block14.H (↑i) (16 + ↑j)) + ↑(Block14.H (16 + ↑i) ↑j) + ↑(Block15.H ↑i ↑j)) * s * (1 - s) +
      ↑(Block14.H (16 + ↑i) (16 + ↑j)) * s ^ 2
Taeyoung\Methods\RootedSOS\CompactS4\Atlas130\LowerCertificate.lean:460:6: error: Tactic `rewrite` failed: Did not find an occurrence of the pattern
  right (2096 + ↑j + 16 * ↑i) 0
in the target expression
  ↑(right (↑(Induced.Six.blockIndex08 i j)) 0) * (1 - s) ^ 2 +
        ↑(right (↑(Induced.Six.blockIndex08 i j)) 1) * s * (1 - s) +
      ↑(right (↑(Induced.Six.blockIndex08 i j)) 2) * s ^ 2 =
    ↑(Block16.H ↑i ↑j) * (1 - s) ^ 2 +
        (↑(Block16.H (↑i) (16 + ↑j)) + ↑(Block16.H (16 + ↑i) ↑j) + ↑(Block17.H ↑i ↑j)) * s * (1 - s) +
      ↑(Block16.H (16 + ↑i) (16 + ↑j)) * s ^ 2

i j : Fin 16
s : ℝ
h0 : right (2096 + ↑j + 16 * ↑i) 0 = Block16.H ↑i ↑j
h1 : right (2096 + ↑j + 16 * ↑i) 1 = Block16.H (↑i) (16 + ↑j) + Block16.H (16 + ↑i) ↑j + Block17.H ↑i ↑j
h2 : right (2096 + ↑j + 16 * ↑i) 2 = Block16.H (16 + ↑i) (16 + ↑j)
⊢ ↑(right (↑(Induced.Six.blockIndex08 i j)) 0) * (1 - s) ^ 2 +
        ↑(right (↑(Induced.Six.blockIndex08 i j)) 1) * s * (1 - s) +
      ↑(right (↑(Induced.Six.blockIndex08 i j)) 2) * s ^ 2 =
    ↑(Block16.H ↑i ↑j) * (1 - s) ^ 2 +
        (↑(Block16.H (↑i) (16 + ↑j)) + ↑(Block16.H (16 + ↑i) ↑j) + ↑(Block17.H ↑i ↑j)) * s * (1 - s) +
      ↑(Block16.H (16 + ↑i) (16 + ↑j)) * s ^ 2
Taeyoung\Methods\RootedSOS\CompactS4\Atlas130\LowerCertificate.lean:523:6: error: Tactic `rewrite` failed: Did not find an occurrence of the pattern
  right (2352 + ↑j + 16 * ↑i) 0
in the target expression
  ↑(right (↑(Induced.Six.blockIndex09 i j)) 0) * (1 - s) ^ 2 +
        ↑(right (↑(Induced.Six.blockIndex09 i j)) 1) * s * (1 - s) +
      ↑(right (↑(Induced.Six.blockIndex09 i j)) 2) * s ^ 2 =
    ↑(Block18.H ↑i ↑j) * (1 - s) ^ 2 +
        (↑(Block18.H (↑i) (16 + ↑j)) + ↑(Block18.H (16 + ↑i) ↑j) + ↑(Block19.H ↑i ↑j)) * s * (1 - s) +
      ↑(Block18.H (16 + ↑i) (16 + ↑j)) * s ^ 2

i j : Fin 16
s : ℝ
h0 : right (2352 + ↑j + 16 * ↑i) 0 = Block18.H ↑i ↑j
h1 : right (2352 + ↑j + 16 * ↑i) 1 = Block18.H (↑i) (16 + ↑j) + Block18.H (16 + ↑i) ↑j + Block19.H ↑i ↑j
h2 : right (2352 + ↑j + 16 * ↑i) 2 = Block18.H (16 + ↑i) (16 + ↑j)
⊢ ↑(right (↑(Induced.Six.blockIndex09 i j)) 0) * (1 - s) ^ 2 +
        ↑(right (↑(Induced.Six.blockIndex09 i j)) 1) * s * (1 - s) +
      ↑(right (↑(Induced.Six.blockIndex09 i j)) 2) * s ^ 2 =
    ↑(Block18.H ↑i ↑j) * (1 - s) ^ 2 +
        (↑(Block18.H (↑i) (16 + ↑j)) + ↑(Block18.H (16 + ↑i) ↑j) + ↑(Block19.H ↑i ↑j)) * s * (1 - s) +
      ↑(Block18.H (16 + ↑i) (16 + ↑j)) * s ^ 2
Taeyoung\Methods\RootedSOS\CompactS4\Atlas130\LowerCertificate.lean:589:6: error: Tactic `rewrite` failed: Did not find an occurrence of the pattern
  right (2608 + ↑j + 16 * ↑i) 0
in the target expression
  ↑(right (↑(Induced.Six.blockIndex10 i j)) 0) * (1 - s) ^ 2 +
        ↑(right (↑(Induced.Six.blockIndex10 i j)) 1) * s * (1 - s) +
      ↑(right (↑(Induced.Six.blockIndex10 i j)) 2) * s ^ 2 =
    ↑(Block20.H ↑i ↑j) * (1 - s) ^ 2 +
        (↑(Block20.H (↑i) (16 + ↑j)) + ↑(Block20.H (16 + ↑i) ↑j) + ↑(Block21.H ↑i ↑j)) * s * (1 - s) +
      ↑(Block20.H (16 + ↑i) (16 + ↑j)) * s ^ 2

i j : Fin 16
s : ℝ
h0 : right (2608 + ↑j + 16 * ↑i) 0 = Block20.H ↑i ↑j
h1 : right (2608 + ↑j + 16 * ↑i) 1 = Block20.H (↑i) (16 + ↑j) + Block20.H (16 + ↑i) ↑j + Block21.H ↑i ↑j
h2 : right (2608 + ↑j + 16 * ↑i) 2 = Block20.H (16 + ↑i) (16 + ↑j)
⊢ ↑(right (↑(Induced.Six.blockIndex10 i j)) 0) * (1 - s) ^ 2 +
        ↑(right (↑(Induced.Six.blockIndex10 i j)) 1) * s * (1 - s) +
      ↑(right (↑(Induced.Six.blockIndex10 i j)) 2) * s ^ 2 =
    ↑(Block20.H ↑i ↑j) * (1 - s) ^ 2 +
        (↑(Block20.H (↑i) (16 + ↑j)) + ↑(Block20.H (16 + ↑i) ↑j) + ↑(Block21.H ↑i ↑j)) * s * (1 - s) +
      ↑(Block20.H (16 + ↑i) (16 + ↑j)) * s ^ 2
Taeyoung\Methods\RootedSOS\CompactS4\Atlas130\LowerCertificate.lean:658:6: error: Tactic `rewrite` failed: Did not find an occurrence of the pattern
  right (2864 + ↑j + 16 * ↑i) 0
in the target expression
  ↑(right (↑(Induced.Six.blockIndex11 i j)) 0) * (1 - s) ^ 2 +
        ↑(right (↑(Induced.Six.blockIndex11 i j)) 1) * s * (1 - s) +
      ↑(right (↑(Induced.Six.blockIndex11 i j)) 2) * s ^ 2 =
    ↑(Block22.H ↑i ↑j) * (1 - s) ^ 2 +
        (↑(Block22.H (↑i) (16 + ↑j)) + ↑(Block22.H (16 + ↑i) ↑j) + ↑(Block23.H ↑i ↑j)) * s * (1 - s) +
      ↑(Block22.H (16 + ↑i) (16 + ↑j)) * s ^ 2

i j : Fin 16
s : ℝ
h0 : right (2864 + ↑j + 16 * ↑i) 0 = Block22.H ↑i ↑j
h1 : right (2864 + ↑j + 16 * ↑i) 1 = Block22.H (↑i) (16 + ↑j) + Block22.H (16 + ↑i) ↑j + Block23.H ↑i ↑j
h2 : right (2864 + ↑j + 16 * ↑i) 2 = Block22.H (16 + ↑i) (16 + ↑j)
⊢ ↑(right (↑(Induced.Six.blockIndex11 i j)) 0) * (1 - s) ^ 2 +
        ↑(right (↑(Induced.Six.blockIndex11 i j)) 1) * s * (1 - s) +
      ↑(right (↑(Induced.Six.blockIndex11 i j)) 2) * s ^ 2 =
    ↑(Block22.H ↑i ↑j) * (1 - s) ^ 2 +
        (↑(Block22.H (↑i) (16 + ↑j)) + ↑(Block22.H (16 + ↑i) ↑j) + ↑(Block23.H ↑i ↑j)) * s * (1 - s) +
      ↑(Block22.H (16 + ↑i) (16 + ↑j)) * s ^ 2
Taeyoung\Methods\RootedSOS\CompactS4\Atlas130\LowerCertificate.lean:730:6: error: Tactic `rewrite` failed: Did not find an occurrence of the pattern
  right (3120 + ↑j + 16 * ↑i) 0
in the target expression
  ↑(right (↑(Induced.Six.blockIndex12 i j)) 0) * (1 - s) ^ 2 +
        ↑(right (↑(Induced.Six.blockIndex12 i j)) 1) * s * (1 - s) +
      ↑(right (↑(Induced.Six.blockIndex12 i j)) 2) * s ^ 2 =
    ↑(Block24.H ↑i ↑j) * (1 - s) ^ 2 +
        (↑(Block24.H (↑i) (16 + ↑j)) + ↑(Block24.H (16 + ↑i) ↑j) + ↑(Block25.H ↑i ↑j)) * s * (1 - s) +
      ↑(Block24.H (16 + ↑i) (16 + ↑j)) * s ^ 2

i j : Fin 16
s : ℝ
h0 : right (3120 + ↑j + 16 * ↑i) 0 = Block24.H ↑i ↑j
h1 : right (3120 + ↑j + 16 * ↑i) 1 = Block24.H (↑i) (16 + ↑j) + Block24.H (16 + ↑i) ↑j + Block25.H ↑i ↑j
h2 : right (3120 + ↑j + 16 * ↑i) 2 = Block24.H (16 + ↑i) (16 + ↑j)
⊢ ↑(right (↑(Induced.Six.blockIndex12 i j)) 0) * (1 - s) ^ 2 +
        ↑(right (↑(Induced.Six.blockIndex12 i j)) 1) * s * (1 - s) +
      ↑(right (↑(Induced.Six.blockIndex12 i j)) 2) * s ^ 2 =
    ↑(Block24.H ↑i ↑j) * (1 - s) ^ 2 +
        (↑(Block24.H (↑i) (16 + ↑j)) + ↑(Block24.H (16 + ↑i) ↑j) + ↑(Block25.H ↑i ↑j)) * s * (1 - s) +
      ↑(Block24.H (16 + ↑i) (16 + ↑j)) * s ^ 2
Taeyoung\Methods\RootedSOS\CompactS4\Atlas130\LowerCertificate.lean:802:6: error: Tactic `rewrite` failed: Did not find an occurrence of the pattern
  right (3376 + ↑j + 16 * ↑i) 0
in the target expression
  ↑(right (↑(Induced.Six.blockIndex13 i j)) 0) * (1 - s) ^ 2 +
        ↑(right (↑(Induced.Six.blockIndex13 i j)) 1) * s * (1 - s) +
      ↑(right (↑(Induced.Six.blockIndex13 i j)) 2) * s ^ 2 =
    ↑(Block26.H ↑i ↑j) * (1 - s) ^ 2 +
        (↑(Block26.H (↑i) (16 + ↑j)) + ↑(Block26.H (16 + ↑i) ↑j) + ↑(Block27.H ↑i ↑j)) * s * (1 - s) +
      ↑(Block26.H (16 + ↑i) (16 + ↑j)) * s ^ 2

i j : Fin 16
s : ℝ
h0 : right (3376 + ↑j + 16 * ↑i) 0 = Block26.H ↑i ↑j
h1 : right (3376 + ↑j + 16 * ↑i) 1 = Block26.H (↑i) (16 + ↑j) + Block26.H (16 + ↑i) ↑j + Block27.H ↑i ↑j
h2 : right (3376 + ↑j + 16 * ↑i) 2 = Block26.H (16 + ↑i) (16 + ↑j)
⊢ ↑(right (↑(Induced.Six.blockIndex13 i j)) 0) * (1 - s) ^ 2 +
        ↑(right (↑(Induced.Six.blockIndex13 i j)) 1) * s * (1 - s) +
      ↑(right (↑(Induced.Six.blockIndex13 i j)) 2) * s ^ 2 =
    ↑(Block26.H ↑i ↑j) * (1 - s) ^ 2 +
        (↑(Block26.H (↑i) (16 + ↑j)) + ↑(Block26.H (16 + ↑i) ↑j) + ↑(Block27.H ↑i ↑j)) * s * (1 - s) +
      ↑(Block26.H (16 + ↑i) (16 + ↑j)) * s ^ 2
Taeyoung\Methods\RootedSOS\CompactS4\Atlas130\LowerCertificate.lean:845:6: error: Tactic `rewrite` failed: Did not find an occurrence of the pattern
  ∑ k, ↑↑(Nat.choose 5 ↑k) * ↑?a * Induced.basis 5 ?s ↑k
in the target expression
  ∑ x, ↑(↑(Nat.choose 5 ↑x) * (denominator * Target.coefficient g)) * Induced.basis 5 s ↑x -
      ∑ x, ↑(targetNumerator x * Induced.Six.HomIdentities.plainCoefficient 0 g) * Induced.basis 5 s ↑x =
    ∑ k,
      ↑(Induced.quadraticCoefficient (groupTotal (↑g) 0) (groupTotal (↑g) 1) (groupTotal (↑g) 2) k +
              residualCoefficient ↑g ↑k +
            ∑ j,
              Induced.penaltyCoefficient (Induced.Six.HomIdentities.plainCoefficient j g)
                (Induced.Six.HomIdentities.edgeCoefficient j g) (fun k => multiplier ↑j ↑k)
                (fun k => leftMultiplier ↑j ↑k) (fun k => rightMultiplier ↑j ↑k) k) *
        Induced.basis 5 s ↑k

g : Fin 156
s : ℝ
he :
  ∑ x, ↑(↑(Nat.choose 5 ↑x) * (denominator * Target.coefficient g)) * Induced.basis 5 s ↑x -
      ∑ x, ↑(targetNumerator x * Induced.Six.HomIdentities.plainCoefficient 0 g) * Induced.basis 5 s ↑x =
    ∑ k,
      ↑(Induced.quadraticCoefficient (groupTotal (↑g) 0) (groupTotal (↑g) 1) (groupTotal (↑g) 2) k +
              residualCoefficient ↑g ↑k +
            ∑ j,
              Induced.penaltyCoefficient (Induced.Six.HomIdentities.plainCoefficient j g)
                (Induced.Six.HomIdentities.edgeCoefficient j g) (fun k => multiplier ↑j ↑k)
                (fun k => leftMultiplier ↑j ↑k) (fun k => rightMultiplier ↑j ↑k) k) *
        Induced.basis 5 s ↑k
⊢ ↑denominator * ↑(Target.coefficient g) -
      ↑denominator * target130 ((3 + s) / 6) * ↑(Induced.Six.HomIdentities.plainCoefficient 0 g) =
    weightedGroup g s + residualValue g s +
      ∑ j,
        multiplierValue j s *
          (↑(Induced.Six.HomIdentities.edgeCoefficient j g) -
            (3 + s) / 6 * ↑(Induced.Six.HomIdentities.plainCoefficient j g))
Taeyoung\Methods\RootedSOS\CompactS4\Atlas130\LowerCertificate.lean:873:8: warning: automatically included section variable(s) unused in theorem `_private.Taeyoung.Methods.RootedSOS.CompactS4.Atlas130.LowerCertificate.0.Taeyoung.Methods.RootedSOS.CompactS4.Atlas130.Lower.density_eq_of_graph_eq`:
  [IsProbabilityMeasure μ]
consider restructuring your `variable` declarations so that the variables are not in scope or explicitly omit them:
  omit [IsProbabilityMeasure μ] in theorem ...

Note: This linter can be disabled with `set_option linter.unusedSectionVars false`
'Taeyoung.Methods.RootedSOS.CompactS4.Atlas130.Lower.lower_graphon_bound' depends on axioms: [propext,
 sorryAx,
 Classical.choice,
 Quot.sound]
