Taeyoung\Methods\RootedSOS\Induced\Gluing.lean:54:8: warning: automatically included section variable(s) unused in theorem `Taeyoung.Methods.RootedSOS.Induced.join_sumTripleSplit`:
  [Fintype I]
  [Fintype J]
  [DecidableEq I]
  [DecidableEq J]
consider restructuring your `variable` declarations so that the variables are not in scope or explicitly omit them:
  omit [Fintype I] [Fintype J] [DecidableEq I] [DecidableEq J] in theorem ...

Note: This linter can be disabled with `set_option linter.unusedSectionVars false`
Taeyoung\Methods\RootedSOS\Induced\Gluing.lean:64:0: warning: automatically included section variable(s) unused in theorem `Taeyoung.Methods.RootedSOS.Induced.sum_completedWeight`:
  [Fintype I]
  [Fintype J]
  [DecidableEq I]
  [DecidableEq J]
  [IsProbabilityMeasure μ]
consider restructuring your `variable` declarations so that the variables are not in scope or explicitly omit them:
  omit [Fintype I] [Fintype J] [DecidableEq I] [DecidableEq J] [IsProbabilityMeasure μ] in theorem ...

Note: This linter can be disabled with `set_option linter.unusedSectionVars false`
Taeyoung\Methods\RootedSOS\Induced\Gluing.lean:83:48: warning: This simp argument is unused:
  Function.comp_apply

Hint: Omit it from the simp argument list.
  simp only [pairKernel, branchWeight, inducedWeight, patternWeight, gluedPairs, joinAssignment,
  ̲  ̲ ̲ ̲Sum.elim_inl, S̵u̵m̵.̵e̵l̵i̵m̵_̵i̵n̵r̵,̵ ̵F̵u̵n̵c̵t̵i̵o̵n̵.̵c̵o̵m̵p̵_̵a̵p̵p̵l̵y̵]̵S̲u̲m̲.̲e̲l̲i̲m̲_̲i̲n̲r̲]̲

Note: This linter can be disabled with `set_option linter.unusedSimpArgs false`
