Try this:
  [apply] ring_nf
  
  The `ring` tactic failed to close the goal. Use `ring_nf` to obtain a normal form.
    
  Note that `ring` works primarily in *commutative* rings. If you have a noncommutative ring, abelian group or module, consider using `noncomm_ring`, `abel` or `module` instead.
Taeyoung\Methods\RootedSOS\MatrixFlagDensity.lean:67:4: warning: This simp argument is unused:
  Nat.mul_zero

Hint: Omit it from the simp argument list.
  simp only [finProdFinEquiv, Fin.val_zero, Fin.val_one, N̵a̵t̵.̵m̵u̵l̵_̵z̵e̵r̵o̵,̵ ̵Nat.mul_one, Nat.add_zero, Nat.zero_add,
  ̲  ̲ ̲ ̲Nat.add_comm, pow_zero, pow_one, mul_one]

Note: This linter can be disabled with `set_option linter.unusedSimpArgs false`
Taeyoung\Methods\RootedSOS\MatrixFlagDensity.lean:67:18: warning: This simp argument is unused:
  Nat.mul_one

Hint: Omit it from the simp argument list.
  simp only [finProdFinEquiv, Fin.val_zero, Fin.val_one, Nat.mul_zero, N̵a̵t̵.̵m̵u̵l̵_̵o̵n̵e̵,̵ ̵Nat.add_zero, Nat.zero_add,
  ̲  ̲ ̲ ̲Nat.add_comm, pow_zero, pow_one, mul_one]

Note: This linter can be disabled with `set_option linter.unusedSimpArgs false`
Taeyoung\Methods\RootedSOS\MatrixFlagDensity.lean:83:31: warning: This simp argument is unused:
  Fin.sum_univ_one

Hint: Omit it from the simp argument list.
  simp [Fintype.sum_prod_type, F̵i̵n̵.̵s̵u̵m̵_̵u̵n̵i̵v̵_̵o̵n̵e̵,̵ ̵finProdFinEquiv]

Note: This linter can be disabled with `set_option linter.unusedSimpArgs false`
