Taeyoung\Methods\RootedSOS\Induced\Six\FlatBlocks.lean:60:39: warning: This simp argument is unused:
  Nat.add_assoc

Hint: Omit it from the simp argument list.
  simp [blockIndex00, finProdFinEquiv,̵ ̵N̵a̵t̵.̵a̵d̵d̵_̵a̵s̵s̵o̵c̵]

Note: This linter can be disabled with `set_option linter.unusedSimpArgs false`
Taeyoung\Methods\RootedSOS\Induced\Six\FlatBlocks.lean:60:58: warning: 'omega' tactic does nothing

Note: This linter can be disabled with `set_option linter.unusedTactic false`
Taeyoung\Methods\RootedSOS\Induced\Six\FlatBlocks.lean:60:58: warning: this tactic is never executed

Note: This linter can be disabled with `set_option linter.unreachableTactic false`
Taeyoung\Methods\RootedSOS\Induced\Six\FlatBlocks.lean:75:58: warning: 'omega' tactic does nothing

Note: This linter can be disabled with `set_option linter.unusedTactic false`
Taeyoung\Methods\RootedSOS\Induced\Six\FlatBlocks.lean:75:58: warning: this tactic is never executed

Note: This linter can be disabled with `set_option linter.unreachableTactic false`
Taeyoung\Methods\RootedSOS\Induced\Six\FlatBlocks.lean:92:54: warning: Used `tac1 <;> tac2` where `(tac1; tac2)` would suffice

Note: This linter can be disabled with `set_option linter.unnecessarySeqFocus false`
Taeyoung\Methods\RootedSOS\Induced\Six\FlatBlocks.lean:111:54: warning: Used `tac1 <;> tac2` where `(tac1; tac2)` would suffice

Note: This linter can be disabled with `set_option linter.unnecessarySeqFocus false`
Taeyoung\Methods\RootedSOS\Induced\Six\FlatBlocks.lean:132:54: warning: Used `tac1 <;> tac2` where `(tac1; tac2)` would suffice

Note: This linter can be disabled with `set_option linter.unnecessarySeqFocus false`
Taeyoung\Methods\RootedSOS\Induced\Six\FlatBlocks.lean:155:54: warning: Used `tac1 <;> tac2` where `(tac1; tac2)` would suffice

Note: This linter can be disabled with `set_option linter.unnecessarySeqFocus false`
Taeyoung\Methods\RootedSOS\Induced\Six\FlatBlocks.lean:180:54: warning: Used `tac1 <;> tac2` where `(tac1; tac2)` would suffice

Note: This linter can be disabled with `set_option linter.unnecessarySeqFocus false`
Taeyoung\Methods\RootedSOS\Induced\Six\FlatBlocks.lean:207:54: warning: Used `tac1 <;> tac2` where `(tac1; tac2)` would suffice

Note: This linter can be disabled with `set_option linter.unnecessarySeqFocus false`
Taeyoung\Methods\RootedSOS\Induced\Six\FlatBlocks.lean:236:54: warning: Used `tac1 <;> tac2` where `(tac1; tac2)` would suffice

Note: This linter can be disabled with `set_option linter.unnecessarySeqFocus false`
Taeyoung\Methods\RootedSOS\Induced\Six\FlatBlocks.lean:267:54: warning: Used `tac1 <;> tac2` where `(tac1; tac2)` would suffice

Note: This linter can be disabled with `set_option linter.unnecessarySeqFocus false`
Taeyoung\Methods\RootedSOS\Induced\Six\FlatBlocks.lean:300:54: warning: Used `tac1 <;> tac2` where `(tac1; tac2)` would suffice

Note: This linter can be disabled with `set_option linter.unnecessarySeqFocus false`
Taeyoung\Methods\RootedSOS\Induced\Six\FlatBlocks.lean:335:54: warning: Used `tac1 <;> tac2` where `(tac1; tac2)` would suffice

Note: This linter can be disabled with `set_option linter.unnecessarySeqFocus false`
Taeyoung\Methods\RootedSOS\Induced\Six\FlatBlocks.lean:372:54: warning: Used `tac1 <;> tac2` where `(tac1; tac2)` would suffice

Note: This linter can be disabled with `set_option linter.unnecessarySeqFocus false`
Taeyoung\Methods\RootedSOS\Induced\Six\FlatBlocks.lean:411:54: warning: Used `tac1 <;> tac2` where `(tac1; tac2)` would suffice

Note: This linter can be disabled with `set_option linter.unnecessarySeqFocus false`
'Taeyoung.Methods.RootedSOS.Induced.Six.sum_all_blocks' depends on axioms: [propext, Classical.choice, Quot.sound]
