Taeyoung\Methods\Atlas126\HighVerified.lean:33:107: error: `ring_nf` made no progress on the goal
p d t : ℝ
hp0 : 2 / 3 ≤ p
hp1 : p ≤ 1
hd0 : 0 ≤ d
hd1 : d ≤ 1
ht0 : 0 ≤ t
htD : t ≤ d ^ 2
hdT : d ≤ (t + p) / 2
x y z : ℝ
hx0 : 0 ≤ x
hx1 : x ≤ 1
hy0 : 0 ≤ y
hy1 : y ≤ 1
hz0 : 0 ≤ z
hz1 : z ≤ 1
h : 0 ≤ highD1Target x y z
hn :
  0 ≤
    scalarResidual (x / 3 + 2 / 3) (target (x / 3 + 2 / 3)) (betaHigh (x / 3 + 2 / 3)) (gammaHigh (x / 3 + 2 / 3)) 0 0
      (y * (x / 3 + 2 / 3) / 2) (y * (x / 3 + 2 / 3) / 2) (y ^ 2 * z * (x / 3 + 2 / 3) ^ 2 / 4)
⊢ scalarResidual ((2 + x) / 3) (target ((2 + x) / 3)) (betaHigh ((2 + x) / 3)) (gammaHigh ((2 + x) / 3)) 0 0
      ((2 + x) / 3 * y / 2) ((2 + x) / 3 * y / 2) (((2 + x) / 3 * y / 2) ^ 2 * z) =
    scalarResidual (x / 3 + 2 / 3) (target (x / 3 + 2 / 3)) (betaHigh (x / 3 + 2 / 3)) (gammaHigh (x / 3 + 2 / 3)) 0 0
      (y * (x / 3 + 2 / 3) / 2) (y * (x / 3 + 2 / 3) / 2) (y ^ 2 * z * (x / 3 + 2 / 3) ^ 2 / 4)
case e'_2
p d t : ℝ
hp0 : 2 / 3 ≤ p
hp1 : p ≤ 1
hd0 : 0 ≤ d
hd1 : d ≤ 1
ht0 : 0 ≤ t
htD : t ≤ d ^ 2
hdT : d ≤ (t + p) / 2
x y z : ℝ
hx0 : 0 ≤ x
hx1 : x ≤ 1
hy0 : 0 ≤ y
hy1 : y ≤ 1
hz0 : 0 ≤ z
hz1 : z ≤ 1
h : 0 ≤ highD2Target x y z
hn :
  0 ≤
    scalarResidual (-4 * y * x ^ 2 / 9 + 1) (target (-4 * y * x ^ 2 / 9 + 1)) (betaHigh (-4 * y * x ^ 2 / 9 + 1))
      (gammaHigh (-4 * y * x ^ 2 / 9 + 1)) 0 0 (1 - 2 * x / 3) (1 - 2 * x / 3)
      (4 * y * x ^ 2 / 9 + z * (-4 * y * x ^ 2 / 9 + 4 * x ^ 2 / 9) - 4 * x / 3 + 1)
⊢ Real.instLE = Real.instPreorder.toLE
case e'_4
p d t : ℝ
hp0 : 2 / 3 ≤ p
hp1 : p ≤ 1
hd0 : 0 ≤ d
hd1 : d ≤ 1
ht0 : 0 ≤ t
htD : t ≤ d ^ 2
hdT : d ≤ (t + p) / 2
x y z : ℝ
hx0 : 0 ≤ x
hx1 : x ≤ 1
hy0 : 0 ≤ y
hy1 : y ≤ 1
hz0 : 0 ≤ z
hz1 : z ≤ 1
h : 0 ≤ highD2Target x y z
hn :
  0 ≤
    scalarResidual (-4 * y * x ^ 2 / 9 + 1) (target (-4 * y * x ^ 2 / 9 + 1)) (betaHigh (-4 * y * x ^ 2 / 9 + 1))
      (gammaHigh (-4 * y * x ^ 2 / 9 + 1)) 0 0 (1 - 2 * x / 3) (1 - 2 * x / 3)
      (4 * y * x ^ 2 / 9 + z * (-4 * y * x ^ 2 / 9 + 4 * x ^ 2 / 9) - 4 * x / 3 + 1)
⊢ scalarResidual (1 - (2 * x / 3) ^ 2 * y) (target (1 - (2 * x / 3) ^ 2 * y)) (betaHigh (1 - (2 * x / 3) ^ 2 * y))
      (gammaHigh (1 - (2 * x / 3) ^ 2 * y)) 0 0 (1 - 2 * x / 3) (1 - 2 * x / 3)
      (2 * (1 - 2 * x / 3) - (1 - (2 * x / 3) ^ 2 * y) + ((2 * x / 3) ^ 2 - (2 * x / 3) ^ 2 * y) * z) =
    scalarResidual (-4 * y * x ^ 2 / 9 + 1) (target (-4 * y * x ^ 2 / 9 + 1)) (betaHigh (-4 * y * x ^ 2 / 9 + 1))
      (gammaHigh (-4 * y * x ^ 2 / 9 + 1)) 0 0 (1 - 2 * x / 3) (1 - 2 * x / 3)
      (4 * y * x ^ 2 / 9 + z * (-4 * y * x ^ 2 / 9 + 4 * x ^ 2 / 9) - 4 * x / 3 + 1)
Taeyoung\Methods\Atlas126\HighVerified.lean:56:107: error: `ring_nf` made no progress on the goal
Taeyoung\Methods\Atlas126\HighVerified.lean:61:107: error: `ring_nf` made no progress on the goal
case e'_4
p d t : ℝ
hp0 : 2 / 3 ≤ p
hp1 : p ≤ 1
hd1 : d ≤ 1
ht0 : 0 ≤ t
htp : t ≤ p
hTd : (t + p) / 2 ≤ d
hLower : d + p - 1 ≤ (t + p) / 2
x y z : ℝ
hx0 : 0 ≤ x
hx1 : x ≤ 1
hy0 : 0 ≤ y
hy1 : y ≤ 1
hz0 : 0 ≤ z
hz1 : z ≤ 1
h : 0 ≤ highTLTarget x y z
hn :
  0 ≤
    scalarResidual (x / 3 + 2 / 3) (target (x / 3 + 2 / 3)) (betaHigh (x / 3 + 2 / 3)) (gammaHigh (x / 3 + 2 / 3)) 0 0
      (y * (1 / 3 - x / 3) + x / 6 + 1 / 3) (y * z * (1 / 3 - x / 3) / 3 + x / 6 + 1 / 3)
      (2 * y * z * (1 / 3 - x / 3) / 3)
⊢ scalarResidual ((2 + x) / 3) (target ((2 + x) / 3)) (betaHigh ((2 + x) / 3)) (gammaHigh ((2 + x) / 3)) 0 0
      ((2 + x) / 3 / 2 + (1 - (2 + x) / 3) * y)
      (((2 * ((2 + x) / 3 / 2 + (1 - (2 + x) / 3) * y) - (2 + x) / 3) * (z / 3) + (2 + x) / 3) / 2)
      ((2 * ((2 + x) / 3 / 2 + (1 - (2 + x) / 3) * y) - (2 + x) / 3) * (z / 3)) =
    scalarResidual (x / 3 + 2 / 3) (target (x / 3 + 2 / 3)) (betaHigh (x / 3 + 2 / 3)) (gammaHigh (x / 3 + 2 / 3)) 0 0
      (y * (1 / 3 - x / 3) + x / 6 + 1 / 3) (y * z * (1 / 3 - x / 3) / 3 + x / 6 + 1 / 3)
      (2 * y * z * (1 / 3 - x / 3) / 3)
case e'_4
p d t : ℝ
hp0 : 2 / 3 ≤ p
hp1 : p ≤ 1
hd1 : d ≤ 1
ht0 : 0 ≤ t
htp : t ≤ p
hTd : (t + p) / 2 ≤ d
hLower : d + p - 1 ≤ (t + p) / 2
x y z : ℝ
hx0 : 0 ≤ x
hx1 : x ≤ 1
hy0 : 0 ≤ y
hy1 : y ≤ 1
hz0 : 0 ≤ z
hz1 : z ≤ 1
h : 0 ≤ highTHTarget x y z
hn :
  0 ≤
    scalarResidual (x / 3 + 2 / 3) (target (x / 3 + 2 / 3)) (betaHigh (x / 3 + 2 / 3)) (gammaHigh (x / 3 + 2 / 3)) 0 0
      (y * (1 / 3 - x / 3) + x / 6 + 1 / 3) (y * (1 / 3 - x / 3) * (2 * z / 3 + 1 / 3) + x / 6 + 1 / 3)
      (2 * y * (1 / 3 - x / 3) * (2 * z / 3 + 1 / 3))
⊢ scalarResidual ((2 + x) / 3) (target ((2 + x) / 3)) (betaHigh ((2 + x) / 3)) (gammaHigh ((2 + x) / 3)) 0 0
      ((2 + x) / 3 / 2 + (1 - (2 + x) / 3) * y)
      (((2 * ((2 + x) / 3 / 2 + (1 - (2 + x) / 3) * y) - (2 + x) / 3) * ((1 + 2 * z) / 3) + (2 + x) / 3) / 2)
      ((2 * ((2 + x) / 3 / 2 + (1 - (2 + x) / 3) * y) - (2 + x) / 3) * ((1 + 2 * z) / 3)) =
    scalarResidual (x / 3 + 2 / 3) (target (x / 3 + 2 / 3)) (betaHigh (x / 3 + 2 / 3)) (gammaHigh (x / 3 + 2 / 3)) 0 0
      (y * (1 / 3 - x / 3) + x / 6 + 1 / 3) (y * (1 / 3 - x / 3) * (2 * z / 3 + 1 / 3) + x / 6 + 1 / 3)
      (2 * y * (1 / 3 - x / 3) * (2 * z / 3 + 1 / 3))
case e'_2
p d t : ℝ
hp0 : 2 / 3 ≤ p
hp1 : p ≤ 1
hd1 : d ≤ 1
ht0 : 0 ≤ t
htp : t ≤ p
hTd : (t + p) / 2 ≤ d
hLower : d + p - 1 ≤ (t + p) / 2
x y z : ℝ
hx0 : 0 ≤ x
hx1 : x ≤ 1
hy0 : 0 ≤ y
hy1 : y ≤ 1
hz0 : 0 ≤ z
hz1 : z ≤ 1
h : 0 ≤ highLLTarget x y z
hn :
  0 ≤
    scalarResidual (1 - x / 3) (target (1 - x / 3)) (betaHigh (1 - x / 3)) (gammaHigh (1 - x / 3)) 0 0 (-y * x / 3 + 1)
      (-y * x / 3 + z * x ^ 2 / 9 - x / 3 + 1) (-2 * y * x / 3 + 2 * z * x ^ 2 / 9 - x / 3 + 1)
⊢ Real.instLE = Real.instPreorder.toLE
case e'_4
p d t : ℝ
hp0 : 2 / 3 ≤ p
hp1 : p ≤ 1
hd1 : d ≤ 1
ht0 : 0 ≤ t
htp : t ≤ p
hTd : (t + p) / 2 ≤ d
hLower : d + p - 1 ≤ (t + p) / 2
x y z : ℝ
hx0 : 0 ≤ x
hx1 : x ≤ 1
hy0 : 0 ≤ y
hy1 : y ≤ 1
hz0 : 0 ≤ z
hz1 : z ≤ 1
h : 0 ≤ highLLTarget x y z
hn :
  0 ≤
    scalarResidual (1 - x / 3) (target (1 - x / 3)) (betaHigh (1 - x / 3)) (gammaHigh (1 - x / 3)) 0 0 (-y * x / 3 + 1)
      (-y * x / 3 + z * x ^ 2 / 9 - x / 3 + 1) (-2 * y * x / 3 + 2 * z * x ^ 2 / 9 - x / 3 + 1)
⊢ scalarResidual (1 - x / 3) (target (1 - x / 3)) (betaHigh (1 - x / 3)) (gammaHigh (1 - x / 3)) 0 0 (1 - x / 3 * y)
      ((1 - x / 3 - 2 * (x / 3 * y) + 2 * (x / 3) * (x / 3 * z) + (1 - x / 3)) / 2)
      (1 - x / 3 - 2 * (x / 3 * y) + 2 * (x / 3) * (x / 3 * z)) =
    scalarResidual (1 - x / 3) (target (1 - x / 3)) (betaHigh (1 - x / 3)) (gammaHigh (1 - x / 3)) 0 0 (-y * x / 3 + 1)
      (-y * x / 3 + z * x ^ 2 / 9 - x / 3 + 1) (-2 * y * x / 3 + 2 * z * x ^ 2 / 9 - x / 3 + 1)
case e'_2
p d t : ℝ
hp0 : 2 / 3 ≤ p
hp1 : p ≤ 1
hd1 : d ≤ 1
ht0 : 0 ≤ t
htp : t ≤ p
hTd : (t + p) / 2 ≤ d
hLower : d + p - 1 ≤ (t + p) / 2
x y z : ℝ
hx0 : 0 ≤ x
hx1 : x ≤ 1
hy0 : 0 ≤ y
hy1 : y ≤ 1
hz0 : 0 ≤ z
hz1 : z ≤ 1
h : 0 ≤ highLHTarget x y z
hn :
  0 ≤
    scalarResidual (1 - x / 3) (target (1 - x / 3)) (betaHigh (1 - x / 3)) (gammaHigh (1 - x / 3)) 0 0 (-y * x / 3 + 1)
      (-y * x / 3 + x * (z * (1 - x / 3) + x / 3) / 3 - x / 3 + 1)
      (-2 * y * x / 3 + 2 * x * (z * (1 - x / 3) + x / 3) / 3 - x / 3 + 1)
⊢ Real.instLE = Real.instPreorder.toLE
case e'_4
p d t : ℝ
hp0 : 2 / 3 ≤ p
hp1 : p ≤ 1
hd1 : d ≤ 1
ht0 : 0 ≤ t
htp : t ≤ p
hTd : (t + p) / 2 ≤ d
hLower : d + p - 1 ≤ (t + p) / 2
x y z : ℝ
hx0 : 0 ≤ x
hx1 : x ≤ 1
hy0 : 0 ≤ y
hy1 : y ≤ 1
hz0 : 0 ≤ z
hz1 : z ≤ 1
h : 0 ≤ highLHTarget x y z
hn :
  0 ≤
    scalarResidual (1 - x / 3) (target (1 - x / 3)) (betaHigh (1 - x / 3)) (gammaHigh (1 - x / 3)) 0 0 (-y * x / 3 + 1)
      (-y * x / 3 + x * (z * (1 - x / 3) + x / 3) / 3 - x / 3 + 1)
      (-2 * y * x / 3 + 2 * x * (z * (1 - x / 3) + x / 3) / 3 - x / 3 + 1)
⊢ scalarResidual (1 - x / 3) (target (1 - x / 3)) (betaHigh (1 - x / 3)) (gammaHigh (1 - x / 3)) 0 0 (1 - x / 3 * y)
      ((1 - x / 3 - 2 * (x / 3 * y) + 2 * (x / 3) * (x / 3 + (1 - x / 3) * z) + (1 - x / 3)) / 2)
      (1 - x / 3 - 2 * (x / 3 * y) + 2 * (x / 3) * (x / 3 + (1 - x / 3) * z)) =
    scalarResidual (1 - x / 3) (target (1 - x / 3)) (betaHigh (1 - x / 3)) (gammaHigh (1 - x / 3)) 0 0 (-y * x / 3 + 1)
      (-y * x / 3 + x * (z * (1 - x / 3) + x / 3) / 3 - x / 3 + 1)
      (-2 * y * x / 3 + 2 * x * (z * (1 - x / 3) + x / 3) / 3 - x / 3 + 1)
case e'_4
p d t : ℝ
hp0 : 2 / 3 ≤ p
hp1 : p ≤ 1
hd1 : d ≤ 1
ht0 : 0 ≤ t
htp : t ≤ p
hTd : (t + p) / 2 ≤ d
hLower : d + p - 1 ≤ (t + p) / 2
x y z : ℝ
hx0 : 0 ≤ x
hx1 : x ≤ 1
hy0 : 0 ≤ y
hy1 : y ≤ 1
hz0 : 0 ≤ z
hz1 : z ≤ 1
h : 0 ≤ highRLTarget x y z
hn :
  0 ≤
    scalarResidual (1 - x / 3) (target (1 - x / 3)) (betaHigh (1 - x / 3)) (gammaHigh (1 - x / 3)) 0 0
      (-y * (1 / 2 - x / 2) - x / 3 + 1) (-y * (1 / 2 - x / 2) + z * x ^ 2 / 9 - 2 * x / 3 + 1)
      (-2 * y * (1 / 2 - x / 2) + 2 * z * x ^ 2 / 9 - x + 1)
⊢ scalarResidual (1 - x / 3) (target (1 - x / 3)) (betaHigh (1 - x / 3)) (gammaHigh (1 - x / 3)) 0 0
      (1 - (x / 3 + ((1 - x / 3) / 2 - x / 3) * y))
      ((1 - x / 3 - 2 * (x / 3 + ((1 - x / 3) / 2 - x / 3) * y) + 2 * (x / 3) * (x / 3 * z) + (1 - x / 3)) / 2)
      (1 - x / 3 - 2 * (x / 3 + ((1 - x / 3) / 2 - x / 3) * y) + 2 * (x / 3) * (x / 3 * z)) =
    scalarResidual (1 - x / 3) (target (1 - x / 3)) (betaHigh (1 - x / 3)) (gammaHigh (1 - x / 3)) 0 0
      (-y * (1 / 2 - x / 2) - x / 3 + 1) (-y * (1 / 2 - x / 2) + z * x ^ 2 / 9 - 2 * x / 3 + 1)
      (-2 * y * (1 / 2 - x / 2) + 2 * z * x ^ 2 / 9 - x + 1)
