integer face bases [(64, 50, 15), (104, 98, 13), (68, 62, 6), (60, 60, 1), (12, 12, 1), (32, 23, 4), (52, 48, 5), (34, 30, 3), (30, 30, 1), (6, 6, 1)]
S4 slice 4: source=90 multiplicity=90
S4 slice 31: source=240 multiplicity=150
S4 slice 22: source=336 multiplicity=96
S4 slice 211: source=352 multiplicity=90
S4 slice 1111: source=112 multiplicity=22
Young slice 4: rows=24 columns=1 multiplicity=32 maxabs=24
Young slice 31: rows=6 columns=2 multiplicity=52 maxabs=6
Young slice 22: rows=4 columns=4 multiplicity=34 maxabs=8
Young slice 211: rows=2 columns=6 multiplicity=30 maxabs=2
Young slice 1111: rows=1 columns=24 multiplicity=6 maxabs=2
equations reconstructed 407 4.56
small coefficient matrix 407 12390 max 49268736 seconds 7.53
approximate minimum eigenvalues [4.759829177919526e-10, 1.6074173239811163e-09, 4.21605785476476e-09, 6.9920291297289195e-06, 2.431979031093022e-06, 3.071984386506298e-07, 5.883867092789305e-07, 1.4032565371495193e-06, 8.913980857739213e-06, 9.65371526229846e-05]
ALL coefficient equations exact 407 rank 398 common denominator digits 16 seconds 9.94
exact PSD 0 relative DD margin 0.9999989221285224 seconds 9.94
exact PSD 1 relative DD margin 0.9999974801370102 seconds 9.95
exact PSD 2 relative DD margin 0.9999985155600378 seconds 9.97
exact PSD 3 relative DD margin 0.999997788845089 seconds 9.97
exact PSD 4 relative DD margin 0.9999999047825552 seconds 9.97
exact PSD 5 relative DD margin 0.99999987030479 seconds 9.97
exact PSD 6 relative DD margin 0.9999991748592213 seconds 9.98
exact PSD 7 relative DD margin 0.9999997743153719 seconds 9.98
exact PSD 8 relative DD margin 0.9999991254732249 seconds 9.98
exact PSD 9 relative DD margin 0.9999999134040835 seconds 9.98
wrote experiments\atlas199_compact_face_candidate.json bytes 1583825 seconds 10.0
