Taeyoung\Methods\RootedSOS\CompactS4\Atlas118\Contraction.lean:20:21: warning: Used `tac1 <;> tac2` where `(tac1; tac2)` would suffice

Note: This linter can be disabled with `set_option linter.unnecessarySeqFocus false`
Taeyoung\Methods\RootedSOS\CompactS4\Atlas118\Contraction.lean:26:21: warning: Used `tac1 <;> tac2` where `(tac1; tac2)` would suffice

Note: This linter can be disabled with `set_option linter.unnecessarySeqFocus false`
Taeyoung\Methods\RootedSOS\CompactS4\Atlas118\Contraction.lean:32:21: warning: Used `tac1 <;> tac2` where `(tac1; tac2)` would suffice

Note: This linter can be disabled with `set_option linter.unnecessarySeqFocus false`
Taeyoung\Methods\RootedSOS\CompactS4\Atlas118\Contraction.lean:38:21: warning: Used `tac1 <;> tac2` where `(tac1; tac2)` would suffice

Note: This linter can be disabled with `set_option linter.unnecessarySeqFocus false`
Taeyoung\Methods\RootedSOS\CompactS4\Atlas118\Contraction.lean:44:21: warning: Used `tac1 <;> tac2` where `(tac1; tac2)` would suffice

Note: This linter can be disabled with `set_option linter.unnecessarySeqFocus false`
Taeyoung\Methods\RootedSOS\CompactS4\Atlas118\Contraction.lean:50:21: warning: Used `tac1 <;> tac2` where `(tac1; tac2)` would suffice

Note: This linter can be disabled with `set_option linter.unnecessarySeqFocus false`
Taeyoung\Methods\RootedSOS\CompactS4\Atlas118\Contraction.lean:56:21: warning: Used `tac1 <;> tac2` where `(tac1; tac2)` would suffice

Note: This linter can be disabled with `set_option linter.unnecessarySeqFocus false`
Taeyoung\Methods\RootedSOS\CompactS4\Atlas118\Contraction.lean:62:21: warning: Used `tac1 <;> tac2` where `(tac1; tac2)` would suffice

Note: This linter can be disabled with `set_option linter.unnecessarySeqFocus false`
Taeyoung\Methods\RootedSOS\CompactS4\Atlas118\Contraction.lean:68:21: warning: Used `tac1 <;> tac2` where `(tac1; tac2)` would suffice

Note: This linter can be disabled with `set_option linter.unnecessarySeqFocus false`
Taeyoung\Methods\RootedSOS\CompactS4\Atlas118\Contraction.lean:74:21: warning: Used `tac1 <;> tac2` where `(tac1; tac2)` would suffice

Note: This linter can be disabled with `set_option linter.unnecessarySeqFocus false`
Taeyoung\Methods\RootedSOS\CompactS4\Atlas118\Contraction.lean:80:21: warning: Used `tac1 <;> tac2` where `(tac1; tac2)` would suffice

Note: This linter can be disabled with `set_option linter.unnecessarySeqFocus false`
Taeyoung\Methods\RootedSOS\CompactS4\Atlas118\Contraction.lean:100:10: error: Tactic `rewrite` failed: Did not find an occurrence of the pattern
  635022438695959265280 * geometricEncoding 1270044877391918530561 4
in the target expression
  shiftedEncoding 1270044877391918530561 635022438695959265280 (List.ofFn fun j => groupTotal ↑g ↑j) =
    ↑635022438695959265280 * geometricEncoding 1270044877391918530561 4 +
      ∑ x, Sparse.pulled ⟨↑g, ⋯⟩ ⟨↑x, ⋯⟩ * rightEncoded x

g✝ : Fin 143
u : Fin 4
g : Fin 143
hoff :
  635022438695959265280 * geometricEncoding 1270044877391918530561 4 =
    1300907066918656587330794077728380750873068646131675453746682922228767288141330513920
⊢ shiftedEncoding 1270044877391918530561 635022438695959265280 (List.ofFn fun j => groupTotal ↑g ↑j) =
    ↑635022438695959265280 * geometricEncoding 1270044877391918530561 4 +
      ∑ x, Sparse.pulled ⟨↑g, ⋯⟩ ⟨↑x, ⋯⟩ * rightEncoded x

Note: The target expression is not type-correct under the `instances` transparency level, which may have triggered the failure. This is usually caused by unfolding of semireducible definitions in prior tactic steps. Use `set_option linter.tacticCheckInstances true` to investigate the source of the issue.
Full error:
  Application type mismatch: The argument
    Eq.refl true
  has type
    @Eq Bool true true
  but is expected to have type
    @Eq Bool (decide (0 < 143)) true
  in the application
    id (Eq.refl true)
'Taeyoung.Methods.RootedSOS.CompactS4.Atlas118.groupTotal_exact' depends on axioms: [propext,
 sorryAx,
 Classical.choice,
 Quot.sound]
