checking Lower.coefficientCheck_all
Taeyoung\Methods\RootedSOS\CompactS4\Atlas130\LowerCertificate.lean:13:21: warning: Used `tac1 <;> tac2` where `(tac1; tac2)` would suffice

Note: This linter can be disabled with `set_option linter.unnecessarySeqFocus false`
Taeyoung\Methods\RootedSOS\CompactS4\Atlas130\LowerCertificate.lean:19:21: warning: Used `tac1 <;> tac2` where `(tac1; tac2)` would suffice

Note: This linter can be disabled with `set_option linter.unnecessarySeqFocus false`
checking blockRight00
checking blockMatrix00
Taeyoung\Methods\RootedSOS\CompactS4\Atlas130\LowerCertificate.lean:68:2: error: `simp` made no progress
checking blockNonneg00
checking blockRight01
checking blockMatrix01
Taeyoung\Methods\RootedSOS\CompactS4\Atlas130\LowerCertificate.lean:109:2: error: `simp` made no progress
checking blockNonneg01
checking blockRight02
checking blockMatrix02
Taeyoung\Methods\RootedSOS\CompactS4\Atlas130\LowerCertificate.lean:153:2: error: `simp` made no progress
checking blockNonneg02
checking blockRight03
checking blockMatrix03
Taeyoung\Methods\RootedSOS\CompactS4\Atlas130\LowerCertificate.lean:200:2: error: `simp` made no progress
checking blockNonneg03
checking blockRight04
checking blockMatrix04
Taeyoung\Methods\RootedSOS\CompactS4\Atlas130\LowerCertificate.lean:250:2: error: `simp` made no progress
checking blockNonneg04
checking blockRight05
checking blockMatrix05
Taeyoung\Methods\RootedSOS\CompactS4\Atlas130\LowerCertificate.lean:303:2: error: `simp` made no progress
checking blockNonneg05
checking blockRight06
checking blockMatrix06
Taeyoung\Methods\RootedSOS\CompactS4\Atlas130\LowerCertificate.lean:359:2: error: `simp` made no progress
checking blockNonneg06
checking blockRight07
checking blockMatrix07
Taeyoung\Methods\RootedSOS\CompactS4\Atlas130\LowerCertificate.lean:418:2: error: `simp` made no progress
checking blockNonneg07
checking blockRight08
checking blockMatrix08
Taeyoung\Methods\RootedSOS\CompactS4\Atlas130\LowerCertificate.lean:480:2: error: `simp` made no progress
checking blockNonneg08
checking blockRight09
checking blockMatrix09
Taeyoung\Methods\RootedSOS\CompactS4\Atlas130\LowerCertificate.lean:545:2: error: `simp` made no progress
checking blockNonneg09
checking blockRight10
checking blockMatrix10
Taeyoung\Methods\RootedSOS\CompactS4\Atlas130\LowerCertificate.lean:613:2: error: `simp` made no progress
checking blockNonneg10
checking blockRight11
checking blockMatrix11
Taeyoung\Methods\RootedSOS\CompactS4\Atlas130\LowerCertificate.lean:684:2: error: `simp` made no progress
checking blockNonneg11
checking blockRight12
checking blockMatrix12
Taeyoung\Methods\RootedSOS\CompactS4\Atlas130\LowerCertificate.lean:758:2: error: `simp` made no progress
checking blockNonneg12
checking blockRight13
checking blockMatrix13
Taeyoung\Methods\RootedSOS\CompactS4\Atlas130\LowerCertificate.lean:832:2: error: `simp` made no progress
checking blockNonneg13
checking dense_nonneg
checking group_nonneg
checking coefficient_identity
checking density_eq_of_graph_eq
Taeyoung\Methods\RootedSOS\CompactS4\Atlas130\LowerCertificate.lean:910:8: warning: automatically included section variable(s) unused in theorem `_private.Taeyoung.Methods.RootedSOS.CompactS4.Atlas130.LowerCertificate.0.Taeyoung.Methods.RootedSOS.CompactS4.Atlas130.Lower.density_eq_of_graph_eq`:
  [IsProbabilityMeasure μ]
consider restructuring your `variable` declarations so that the variables are not in scope or explicitly omit them:
  omit [IsProbabilityMeasure μ] in theorem ...

Note: This linter can be disabled with `set_option linter.unusedSectionVars false`
checking interval_identity
checking lower_graphon_bound
'Taeyoung.Methods.RootedSOS.CompactS4.Atlas130.Lower.lower_graphon_bound' depends on axioms: [propext,
 sorryAx,
 Classical.choice,
 Quot.sound]
