Taeyoung\Methods\RootedSOS\PackedCoefficients.lean:22:20: error: omega could not prove the goal:
a possible counterexample may satisfy the constraints
  c ≤ -1
  b ≥ 0
  a ≥ 0
  2*a - b ≥ 0
where
 a := ↑bound
 b := ↑(code / base ^ index) % ↑base
 c := ↑code / ↑base ^ index % ↑base
Taeyoung\Methods\RootedSOS\PackedCoefficients.lean:22:20: error: omega could not prove the goal:
a possible counterexample may satisfy the constraints
  b ≥ 0
  a ≥ 0
  2*a - b ≥ 0
  2*a - c ≤ -1
where
 a := ↑bound
 b := ↑(code / base ^ index) % ↑base
 c := ↑code / ↑base ^ index % ↑base
