Taeyoung\Methods\RootedSOS\CompactS4\Sparse.lean:22:21: warning: Used `tac1 <;> tac2` where `(tac1; tac2)` would suffice

Note: This linter can be disabled with `set_option linter.unnecessarySeqFocus false`
Taeyoung\Methods\RootedSOS\CompactS4\Sparse.lean:28:21: warning: Used `tac1 <;> tac2` where `(tac1; tac2)` would suffice

Note: This linter can be disabled with `set_option linter.unnecessarySeqFocus false`
Taeyoung\Methods\RootedSOS\CompactS4\Sparse.lean:34:21: warning: Used `tac1 <;> tac2` where `(tac1; tac2)` would suffice

Note: This linter can be disabled with `set_option linter.unnecessarySeqFocus false`
Taeyoung\Methods\RootedSOS\CompactS4\Sparse.lean:40:21: warning: Used `tac1 <;> tac2` where `(tac1; tac2)` would suffice

Note: This linter can be disabled with `set_option linter.unnecessarySeqFocus false`
Taeyoung\Methods\RootedSOS\CompactS4\Sparse.lean:46:21: warning: Used `tac1 <;> tac2` where `(tac1; tac2)` would suffice

Note: This linter can be disabled with `set_option linter.unnecessarySeqFocus false`
Taeyoung\Methods\RootedSOS\CompactS4\Sparse.lean:52:21: warning: Used `tac1 <;> tac2` where `(tac1; tac2)` would suffice

Note: This linter can be disabled with `set_option linter.unnecessarySeqFocus false`
Taeyoung\Methods\RootedSOS\CompactS4\Sparse.lean:58:21: warning: Used `tac1 <;> tac2` where `(tac1; tac2)` would suffice

Note: This linter can be disabled with `set_option linter.unnecessarySeqFocus false`
Taeyoung\Methods\RootedSOS\CompactS4\Sparse.lean:64:21: warning: Used `tac1 <;> tac2` where `(tac1; tac2)` would suffice

Note: This linter can be disabled with `set_option linter.unnecessarySeqFocus false`
Taeyoung\Methods\RootedSOS\CompactS4\Sparse.lean:70:21: warning: Used `tac1 <;> tac2` where `(tac1; tac2)` would suffice

Note: This linter can be disabled with `set_option linter.unnecessarySeqFocus false`
Taeyoung\Methods\RootedSOS\CompactS4\Sparse.lean:76:21: warning: Used `tac1 <;> tac2` where `(tac1; tac2)` would suffice

Note: This linter can be disabled with `set_option linter.unnecessarySeqFocus false`
Taeyoung\Methods\RootedSOS\CompactS4\Sparse.lean:82:21: warning: Used `tac1 <;> tac2` where `(tac1; tac2)` would suffice

Note: This linter can be disabled with `set_option linter.unnecessarySeqFocus false`
Taeyoung\Methods\RootedSOS\CompactS4\Sparse.lean:88:21: warning: Used `tac1 <;> tac2` where `(tac1; tac2)` would suffice

Note: This linter can be disabled with `set_option linter.unnecessarySeqFocus false`
Taeyoung\Methods\RootedSOS\CompactS4\Sparse.lean:122:2: error: Type mismatch: After simplification, term
  (column_check k).right.right
 has type
  @Eq ℤ (↑(flatCode k))
    (347184995284419152579010608988621640285959390865668050177258020656213911144921270691292057289534798035430816543802166330100688072804082881928004452894645942632869813590577031638420356825878444106618613999556010957929901144582020745618655076144699989213335331780477915688791626158192837700732897691296813628026173725694433681621753611652857280206182452831864650984262291962108015857933847640246172336562870877459027969159565557574678897088 +
      ∑ x, rowValue (toRow ⟨k, x⟩) * 1153 ^ ↑(toRow ⟨k, x⟩).fst)
but is expected to have type
  @Eq ℤ (↑(flatCode k)) (↑576 * geometricEncoding 1153 143 + ∑ e, rowValue (toRow ⟨k, e⟩) * ↑1153 ^ ↑(toRow ⟨k, e⟩).fst)
'Taeyoung.Methods.RootedSOS.CompactS4.Sparse.contraction' depends on axioms: [propext,
 sorryAx,
 Classical.choice,
 Quot.sound]
