integer face bases [(64, 57, 29), (104, 101, 5), (68, 65, 6), (60, 60, 1), (12, 12, 1), (32, 32, 1), (52, 52, 1), (34, 34, 1), (30, 30, 1), (6, 6, 1)]
S4 slice 4: source=90 multiplicity=90
S4 slice 31: source=240 multiplicity=150
S4 slice 22: source=336 multiplicity=96
S4 slice 211: source=352 multiplicity=90
S4 slice 1111: source=112 multiplicity=22
Young slice 4: rows=24 columns=1 multiplicity=32 maxabs=24
Young slice 31: rows=6 columns=2 multiplicity=52 maxabs=6
Young slice 22: rows=4 columns=4 multiplicity=34 maxabs=8
Young slice 211: rows=2 columns=6 multiplicity=30 maxabs=2
Young slice 1111: rows=1 columns=24 multiplicity=6 maxabs=2
equations reconstructed 407 4.75
small coefficient matrix 407 13844 max 230916096 seconds 8.09
approximate minimum eigenvalues [4.086133765619682e-11, 1.0359253027194645e-09, 3.696650623608017e-09, 1.5970795041554914e-06, 5.363377630816183e-07, 1.759816861424566e-08, 6.151818528600674e-07, 3.1684539883208664e-07, 1.6045403090348821e-06, 6.561996755967955e-07]
ALL coefficient equations exact 407 rank 405 common denominator digits 18 seconds 10.75
exact PSD 0 relative DD margin 0.9999997695686373 seconds 10.77
exact PSD 1 relative DD margin 0.9999995099082511 seconds 10.78
exact PSD 2 relative DD margin 0.9999995426128899 seconds 10.8
exact PSD 3 relative DD margin 0.9999992716948658 seconds 10.81
exact PSD 4 relative DD margin 0.9999999062525282 seconds 10.81
exact PSD 5 relative DD margin 0.9999998309082799 seconds 10.81
exact PSD 6 relative DD margin 0.999999192401162 seconds 10.81
exact PSD 7 relative DD margin 0.9999995144070581 seconds 10.81
exact PSD 8 relative DD margin 0.9999993254804826 seconds 10.83
exact PSD 9 relative DD margin 0.9999999267088782 seconds 10.83
wrote experiments\atlas151_compact_lower_candidate.json bytes 1860506 seconds 10.84
