integer face bases [(64, 50, 15), (104, 98, 13), (68, 62, 6), (60, 60, 1), (12, 12, 1), (32, 23, 4), (52, 48, 5), (34, 30, 3), (30, 30, 1), (6, 6, 1)]
S4 slice 4: source=90 multiplicity=90
S4 slice 31: source=240 multiplicity=150
S4 slice 22: source=336 multiplicity=96
S4 slice 211: source=352 multiplicity=90
S4 slice 1111: source=112 multiplicity=22
Young slice 4: rows=24 columns=1 multiplicity=32 maxabs=24
Young slice 31: rows=6 columns=2 multiplicity=52 maxabs=6
Young slice 22: rows=4 columns=4 multiplicity=34 maxabs=8
Young slice 211: rows=2 columns=6 multiplicity=30 maxabs=2
Young slice 1111: rows=1 columns=24 multiplicity=6 maxabs=2
equations reconstructed 407 4.7
small coefficient matrix 407 12390 max 53747712 seconds 7.7
approximate minimum eigenvalues [6.38647628632689e-10, 1.373622181441832e-09, 1.1005800090535534e-08, 5.137472244155385e-06, 2.4448162806322094e-06, 1.8392237583727322e-08, 2.363532731272277e-08, 8.604789226687488e-08, 5.9124320889103206e-06, 3.3634940557838348e-06]
ALL coefficient equations exact 407 rank 398 common denominator digits 17 seconds 10.34
exact PSD 0 relative DD margin 0.999999692623002 seconds 10.36
exact PSD 1 relative DD margin 0.9999989603567352 seconds 10.38
exact PSD 2 relative DD margin 0.9999993876746599 seconds 10.39
exact PSD 3 relative DD margin 0.9999983763395567 seconds 10.41
exact PSD 4 relative DD margin 0.9999998414687551 seconds 10.41
exact PSD 5 relative DD margin 0.9999998825846518 seconds 10.41
exact PSD 6 relative DD margin 0.9999993856259917 seconds 10.41
exact PSD 7 relative DD margin 0.999999783812414 seconds 10.42
exact PSD 8 relative DD margin 0.999999258121359 seconds 10.42
exact PSD 9 relative DD margin 0.99999989000609 seconds 10.42
wrote experiments\atlas151_compact_upper_candidate.json bytes 1627797 seconds 10.42
