integer face bases [(64, 57, 29), (104, 101, 5), (68, 65, 6), (60, 60, 1), (12, 12, 1), (32, 32, 1), (52, 52, 1), (34, 34, 1), (30, 30, 1), (6, 6, 1)]
S4 slice 4: source=90 multiplicity=90
S4 slice 31: source=240 multiplicity=150
S4 slice 22: source=336 multiplicity=96
S4 slice 211: source=352 multiplicity=90
S4 slice 1111: source=112 multiplicity=22
Young slice 4: rows=24 columns=1 multiplicity=32 maxabs=24
Young slice 31: rows=6 columns=2 multiplicity=52 maxabs=6
Young slice 22: rows=4 columns=4 multiplicity=34 maxabs=8
Young slice 211: rows=2 columns=6 multiplicity=30 maxabs=2
Young slice 1111: rows=1 columns=24 multiplicity=6 maxabs=2
equations reconstructed 407 4.55
small coefficient matrix 407 13844 max 230916096 seconds 7.66
approximate minimum eigenvalues [1.820294513152227e-11, 4.73597281832071e-10, 1.930295819606406e-09, 7.818200933785765e-07, 2.632625714146601e-07, 7.1643771931125046e-09, 2.868106538826973e-07, 1.525346091849601e-07, 7.888263569771181e-07, 3.0805015983886893e-07]
ALL coefficient equations exact 407 rank 405 common denominator digits 18 seconds 10.31
exact PSD 0 relative DD margin 0.9999997943612515 seconds 10.31
exact PSD 1 relative DD margin 0.9999993821710762 seconds 10.34
exact PSD 2 relative DD margin 0.9999996400833134 seconds 10.34
exact PSD 3 relative DD margin 0.99999912655037 seconds 10.36
exact PSD 4 relative DD margin 0.9999999331293656 seconds 10.38
exact PSD 5 relative DD margin 0.9999998123814567 seconds 10.38
exact PSD 6 relative DD margin 0.9999992944560067 seconds 10.38
exact PSD 7 relative DD margin 0.9999995782748792 seconds 10.38
exact PSD 8 relative DD margin 0.9999993862671003 seconds 10.38
exact PSD 9 relative DD margin 0.9999999724871127 seconds 10.38
wrote experiments\atlas168_compact_lower_candidate.json bytes 1854458 seconds 10.41
