integer face bases [(64, 50, 15), (104, 98, 13), (68, 62, 6), (60, 60, 1), (12, 12, 1), (32, 23, 4), (52, 48, 5), (34, 30, 3), (30, 30, 1), (6, 6, 1)]
S4 slice 4: source=90 multiplicity=90
S4 slice 31: source=240 multiplicity=150
S4 slice 22: source=336 multiplicity=96
S4 slice 211: source=352 multiplicity=90
S4 slice 1111: source=112 multiplicity=22
Young slice 4: rows=24 columns=1 multiplicity=32 maxabs=24
Young slice 31: rows=6 columns=2 multiplicity=52 maxabs=6
Young slice 22: rows=4 columns=4 multiplicity=34 maxabs=8
Young slice 211: rows=2 columns=6 multiplicity=30 maxabs=2
Young slice 1111: rows=1 columns=24 multiplicity=6 maxabs=2
equations reconstructed 407 4.52
small coefficient matrix 407 12390 max 53747712 seconds 7.44
approximate minimum eigenvalues [1.2525710899949348e-09, 2.125294944240944e-09, 4.304192195236603e-09, 5.485146653353252e-06, 2.8600454303857104e-06, 5.194046643000718e-08, 5.1064814172202984e-08, 1.1263389593493533e-07, 7.670602191051501e-06, 2.9169302037609345e-06]
ALL coefficient equations exact 407 rank 398 common denominator digits 17 seconds 9.75
exact PSD 0 relative DD margin 0.999999726450754 seconds 9.77
exact PSD 1 relative DD margin 0.9999991115276402 seconds 9.78
exact PSD 2 relative DD margin 0.999999366696352 seconds 9.8
exact PSD 3 relative DD margin 0.9999987487286077 seconds 9.8
exact PSD 4 relative DD margin 0.9999998645818463 seconds 9.8
exact PSD 5 relative DD margin 0.9999997325275046 seconds 9.8
exact PSD 6 relative DD margin 0.9999994093264302 seconds 9.8
exact PSD 7 relative DD margin 0.9999996848663052 seconds 9.8
exact PSD 8 relative DD margin 0.9999992193590322 seconds 9.8
exact PSD 9 relative DD margin 0.9999998906575723 seconds 9.8
wrote experiments\atlas168_compact_upper_candidate.json bytes 1624037 seconds 9.81
