[OK ] (1) two-sided identity + Phi identity, exact, 6 random block graphons x m in 5..11
[OK ] (2) expansion Phi = sum_r int Pcal dmu^r (exact, m<=13) + r=1 closed form
[OK ] (3) mixture-of-diagonals identity, r=2, exact polynomial check
[OK ] (4) one-dimensional kernel form, exact via Beta integrals
[OK ] (5) rho-lemma: grouping identity (n<=41) + window/reflection on grid
[OK ] repaired r=1 proof constants, exact
[OK ] (8) Region II two-clique family: exact algebra + ratio = 9s + O(s^2)
[OK ] (11) aggregate forced-coupling lemma, exact on the two-clique family
    m=5: strip criterion verified for all 0 residual r
    m=7: strip criterion verified for all 0 residual r
    m=9: strip criterion verified for all 1 residual r
    m=11: strip criterion verified for all 1 residual r
    m=13: strip criterion verified for all 2 residual r
    m=15: strip criterion verified for all 2 residual r
    m=17: strip criterion verified for all 3 residual r
    m=19: strip criterion verified for all 3 residual r
    m=21: strip criterion verified for all 4 residual r
    m=23: strip criterion verified for all 4 residual r
    m=25: strip criterion verified for all 5 residual r
    m=27: strip criterion verified for all 5 residual r
    m=29: strip criterion verified for all 6 residual r
    m=31: strip criterion verified for all 6 residual r
    m=33: strip criterion verified for all 7 residual r
    m=35: strip criterion verified for all 7 residual r
    m=37: strip criterion verified for all 8 residual r
    m=39: strip criterion verified for all 8 residual r
    m=41: strip criterion verified for all 9 residual r
    m=43: strip criterion verified for all 9 residual r
    m=45: strip criterion verified for all 10 residual r
    m=47: strip criterion verified for all 10 residual r
    m=49: strip criterion verified for all 11 residual r
    m=51: strip criterion verified for all 11 residual r
    m=53: strip criterion verified for all 12 residual r
    m=55: strip criterion verified for all 12 residual r
    m=57: strip criterion verified for all 13 residual r
    m=59: strip criterion verified for all 13 residual r
    m=61: strip criterion verified for all 14 residual r
[OK ] exact strip-criterion interval verification, 5 <= m <= 61

All 9 checks passed.
