Taeyoung\Methods\RootedSOS\Atlas43Flags.lean:99:0: warning: automatically included section variable(s) unused in theorem `Taeyoung.Methods.RootedSOS.Atlas43Flags.gluedFlagKernel_eq_rootedGluedKernel`:
  [IsProbabilityMeasure μ]
consider restructuring your `variable` declarations so that the variables are not in scope or explicitly omit them:
  omit [IsProbabilityMeasure μ] in theorem ...

Note: This linter can be disabled with `set_option linter.unusedSectionVars false`
Taeyoung\Methods\RootedSOS\Atlas43Flags.lean:125:0: warning: automatically included section variable(s) unused in theorem `Taeyoung.Methods.RootedSOS.Atlas43Flags.bernoulli_rootedFlag_product`:
  [IsProbabilityMeasure μ]
consider restructuring your `variable` declarations so that the variables are not in scope or explicitly omit them:
  omit [IsProbabilityMeasure μ] in theorem ...

Note: This linter can be disabled with `set_option linter.unusedSectionVars false`
Taeyoung\Methods\RootedSOS\Atlas43Flags.lean:150:0: warning: automatically included section variable(s) unused in theorem `Taeyoung.Methods.RootedSOS.Atlas43Flags.conditional_gram₀_nonneg`:
  [IsProbabilityMeasure μ]
consider restructuring your `variable` declarations so that the variables are not in scope or explicitly omit them:
  omit [IsProbabilityMeasure μ] in theorem ...

Note: This linter can be disabled with `set_option linter.unusedSectionVars false`
Taeyoung\Methods\RootedSOS\Atlas43Flags.lean:157:0: warning: automatically included section variable(s) unused in theorem `Taeyoung.Methods.RootedSOS.Atlas43Flags.conditional_gram₁_nonneg`:
  [IsProbabilityMeasure μ]
consider restructuring your `variable` declarations so that the variables are not in scope or explicitly omit them:
  omit [IsProbabilityMeasure μ] in theorem ...

Note: This linter can be disabled with `set_option linter.unusedSectionVars false`
