integer face bases [(64, 57, 29), (104, 101, 5), (68, 65, 6), (60, 60, 1), (12, 12, 1), (32, 32, 1), (52, 52, 1), (34, 34, 1), (30, 30, 1), (6, 6, 1)]
S4 slice 4: source=90 multiplicity=90
S4 slice 31: source=240 multiplicity=150
S4 slice 22: source=336 multiplicity=96
S4 slice 211: source=352 multiplicity=90
S4 slice 1111: source=112 multiplicity=22
Young slice 4: rows=24 columns=1 multiplicity=32 maxabs=24
Young slice 31: rows=6 columns=2 multiplicity=52 maxabs=6
Young slice 22: rows=4 columns=4 multiplicity=34 maxabs=8
Young slice 211: rows=2 columns=6 multiplicity=30 maxabs=2
Young slice 1111: rows=1 columns=24 multiplicity=6 maxabs=2
equations reconstructed 407 4.55
small coefficient matrix 407 13844 max 230916096 seconds 7.72
approximate minimum eigenvalues [7.024424916740618e-11, 1.2990522171836212e-09, 5.41397566793197e-09, 1.9674724725631404e-06, 6.632872280278404e-07, 3.6942755206409316e-08, 7.188617090680029e-07, 3.7296603930962666e-07, 1.988208009747535e-06, 7.835578042744065e-07]
ALL coefficient equations exact 407 rank 405 common denominator digits 17 seconds 10.41
exact PSD 0 relative DD margin 0.9999998217486369 seconds 10.42
exact PSD 1 relative DD margin 0.9999994378643315 seconds 10.44
exact PSD 2 relative DD margin 0.9999994614579822 seconds 10.45
exact PSD 3 relative DD margin 0.9999992466707103 seconds 10.47
exact PSD 4 relative DD margin 0.9999999162024403 seconds 10.47
exact PSD 5 relative DD margin 0.999999763595044 seconds 10.47
exact PSD 6 relative DD margin 0.999999191152929 seconds 10.47
exact PSD 7 relative DD margin 0.9999996695420171 seconds 10.47
exact PSD 8 relative DD margin 0.9999994369543809 seconds 10.47
exact PSD 9 relative DD margin 0.9999999133128663 seconds 10.47
wrote experiments\atlas147_compact_lower_candidate.json bytes 1772015 seconds 10.48
