integer face bases [(64, 50, 15), (104, 98, 13), (68, 62, 6), (60, 60, 1), (12, 12, 1), (32, 23, 4), (52, 48, 5), (34, 30, 3), (30, 30, 1), (6, 6, 1)]
S4 slice 4: source=90 multiplicity=90
S4 slice 31: source=240 multiplicity=150
S4 slice 22: source=336 multiplicity=96
S4 slice 211: source=352 multiplicity=90
S4 slice 1111: source=112 multiplicity=22
Young slice 4: rows=24 columns=1 multiplicity=32 maxabs=24
Young slice 31: rows=6 columns=2 multiplicity=52 maxabs=6
Young slice 22: rows=4 columns=4 multiplicity=34 maxabs=8
Young slice 211: rows=2 columns=6 multiplicity=30 maxabs=2
Young slice 1111: rows=1 columns=24 multiplicity=6 maxabs=2
equations reconstructed 407 4.59
small coefficient matrix 407 12390 max 49268736 seconds 7.56
approximate minimum eigenvalues [7.300798205224378e-10, 2.5116538446915015e-09, 6.070996325942045e-09, 1.1320665343876968e-05, 3.8603612156025275e-06, 1.0076439030976974e-06, 1.7510843842182532e-06, 5.804214175502671e-06, 2.3133554395131728e-05, 0.00020756374688173383]
ALL coefficient equations exact 407 rank 398 common denominator digits 16 seconds 9.98
exact PSD 0 relative DD margin 0.999999666981931 seconds 9.98
exact PSD 1 relative DD margin 0.9999981008517932 seconds 10.02
exact PSD 2 relative DD margin 0.9999991463359762 seconds 10.03
exact PSD 3 relative DD margin 0.9999986311457104 seconds 10.05
exact PSD 4 relative DD margin 0.9999999179004534 seconds 10.05
exact PSD 5 relative DD margin 0.9999998591013957 seconds 10.05
exact PSD 6 relative DD margin 0.9999994469784839 seconds 10.05
exact PSD 7 relative DD margin 0.9999997835934802 seconds 10.05
exact PSD 8 relative DD margin 0.9999992927876725 seconds 10.05
exact PSD 9 relative DD margin 0.9999999251696771 seconds 10.05
wrote experiments\atlas147_compact_upper_candidate.json bytes 1563399 seconds 10.06
