Taeyoung\Methods\RootedSOS\CompactS4\Atlas130\LowerCertificate.lean:12:21: warning: Used `tac1 <;> tac2` where `(tac1; tac2)` would suffice

Note: This linter can be disabled with `set_option linter.unnecessarySeqFocus false`
Taeyoung\Methods\RootedSOS\CompactS4\Atlas130\LowerCertificate.lean:18:21: warning: Used `tac1 <;> tac2` where `(tac1; tac2)` would suffice

Note: This linter can be disabled with `set_option linter.unnecessarySeqFocus false`
Taeyoung\Methods\RootedSOS\CompactS4\Atlas130\LowerCertificate.lean:66:14: error: Tactic `rewrite` failed: Did not find an occurrence of the pattern
  right ↑(Induced.Six.blockIndex00 i j) ↑2
in the target expression
  ↑(Block00.H ↑i ↑j) * (1 - s) ^ 2 +
        ↑(Block00.H (↑i) (4 + ↑j) + Block00.H (4 + ↑i) ↑j + Block01.H ↑i ↑j) * s * (1 - s) +
      ↑(right (↑(Induced.Six.blockIndex00 i j)) 2) * s ^ 2 =
    ↑(Block00.H ↑i ↑j) * (1 - s) ^ 2 +
        (↑(Block00.H (↑i) (4 + ↑j)) + ↑(Block00.H (4 + ↑i) ↑j) + ↑(Block01.H ↑i ↑j)) * s * (1 - s) +
      ↑(Block00.H (4 + ↑i) (4 + ↑j)) * s ^ 2

i j : Fin 4
s : ℝ
h2 :
  right ↑(Induced.Six.blockIndex00 i j) ↑2 =
    if ↑2 = 0 then Block00.H ↑i ↑j
    else
      if ↑2 = 1 then Block00.H (↑i) (4 + ↑j) + Block00.H (4 + ↑i) ↑j + Block01.H ↑i ↑j else Block00.H (4 + ↑i) (4 + ↑j)
h0 : right (↑(Induced.Six.blockIndex00 i j)) 0 = Block00.H ↑i ↑j
h1 : right (↑(Induced.Six.blockIndex00 i j)) 1 = Block00.H (↑i) (4 + ↑j) + Block00.H (4 + ↑i) ↑j + Block01.H ↑i ↑j
⊢ ↑(Block00.H ↑i ↑j) * (1 - s) ^ 2 +
        ↑(Block00.H (↑i) (4 + ↑j) + Block00.H (4 + ↑i) ↑j + Block01.H ↑i ↑j) * s * (1 - s) +
      ↑(right (↑(Induced.Six.blockIndex00 i j)) 2) * s ^ 2 =
    ↑(Block00.H ↑i ↑j) * (1 - s) ^ 2 +
        (↑(Block00.H (↑i) (4 + ↑j)) + ↑(Block00.H (4 + ↑i) ↑j) + ↑(Block01.H ↑i ↑j)) * s * (1 - s) +
      ↑(Block00.H (4 + ↑i) (4 + ↑j)) * s ^ 2
Taeyoung\Methods\RootedSOS\CompactS4\Atlas130\LowerCertificate.lean:107:14: error: Tactic `rewrite` failed: Did not find an occurrence of the pattern
  right ↑(Induced.Six.blockIndex01 i j) ↑2
in the target expression
  ↑(Block02.H ↑i ↑j) * (1 - s) ^ 2 +
        ↑(Block02.H (↑i) (20 + ↑j) + Block02.H (20 + ↑i) ↑j + Block03.H ↑i ↑j) * s * (1 - s) +
      ↑(right (↑(Induced.Six.blockIndex01 i j)) 2) * s ^ 2 =
    ↑(Block02.H ↑i ↑j) * (1 - s) ^ 2 +
        (↑(Block02.H (↑i) (20 + ↑j)) + ↑(Block02.H (20 + ↑i) ↑j) + ↑(Block03.H ↑i ↑j)) * s * (1 - s) +
      ↑(Block02.H (20 + ↑i) (20 + ↑j)) * s ^ 2

i j : Fin 20
s : ℝ
h2 :
  right ↑(Induced.Six.blockIndex01 i j) ↑2 =
    if ↑2 = 0 then Block02.H ↑i ↑j
    else
      if ↑2 = 1 then Block02.H (↑i) (20 + ↑j) + Block02.H (20 + ↑i) ↑j + Block03.H ↑i ↑j
      else Block02.H (20 + ↑i) (20 + ↑j)
h0 : right (↑(Induced.Six.blockIndex01 i j)) 0 = Block02.H ↑i ↑j
h1 : right (↑(Induced.Six.blockIndex01 i j)) 1 = Block02.H (↑i) (20 + ↑j) + Block02.H (20 + ↑i) ↑j + Block03.H ↑i ↑j
⊢ ↑(Block02.H ↑i ↑j) * (1 - s) ^ 2 +
        ↑(Block02.H (↑i) (20 + ↑j) + Block02.H (20 + ↑i) ↑j + Block03.H ↑i ↑j) * s * (1 - s) +
      ↑(right (↑(Induced.Six.blockIndex01 i j)) 2) * s ^ 2 =
    ↑(Block02.H ↑i ↑j) * (1 - s) ^ 2 +
        (↑(Block02.H (↑i) (20 + ↑j)) + ↑(Block02.H (20 + ↑i) ↑j) + ↑(Block03.H ↑i ↑j)) * s * (1 - s) +
      ↑(Block02.H (20 + ↑i) (20 + ↑j)) * s ^ 2
Taeyoung\Methods\RootedSOS\CompactS4\Atlas130\LowerCertificate.lean:151:14: error: Tactic `rewrite` failed: Did not find an occurrence of the pattern
  right ↑(Induced.Six.blockIndex02 i j) ↑2
in the target expression
  ↑(Block04.H ↑i ↑j) * (1 - s) ^ 2 +
        ↑(Block04.H (↑i) (20 + ↑j) + Block04.H (20 + ↑i) ↑j + Block05.H ↑i ↑j) * s * (1 - s) +
      ↑(right (↑(Induced.Six.blockIndex02 i j)) 2) * s ^ 2 =
    ↑(Block04.H ↑i ↑j) * (1 - s) ^ 2 +
        (↑(Block04.H (↑i) (20 + ↑j)) + ↑(Block04.H (20 + ↑i) ↑j) + ↑(Block05.H ↑i ↑j)) * s * (1 - s) +
      ↑(Block04.H (20 + ↑i) (20 + ↑j)) * s ^ 2

i j : Fin 20
s : ℝ
h2 :
  right ↑(Induced.Six.blockIndex02 i j) ↑2 =
    if ↑2 = 0 then Block04.H ↑i ↑j
    else
      if ↑2 = 1 then Block04.H (↑i) (20 + ↑j) + Block04.H (20 + ↑i) ↑j + Block05.H ↑i ↑j
      else Block04.H (20 + ↑i) (20 + ↑j)
h0 : right (↑(Induced.Six.blockIndex02 i j)) 0 = Block04.H ↑i ↑j
h1 : right (↑(Induced.Six.blockIndex02 i j)) 1 = Block04.H (↑i) (20 + ↑j) + Block04.H (20 + ↑i) ↑j + Block05.H ↑i ↑j
⊢ ↑(Block04.H ↑i ↑j) * (1 - s) ^ 2 +
        ↑(Block04.H (↑i) (20 + ↑j) + Block04.H (20 + ↑i) ↑j + Block05.H ↑i ↑j) * s * (1 - s) +
      ↑(right (↑(Induced.Six.blockIndex02 i j)) 2) * s ^ 2 =
    ↑(Block04.H ↑i ↑j) * (1 - s) ^ 2 +
        (↑(Block04.H (↑i) (20 + ↑j)) + ↑(Block04.H (20 + ↑i) ↑j) + ↑(Block05.H ↑i ↑j)) * s * (1 - s) +
      ↑(Block04.H (20 + ↑i) (20 + ↑j)) * s ^ 2
Taeyoung\Methods\RootedSOS\CompactS4\Atlas130\LowerCertificate.lean:198:14: error: Tactic `rewrite` failed: Did not find an occurrence of the pattern
  right ↑(Induced.Six.blockIndex03 i j) ↑2
in the target expression
  ↑(Block06.H ↑i ↑j) * (1 - s) ^ 2 +
        ↑(Block06.H (↑i) (16 + ↑j) + Block06.H (16 + ↑i) ↑j + Block07.H ↑i ↑j) * s * (1 - s) +
      ↑(right (↑(Induced.Six.blockIndex03 i j)) 2) * s ^ 2 =
    ↑(Block06.H ↑i ↑j) * (1 - s) ^ 2 +
        (↑(Block06.H (↑i) (16 + ↑j)) + ↑(Block06.H (16 + ↑i) ↑j) + ↑(Block07.H ↑i ↑j)) * s * (1 - s) +
      ↑(Block06.H (16 + ↑i) (16 + ↑j)) * s ^ 2

i j : Fin 16
s : ℝ
h2 :
  right ↑(Induced.Six.blockIndex03 i j) ↑2 =
    if ↑2 = 0 then Block06.H ↑i ↑j
    else
      if ↑2 = 1 then Block06.H (↑i) (16 + ↑j) + Block06.H (16 + ↑i) ↑j + Block07.H ↑i ↑j
      else Block06.H (16 + ↑i) (16 + ↑j)
h0 : right (↑(Induced.Six.blockIndex03 i j)) 0 = Block06.H ↑i ↑j
h1 : right (↑(Induced.Six.blockIndex03 i j)) 1 = Block06.H (↑i) (16 + ↑j) + Block06.H (16 + ↑i) ↑j + Block07.H ↑i ↑j
⊢ ↑(Block06.H ↑i ↑j) * (1 - s) ^ 2 +
        ↑(Block06.H (↑i) (16 + ↑j) + Block06.H (16 + ↑i) ↑j + Block07.H ↑i ↑j) * s * (1 - s) +
      ↑(right (↑(Induced.Six.blockIndex03 i j)) 2) * s ^ 2 =
    ↑(Block06.H ↑i ↑j) * (1 - s) ^ 2 +
        (↑(Block06.H (↑i) (16 + ↑j)) + ↑(Block06.H (16 + ↑i) ↑j) + ↑(Block07.H ↑i ↑j)) * s * (1 - s) +
      ↑(Block06.H (16 + ↑i) (16 + ↑j)) * s ^ 2
Taeyoung\Methods\RootedSOS\CompactS4\Atlas130\LowerCertificate.lean:248:14: error: Tactic `rewrite` failed: Did not find an occurrence of the pattern
  right ↑(Induced.Six.blockIndex04 i j) ↑2
in the target expression
  ↑(Block08.H ↑i ↑j) * (1 - s) ^ 2 +
        ↑(Block08.H (↑i) (16 + ↑j) + Block08.H (16 + ↑i) ↑j + Block09.H ↑i ↑j) * s * (1 - s) +
      ↑(right (↑(Induced.Six.blockIndex04 i j)) 2) * s ^ 2 =
    ↑(Block08.H ↑i ↑j) * (1 - s) ^ 2 +
        (↑(Block08.H (↑i) (16 + ↑j)) + ↑(Block08.H (16 + ↑i) ↑j) + ↑(Block09.H ↑i ↑j)) * s * (1 - s) +
      ↑(Block08.H (16 + ↑i) (16 + ↑j)) * s ^ 2

i j : Fin 16
s : ℝ
h2 :
  right ↑(Induced.Six.blockIndex04 i j) ↑2 =
    if ↑2 = 0 then Block08.H ↑i ↑j
    else
      if ↑2 = 1 then Block08.H (↑i) (16 + ↑j) + Block08.H (16 + ↑i) ↑j + Block09.H ↑i ↑j
      else Block08.H (16 + ↑i) (16 + ↑j)
h0 : right (↑(Induced.Six.blockIndex04 i j)) 0 = Block08.H ↑i ↑j
h1 : right (↑(Induced.Six.blockIndex04 i j)) 1 = Block08.H (↑i) (16 + ↑j) + Block08.H (16 + ↑i) ↑j + Block09.H ↑i ↑j
⊢ ↑(Block08.H ↑i ↑j) * (1 - s) ^ 2 +
        ↑(Block08.H (↑i) (16 + ↑j) + Block08.H (16 + ↑i) ↑j + Block09.H ↑i ↑j) * s * (1 - s) +
      ↑(right (↑(Induced.Six.blockIndex04 i j)) 2) * s ^ 2 =
    ↑(Block08.H ↑i ↑j) * (1 - s) ^ 2 +
        (↑(Block08.H (↑i) (16 + ↑j)) + ↑(Block08.H (16 + ↑i) ↑j) + ↑(Block09.H ↑i ↑j)) * s * (1 - s) +
      ↑(Block08.H (16 + ↑i) (16 + ↑j)) * s ^ 2
Taeyoung\Methods\RootedSOS\CompactS4\Atlas130\LowerCertificate.lean:301:14: error: Tactic `rewrite` failed: Did not find an occurrence of the pattern
  right ↑(Induced.Six.blockIndex05 i j) ↑2
in the target expression
  ↑(Block10.H ↑i ↑j) * (1 - s) ^ 2 +
        ↑(Block10.H (↑i) (16 + ↑j) + Block10.H (16 + ↑i) ↑j + Block11.H ↑i ↑j) * s * (1 - s) +
      ↑(right (↑(Induced.Six.blockIndex05 i j)) 2) * s ^ 2 =
    ↑(Block10.H ↑i ↑j) * (1 - s) ^ 2 +
        (↑(Block10.H (↑i) (16 + ↑j)) + ↑(Block10.H (16 + ↑i) ↑j) + ↑(Block11.H ↑i ↑j)) * s * (1 - s) +
      ↑(Block10.H (16 + ↑i) (16 + ↑j)) * s ^ 2

i j : Fin 16
s : ℝ
h2 :
  right ↑(Induced.Six.blockIndex05 i j) ↑2 =
    if ↑2 = 0 then Block10.H ↑i ↑j
    else
      if ↑2 = 1 then Block10.H (↑i) (16 + ↑j) + Block10.H (16 + ↑i) ↑j + Block11.H ↑i ↑j
      else Block10.H (16 + ↑i) (16 + ↑j)
h0 : right (↑(Induced.Six.blockIndex05 i j)) 0 = Block10.H ↑i ↑j
h1 : right (↑(Induced.Six.blockIndex05 i j)) 1 = Block10.H (↑i) (16 + ↑j) + Block10.H (16 + ↑i) ↑j + Block11.H ↑i ↑j
⊢ ↑(Block10.H ↑i ↑j) * (1 - s) ^ 2 +
        ↑(Block10.H (↑i) (16 + ↑j) + Block10.H (16 + ↑i) ↑j + Block11.H ↑i ↑j) * s * (1 - s) +
      ↑(right (↑(Induced.Six.blockIndex05 i j)) 2) * s ^ 2 =
    ↑(Block10.H ↑i ↑j) * (1 - s) ^ 2 +
        (↑(Block10.H (↑i) (16 + ↑j)) + ↑(Block10.H (16 + ↑i) ↑j) + ↑(Block11.H ↑i ↑j)) * s * (1 - s) +
      ↑(Block10.H (16 + ↑i) (16 + ↑j)) * s ^ 2
Taeyoung\Methods\RootedSOS\CompactS4\Atlas130\LowerCertificate.lean:357:14: error: Tactic `rewrite` failed: Did not find an occurrence of the pattern
  right ↑(Induced.Six.blockIndex06 i j) ↑2
in the target expression
  ↑(Block12.H ↑i ↑j) * (1 - s) ^ 2 +
        ↑(Block12.H (↑i) (16 + ↑j) + Block12.H (16 + ↑i) ↑j + Block13.H ↑i ↑j) * s * (1 - s) +
      ↑(right (↑(Induced.Six.blockIndex06 i j)) 2) * s ^ 2 =
    ↑(Block12.H ↑i ↑j) * (1 - s) ^ 2 +
        (↑(Block12.H (↑i) (16 + ↑j)) + ↑(Block12.H (16 + ↑i) ↑j) + ↑(Block13.H ↑i ↑j)) * s * (1 - s) +
      ↑(Block12.H (16 + ↑i) (16 + ↑j)) * s ^ 2

i j : Fin 16
s : ℝ
h2 :
  right ↑(Induced.Six.blockIndex06 i j) ↑2 =
    if ↑2 = 0 then Block12.H ↑i ↑j
    else
      if ↑2 = 1 then Block12.H (↑i) (16 + ↑j) + Block12.H (16 + ↑i) ↑j + Block13.H ↑i ↑j
      else Block12.H (16 + ↑i) (16 + ↑j)
h0 : right (↑(Induced.Six.blockIndex06 i j)) 0 = Block12.H ↑i ↑j
h1 : right (↑(Induced.Six.blockIndex06 i j)) 1 = Block12.H (↑i) (16 + ↑j) + Block12.H (16 + ↑i) ↑j + Block13.H ↑i ↑j
⊢ ↑(Block12.H ↑i ↑j) * (1 - s) ^ 2 +
        ↑(Block12.H (↑i) (16 + ↑j) + Block12.H (16 + ↑i) ↑j + Block13.H ↑i ↑j) * s * (1 - s) +
      ↑(right (↑(Induced.Six.blockIndex06 i j)) 2) * s ^ 2 =
    ↑(Block12.H ↑i ↑j) * (1 - s) ^ 2 +
        (↑(Block12.H (↑i) (16 + ↑j)) + ↑(Block12.H (16 + ↑i) ↑j) + ↑(Block13.H ↑i ↑j)) * s * (1 - s) +
      ↑(Block12.H (16 + ↑i) (16 + ↑j)) * s ^ 2
Taeyoung\Methods\RootedSOS\CompactS4\Atlas130\LowerCertificate.lean:416:14: error: Tactic `rewrite` failed: Did not find an occurrence of the pattern
  right ↑(Induced.Six.blockIndex07 i j) ↑2
in the target expression
  ↑(Block14.H ↑i ↑j) * (1 - s) ^ 2 +
        ↑(Block14.H (↑i) (16 + ↑j) + Block14.H (16 + ↑i) ↑j + Block15.H ↑i ↑j) * s * (1 - s) +
      ↑(right (↑(Induced.Six.blockIndex07 i j)) 2) * s ^ 2 =
    ↑(Block14.H ↑i ↑j) * (1 - s) ^ 2 +
        (↑(Block14.H (↑i) (16 + ↑j)) + ↑(Block14.H (16 + ↑i) ↑j) + ↑(Block15.H ↑i ↑j)) * s * (1 - s) +
      ↑(Block14.H (16 + ↑i) (16 + ↑j)) * s ^ 2

i j : Fin 16
s : ℝ
h2 :
  right ↑(Induced.Six.blockIndex07 i j) ↑2 =
    if ↑2 = 0 then Block14.H ↑i ↑j
    else
      if ↑2 = 1 then Block14.H (↑i) (16 + ↑j) + Block14.H (16 + ↑i) ↑j + Block15.H ↑i ↑j
      else Block14.H (16 + ↑i) (16 + ↑j)
h0 : right (↑(Induced.Six.blockIndex07 i j)) 0 = Block14.H ↑i ↑j
h1 : right (↑(Induced.Six.blockIndex07 i j)) 1 = Block14.H (↑i) (16 + ↑j) + Block14.H (16 + ↑i) ↑j + Block15.H ↑i ↑j
⊢ ↑(Block14.H ↑i ↑j) * (1 - s) ^ 2 +
        ↑(Block14.H (↑i) (16 + ↑j) + Block14.H (16 + ↑i) ↑j + Block15.H ↑i ↑j) * s * (1 - s) +
      ↑(right (↑(Induced.Six.blockIndex07 i j)) 2) * s ^ 2 =
    ↑(Block14.H ↑i ↑j) * (1 - s) ^ 2 +
        (↑(Block14.H (↑i) (16 + ↑j)) + ↑(Block14.H (16 + ↑i) ↑j) + ↑(Block15.H ↑i ↑j)) * s * (1 - s) +
      ↑(Block14.H (16 + ↑i) (16 + ↑j)) * s ^ 2
Taeyoung\Methods\RootedSOS\CompactS4\Atlas130\LowerCertificate.lean:478:14: error: Tactic `rewrite` failed: Did not find an occurrence of the pattern
  right ↑(Induced.Six.blockIndex08 i j) ↑2
in the target expression
  ↑(Block16.H ↑i ↑j) * (1 - s) ^ 2 +
        ↑(Block16.H (↑i) (16 + ↑j) + Block16.H (16 + ↑i) ↑j + Block17.H ↑i ↑j) * s * (1 - s) +
      ↑(right (↑(Induced.Six.blockIndex08 i j)) 2) * s ^ 2 =
    ↑(Block16.H ↑i ↑j) * (1 - s) ^ 2 +
        (↑(Block16.H (↑i) (16 + ↑j)) + ↑(Block16.H (16 + ↑i) ↑j) + ↑(Block17.H ↑i ↑j)) * s * (1 - s) +
      ↑(Block16.H (16 + ↑i) (16 + ↑j)) * s ^ 2

i j : Fin 16
s : ℝ
h2 :
  right ↑(Induced.Six.blockIndex08 i j) ↑2 =
    if ↑2 = 0 then Block16.H ↑i ↑j
    else
      if ↑2 = 1 then Block16.H (↑i) (16 + ↑j) + Block16.H (16 + ↑i) ↑j + Block17.H ↑i ↑j
      else Block16.H (16 + ↑i) (16 + ↑j)
h0 : right (↑(Induced.Six.blockIndex08 i j)) 0 = Block16.H ↑i ↑j
h1 : right (↑(Induced.Six.blockIndex08 i j)) 1 = Block16.H (↑i) (16 + ↑j) + Block16.H (16 + ↑i) ↑j + Block17.H ↑i ↑j
⊢ ↑(Block16.H ↑i ↑j) * (1 - s) ^ 2 +
        ↑(Block16.H (↑i) (16 + ↑j) + Block16.H (16 + ↑i) ↑j + Block17.H ↑i ↑j) * s * (1 - s) +
      ↑(right (↑(Induced.Six.blockIndex08 i j)) 2) * s ^ 2 =
    ↑(Block16.H ↑i ↑j) * (1 - s) ^ 2 +
        (↑(Block16.H (↑i) (16 + ↑j)) + ↑(Block16.H (16 + ↑i) ↑j) + ↑(Block17.H ↑i ↑j)) * s * (1 - s) +
      ↑(Block16.H (16 + ↑i) (16 + ↑j)) * s ^ 2
Taeyoung\Methods\RootedSOS\CompactS4\Atlas130\LowerCertificate.lean:543:14: error: Tactic `rewrite` failed: Did not find an occurrence of the pattern
  right ↑(Induced.Six.blockIndex09 i j) ↑2
in the target expression
  ↑(Block18.H ↑i ↑j) * (1 - s) ^ 2 +
        ↑(Block18.H (↑i) (16 + ↑j) + Block18.H (16 + ↑i) ↑j + Block19.H ↑i ↑j) * s * (1 - s) +
      ↑(right (↑(Induced.Six.blockIndex09 i j)) 2) * s ^ 2 =
    ↑(Block18.H ↑i ↑j) * (1 - s) ^ 2 +
        (↑(Block18.H (↑i) (16 + ↑j)) + ↑(Block18.H (16 + ↑i) ↑j) + ↑(Block19.H ↑i ↑j)) * s * (1 - s) +
      ↑(Block18.H (16 + ↑i) (16 + ↑j)) * s ^ 2

i j : Fin 16
s : ℝ
h2 :
  right ↑(Induced.Six.blockIndex09 i j) ↑2 =
    if ↑2 = 0 then Block18.H ↑i ↑j
    else
      if ↑2 = 1 then Block18.H (↑i) (16 + ↑j) + Block18.H (16 + ↑i) ↑j + Block19.H ↑i ↑j
      else Block18.H (16 + ↑i) (16 + ↑j)
h0 : right (↑(Induced.Six.blockIndex09 i j)) 0 = Block18.H ↑i ↑j
h1 : right (↑(Induced.Six.blockIndex09 i j)) 1 = Block18.H (↑i) (16 + ↑j) + Block18.H (16 + ↑i) ↑j + Block19.H ↑i ↑j
⊢ ↑(Block18.H ↑i ↑j) * (1 - s) ^ 2 +
        ↑(Block18.H (↑i) (16 + ↑j) + Block18.H (16 + ↑i) ↑j + Block19.H ↑i ↑j) * s * (1 - s) +
      ↑(right (↑(Induced.Six.blockIndex09 i j)) 2) * s ^ 2 =
    ↑(Block18.H ↑i ↑j) * (1 - s) ^ 2 +
        (↑(Block18.H (↑i) (16 + ↑j)) + ↑(Block18.H (16 + ↑i) ↑j) + ↑(Block19.H ↑i ↑j)) * s * (1 - s) +
      ↑(Block18.H (16 + ↑i) (16 + ↑j)) * s ^ 2
Taeyoung\Methods\RootedSOS\CompactS4\Atlas130\LowerCertificate.lean:611:14: error: Tactic `rewrite` failed: Did not find an occurrence of the pattern
  right ↑(Induced.Six.blockIndex10 i j) ↑2
in the target expression
  ↑(Block20.H ↑i ↑j) * (1 - s) ^ 2 +
        ↑(Block20.H (↑i) (16 + ↑j) + Block20.H (16 + ↑i) ↑j + Block21.H ↑i ↑j) * s * (1 - s) +
      ↑(right (↑(Induced.Six.blockIndex10 i j)) 2) * s ^ 2 =
    ↑(Block20.H ↑i ↑j) * (1 - s) ^ 2 +
        (↑(Block20.H (↑i) (16 + ↑j)) + ↑(Block20.H (16 + ↑i) ↑j) + ↑(Block21.H ↑i ↑j)) * s * (1 - s) +
      ↑(Block20.H (16 + ↑i) (16 + ↑j)) * s ^ 2

i j : Fin 16
s : ℝ
h2 :
  right ↑(Induced.Six.blockIndex10 i j) ↑2 =
    if ↑2 = 0 then Block20.H ↑i ↑j
    else
      if ↑2 = 1 then Block20.H (↑i) (16 + ↑j) + Block20.H (16 + ↑i) ↑j + Block21.H ↑i ↑j
      else Block20.H (16 + ↑i) (16 + ↑j)
h0 : right (↑(Induced.Six.blockIndex10 i j)) 0 = Block20.H ↑i ↑j
h1 : right (↑(Induced.Six.blockIndex10 i j)) 1 = Block20.H (↑i) (16 + ↑j) + Block20.H (16 + ↑i) ↑j + Block21.H ↑i ↑j
⊢ ↑(Block20.H ↑i ↑j) * (1 - s) ^ 2 +
        ↑(Block20.H (↑i) (16 + ↑j) + Block20.H (16 + ↑i) ↑j + Block21.H ↑i ↑j) * s * (1 - s) +
      ↑(right (↑(Induced.Six.blockIndex10 i j)) 2) * s ^ 2 =
    ↑(Block20.H ↑i ↑j) * (1 - s) ^ 2 +
        (↑(Block20.H (↑i) (16 + ↑j)) + ↑(Block20.H (16 + ↑i) ↑j) + ↑(Block21.H ↑i ↑j)) * s * (1 - s) +
      ↑(Block20.H (16 + ↑i) (16 + ↑j)) * s ^ 2
Taeyoung\Methods\RootedSOS\CompactS4\Atlas130\LowerCertificate.lean:682:14: error: Tactic `rewrite` failed: Did not find an occurrence of the pattern
  right ↑(Induced.Six.blockIndex11 i j) ↑2
in the target expression
  ↑(Block22.H ↑i ↑j) * (1 - s) ^ 2 +
        ↑(Block22.H (↑i) (16 + ↑j) + Block22.H (16 + ↑i) ↑j + Block23.H ↑i ↑j) * s * (1 - s) +
      ↑(right (↑(Induced.Six.blockIndex11 i j)) 2) * s ^ 2 =
    ↑(Block22.H ↑i ↑j) * (1 - s) ^ 2 +
        (↑(Block22.H (↑i) (16 + ↑j)) + ↑(Block22.H (16 + ↑i) ↑j) + ↑(Block23.H ↑i ↑j)) * s * (1 - s) +
      ↑(Block22.H (16 + ↑i) (16 + ↑j)) * s ^ 2

i j : Fin 16
s : ℝ
h2 :
  right ↑(Induced.Six.blockIndex11 i j) ↑2 =
    if ↑2 = 0 then Block22.H ↑i ↑j
    else
      if ↑2 = 1 then Block22.H (↑i) (16 + ↑j) + Block22.H (16 + ↑i) ↑j + Block23.H ↑i ↑j
      else Block22.H (16 + ↑i) (16 + ↑j)
h0 : right (↑(Induced.Six.blockIndex11 i j)) 0 = Block22.H ↑i ↑j
h1 : right (↑(Induced.Six.blockIndex11 i j)) 1 = Block22.H (↑i) (16 + ↑j) + Block22.H (16 + ↑i) ↑j + Block23.H ↑i ↑j
⊢ ↑(Block22.H ↑i ↑j) * (1 - s) ^ 2 +
        ↑(Block22.H (↑i) (16 + ↑j) + Block22.H (16 + ↑i) ↑j + Block23.H ↑i ↑j) * s * (1 - s) +
      ↑(right (↑(Induced.Six.blockIndex11 i j)) 2) * s ^ 2 =
    ↑(Block22.H ↑i ↑j) * (1 - s) ^ 2 +
        (↑(Block22.H (↑i) (16 + ↑j)) + ↑(Block22.H (16 + ↑i) ↑j) + ↑(Block23.H ↑i ↑j)) * s * (1 - s) +
      ↑(Block22.H (16 + ↑i) (16 + ↑j)) * s ^ 2
Taeyoung\Methods\RootedSOS\CompactS4\Atlas130\LowerCertificate.lean:756:14: error: Tactic `rewrite` failed: Did not find an occurrence of the pattern
  right ↑(Induced.Six.blockIndex12 i j) ↑2
in the target expression
  ↑(Block24.H ↑i ↑j) * (1 - s) ^ 2 +
        ↑(Block24.H (↑i) (16 + ↑j) + Block24.H (16 + ↑i) ↑j + Block25.H ↑i ↑j) * s * (1 - s) +
      ↑(right (↑(Induced.Six.blockIndex12 i j)) 2) * s ^ 2 =
    ↑(Block24.H ↑i ↑j) * (1 - s) ^ 2 +
        (↑(Block24.H (↑i) (16 + ↑j)) + ↑(Block24.H (16 + ↑i) ↑j) + ↑(Block25.H ↑i ↑j)) * s * (1 - s) +
      ↑(Block24.H (16 + ↑i) (16 + ↑j)) * s ^ 2

i j : Fin 16
s : ℝ
h2 :
  right ↑(Induced.Six.blockIndex12 i j) ↑2 =
    if ↑2 = 0 then Block24.H ↑i ↑j
    else
      if ↑2 = 1 then Block24.H (↑i) (16 + ↑j) + Block24.H (16 + ↑i) ↑j + Block25.H ↑i ↑j
      else Block24.H (16 + ↑i) (16 + ↑j)
h0 : right (↑(Induced.Six.blockIndex12 i j)) 0 = Block24.H ↑i ↑j
h1 : right (↑(Induced.Six.blockIndex12 i j)) 1 = Block24.H (↑i) (16 + ↑j) + Block24.H (16 + ↑i) ↑j + Block25.H ↑i ↑j
⊢ ↑(Block24.H ↑i ↑j) * (1 - s) ^ 2 +
        ↑(Block24.H (↑i) (16 + ↑j) + Block24.H (16 + ↑i) ↑j + Block25.H ↑i ↑j) * s * (1 - s) +
      ↑(right (↑(Induced.Six.blockIndex12 i j)) 2) * s ^ 2 =
    ↑(Block24.H ↑i ↑j) * (1 - s) ^ 2 +
        (↑(Block24.H (↑i) (16 + ↑j)) + ↑(Block24.H (16 + ↑i) ↑j) + ↑(Block25.H ↑i ↑j)) * s * (1 - s) +
      ↑(Block24.H (16 + ↑i) (16 + ↑j)) * s ^ 2
Taeyoung\Methods\RootedSOS\CompactS4\Atlas130\LowerCertificate.lean:830:14: error: Tactic `rewrite` failed: Did not find an occurrence of the pattern
  right ↑(Induced.Six.blockIndex13 i j) ↑2
in the target expression
  ↑(Block26.H ↑i ↑j) * (1 - s) ^ 2 +
        ↑(Block26.H (↑i) (16 + ↑j) + Block26.H (16 + ↑i) ↑j + Block27.H ↑i ↑j) * s * (1 - s) +
      ↑(right (↑(Induced.Six.blockIndex13 i j)) 2) * s ^ 2 =
    ↑(Block26.H ↑i ↑j) * (1 - s) ^ 2 +
        (↑(Block26.H (↑i) (16 + ↑j)) + ↑(Block26.H (16 + ↑i) ↑j) + ↑(Block27.H ↑i ↑j)) * s * (1 - s) +
      ↑(Block26.H (16 + ↑i) (16 + ↑j)) * s ^ 2

i j : Fin 16
s : ℝ
h2 :
  right ↑(Induced.Six.blockIndex13 i j) ↑2 =
    if ↑2 = 0 then Block26.H ↑i ↑j
    else
      if ↑2 = 1 then Block26.H (↑i) (16 + ↑j) + Block26.H (16 + ↑i) ↑j + Block27.H ↑i ↑j
      else Block26.H (16 + ↑i) (16 + ↑j)
h0 : right (↑(Induced.Six.blockIndex13 i j)) 0 = Block26.H ↑i ↑j
h1 : right (↑(Induced.Six.blockIndex13 i j)) 1 = Block26.H (↑i) (16 + ↑j) + Block26.H (16 + ↑i) ↑j + Block27.H ↑i ↑j
⊢ ↑(Block26.H ↑i ↑j) * (1 - s) ^ 2 +
        ↑(Block26.H (↑i) (16 + ↑j) + Block26.H (16 + ↑i) ↑j + Block27.H ↑i ↑j) * s * (1 - s) +
      ↑(right (↑(Induced.Six.blockIndex13 i j)) 2) * s ^ 2 =
    ↑(Block26.H ↑i ↑j) * (1 - s) ^ 2 +
        (↑(Block26.H (↑i) (16 + ↑j)) + ↑(Block26.H (16 + ↑i) ↑j) + ↑(Block27.H ↑i ↑j)) * s * (1 - s) +
      ↑(Block26.H (16 + ↑i) (16 + ↑j)) * s ^ 2
Taeyoung\Methods\RootedSOS\CompactS4\Atlas130\LowerCertificate.lean:872:2: error: `dsimp` made no progress
Taeyoung\Methods\RootedSOS\CompactS4\Atlas130\LowerCertificate.lean:917:4: error: Type mismatch: After simplification, term
  Eq.symm (Target.density_expansion W)
 has type
  @Eq ℝ (∑ g, ↑(Target.coefficient g) * Induced.Six.density g W) (homDensity graph130 W)
but is expected to have type
  @Eq ℝ (∑ g, ↑(Target.coefficient g) * Induced.Six.density g W) (homDensity graph130 W)
'Taeyoung.Methods.RootedSOS.CompactS4.Atlas130.Lower.lower_graphon_bound' depends on axioms: [propext,
 sorryAx,
 Classical.choice,
 Quot.sound]
