Taeyoung\Methods\RootedSOS\Induced\Relabeling.lean:14:0: warning: automatically included section variable(s) unused in theorem `Taeyoung.Methods.RootedSOS.Induced.patternWeight_sum`:
  [DecidableEq F]
  [DecidableEq U]
consider restructuring your `variable` declarations so that the variables are not in scope or explicitly omit them:
  omit [DecidableEq F] [DecidableEq U] in theorem ...

Note: This linter can be disabled with `set_option linter.unusedSectionVars false`
Taeyoung\Methods\RootedSOS\Induced\Relabeling.lean:19:0: warning: automatically included section variable(s) unused in theorem `Taeyoung.Methods.RootedSOS.Induced.patternWeight_reindex`:
  [DecidableEq E]
  [DecidableEq F]
consider restructuring your `variable` declarations so that the variables are not in scope or explicitly omit them:
  omit [DecidableEq E] [DecidableEq F] in theorem ...

Note: This linter can be disabled with `set_option linter.unusedSectionVars false`
Taeyoung\Methods\RootedSOS\Induced\Relabeling.lean:40:0: warning: automatically included section variable(s) unused in theorem `Taeyoung.Methods.RootedSOS.Induced.inducedWeight_relabel`:
  [IsProbabilityMeasure μ]
  [Fintype V]
  [DecidableEq V]
  [Fintype V']
  [DecidableEq V']
consider restructuring your `variable` declarations so that the variables are not in scope or explicitly omit them:
  omit [IsProbabilityMeasure μ] [Fintype V] [DecidableEq V] [Fintype V'] [DecidableEq V'] in theorem ...

Note: This linter can be disabled with `set_option linter.unusedSectionVars false`
